---
http_interactions:
- request:
    method: post
    uri: https://www.googleapis.com/oauth2/v3/token
    body:
      encoding: ASCII-8BIT
      string: grant_type=refresh_token&refresh_token=1%2FJQSYPa3PakyomP0CLrEkqAk7pfDc05TnamplHFcKOAo&client_id=990762037477-a6g4se6ioqnnd2fh45lq9p50sf7ovb65.apps.googleusercontent.com&client_secret=c_P30bQNTIRfdPvF7fNpDTqN
    headers:
      User-Agent:
      - Faraday v0.9.2
      Content-Type:
      - application/x-www-form-urlencoded
      Accept-Encoding:
      - gzip;q=1.0,deflate;q=0.6,identity;q=0.3
      Accept:
      - "*/*"
  response:
    status:
      code: 200
      message: OK
    headers:
      Cache-Control:
      - no-cache, no-store, max-age=0, must-revalidate
      Pragma:
      - no-cache
      Expires:
      - Mon, 01 Jan 1990 00:00:00 GMT
      Date:
      - Sat, 01 Oct 2016 03:54:20 GMT
      Vary:
      - Origin
      - X-Origin
      Content-Type:
      - application/json; charset=UTF-8
      X-Content-Type-Options:
      - nosniff
      X-Frame-Options:
      - SAMEORIGIN
      X-Xss-Protection:
      - 1; mode=block
      Server:
      - GSE
      Alt-Svc:
      - quic=":443"; ma=2592000; v="36,35,34,33,32"
      Transfer-Encoding:
      - chunked
    body:
      encoding: ASCII-8BIT
      string: |
        {
         "access_token": "ya29.CjFvA8RAuslcVWt_WO_hnsLEXvcK_fp_M2ZOmQOndeQaUgQrij-l0LqiIbgf4Fzhmh3V",
         "token_type": "Bearer",
         "expires_in": 3600
        }
    http_version: 
  recorded_at: Sat, 01 Oct 2016 03:54:20 GMT
- request:
    method: get
    uri: https://www.googleapis.com/drive/v3/files/1PtMY4QlCFZAXV3usggqwWwvOq16j2nEXjzIwop2h3EU?fields=*
    body:
      encoding: UTF-8
      string: ''
    headers:
      User-Agent:
      - |-
        unknown/0.0.0 google-api-ruby-client/0.9.11 Mac OS X/10.11.6
         (gzip)
      Accept:
      - "*/*"
      Accept-Encoding:
      - gzip,deflate
      Date:
      - Sat, 01 Oct 2016 03:54:20 GMT
      Authorization:
      - Bearer ya29.CjFvA8RAuslcVWt_WO_hnsLEXvcK_fp_M2ZOmQOndeQaUgQrij-l0LqiIbgf4Fzhmh3V
  response:
    status:
      code: 200
      message: OK
    headers:
      Expires:
      - Sat, 01 Oct 2016 03:54:20 GMT
      Date:
      - Sat, 01 Oct 2016 03:54:20 GMT
      Cache-Control:
      - private, max-age=0, must-revalidate, no-transform
      Vary:
      - Origin
      - X-Origin
      Content-Type:
      - application/json; charset=UTF-8
      Content-Encoding:
      - gzip
      X-Content-Type-Options:
      - nosniff
      X-Frame-Options:
      - SAMEORIGIN
      X-Xss-Protection:
      - 1; mode=block
      Server:
      - GSE
      Alt-Svc:
      - quic=":443"; ma=2592000; v="36,35,34,33,32"
      Transfer-Encoding:
      - chunked
    body:
      encoding: UTF-8
      string: |
        {
         "kind": "drive#file",
         "id": "1PtMY4QlCFZAXV3usggqwWwvOq16j2nEXjzIwop2h3EU",
         "name": "July Soundcheck Test",
         "mimeType": "application/vnd.google-apps.spreadsheet",
         "starred": false,
         "trashed": false,
         "explicitlyTrashed": false,
         "parents": [
          "0ABI6p3deR2aPUk9PVA"
         ],
         "spaces": [
          "drive"
         ],
         "version": "24056",
         "webViewLink": "https://docs.google.com/spreadsheets/d/1PtMY4QlCFZAXV3usggqwWwvOq16j2nEXjzIwop2h3EU/edit?usp=drivesdk",
         "iconLink": "https://ssl.gstatic.com/docs/doclist/images/icon_11_spreadsheet_list.png",
         "thumbnailLink": "https://docs.google.com/feeds/vt?gd=true&id=1PtMY4QlCFZAXV3usggqwWwvOq16j2nEXjzIwop2h3EU&v=9&s=AMedNnoAAAAAV-9PjIoFbpYyyd476fhS1Sl9jTzieDp1&sz=s220",
         "viewedByMe": true,
         "viewedByMeTime": "2016-10-01T03:51:38.679Z",
         "createdTime": "2016-10-01T02:52:53.557Z",
         "modifiedTime": "2016-10-01T03:51:38.679Z",
         "modifiedByMeTime": "2016-10-01T03:51:38.679Z",
         "owners": [
          {
           "kind": "drive#user",
           "displayName": "Ryan Norman",
           "photoLink": "https://lh4.googleusercontent.com/-unGv3RGnZcM/AAAAAAAAAAI/AAAAAAAACWk/PhBam5U_6jw/s64/photo.jpg",
           "me": true,
           "permissionId": "08937123784405563819",
           "emailAddress": "rsnorman15@gmail.com"
          }
         ],
         "lastModifyingUser": {
          "kind": "drive#user",
          "displayName": "Ryan Norman",
          "photoLink": "https://lh4.googleusercontent.com/-unGv3RGnZcM/AAAAAAAAAAI/AAAAAAAACWk/PhBam5U_6jw/s64/photo.jpg",
          "me": true,
          "permissionId": "08937123784405563819",
          "emailAddress": "rsnorman15@gmail.com"
         },
         "shared": false,
         "ownedByMe": true,
         "capabilities": {
          "canEdit": true,
          "canComment": true,
          "canShare": true,
          "canCopy": true,
          "canReadRevisions": true
         },
         "viewersCanCopyContent": true,
         "writersCanShare": true,
         "permissions": [
          {
           "kind": "drive#permission",
           "id": "08937123784405563819",
           "type": "user",
           "emailAddress": "rsnorman15@gmail.com",
           "role": "owner",
           "displayName": "Ryan Norman",
           "photoLink": "https://lh4.googleusercontent.com/-unGv3RGnZcM/AAAAAAAAAAI/AAAAAAAACWk/PhBam5U_6jw/s64/photo.jpg"
          }
         ],
         "quotaBytesUsed": "0",
         "isAppAuthorized": false
        }
    http_version: 
  recorded_at: Sat, 01 Oct 2016 03:54:20 GMT
- request:
    method: get
    uri: https://spreadsheets.google.com/feeds/worksheets/1PtMY4QlCFZAXV3usggqwWwvOq16j2nEXjzIwop2h3EU/private/full
    body:
      encoding: UTF-8
      string: ''
    headers:
      User-Agent:
      - |-
        unknown/0.0.0 google-api-ruby-client/0.9.11 Mac OS X/10.11.6
         (gzip)
      Accept:
      - "*/*"
      Accept-Encoding:
      - gzip,deflate
      Date:
      - Sat, 01 Oct 2016 03:54:20 GMT
      Authorization:
      - Bearer ya29.CjFvA8RAuslcVWt_WO_hnsLEXvcK_fp_M2ZOmQOndeQaUgQrij-l0LqiIbgf4Fzhmh3V
      Gdata-Version:
      - '3.0'
  response:
    status:
      code: 200
      message: OK
    headers:
      Content-Type:
      - application/atom+xml; charset=UTF-8; type=feed
      X-Robots-Tag:
      - noindex, nofollow, nosnippet
      Expires:
      - Sat, 01 Oct 2016 03:54:21 GMT
      Date:
      - Sat, 01 Oct 2016 03:54:21 GMT
      Cache-Control:
      - private, max-age=0, must-revalidate, no-transform
      Vary:
      - Accept, X-GData-Authorization, GData-Version
      Gdata-Version:
      - '3.0'
      Etag:
      - W/"CU4NRHk5eCt7ImA9XRFWEkQ."
      Last-Modified:
      - Sat, 01 Oct 2016 03:53:15 GMT
      Content-Encoding:
      - gzip
      P3p:
      - CP="This is not a P3P policy! See https://support.google.com/accounts/answer/151657?hl=en
        for more info."
      - CP="This is not a P3P policy! See https://support.google.com/accounts/answer/151657?hl=en
        for more info."
      X-Content-Type-Options:
      - nosniff
      X-Frame-Options:
      - SAMEORIGIN
      X-Xss-Protection:
      - 1; mode=block
      Server:
      - GSE
      Set-Cookie:
      - NID=87=LKGc-zMODE8mzUgrX5WrJ6_oTdt0bED7PBDrGenpxSPel4y6c-clCo1Rpdo7m534noSwl4WcEX8a5uqkAH8dxvcR4NaBzEqP1sPpiavjob6Mqc08-AZ188SR_01GguPj;Domain=.google.com;Path=/;Expires=Sun,
        02-Apr-2017 03:54:21 GMT;HttpOnly
      - NID=87=PASGDRx2c7iOZIDmUCWSAWb9fVcINK2Oz6vxxR9IsMlmssNQu_f9iAL5daqfy7URgYxJVO7KQRcyqJzkDSzyAyWMazSr9xcKvWT2fNow_BLMTMkR3XZtnlZe9-HGSpSc;Domain=.google.com;Path=/;Expires=Sun,
        02-Apr-2017 03:54:21 GMT;HttpOnly
      Alt-Svc:
      - quic=":443"; ma=2592000; v="36,35,34,33,32"
      Transfer-Encoding:
      - chunked
    body:
      encoding: UTF-8
      string: "<?xml version='1.0' encoding='UTF-8'?><feed xmlns='http://www.w3.org/2005/Atom'
        xmlns:openSearch='http://a9.com/-/spec/opensearch/1.1/' xmlns:gs='http://schemas.google.com/spreadsheets/2006'
        xmlns:gd='http://schemas.google.com/g/2005' gd:etag='W/&quot;CU4NRHk5eCt7ImA9XRFWEkQ.&quot;'><id>https://spreadsheets.google.com/feeds/worksheets/1PtMY4QlCFZAXV3usggqwWwvOq16j2nEXjzIwop2h3EU/private/full</id><updated>2016-10-01T03:53:15.720Z</updated><category
        scheme='http://schemas.google.com/spreadsheets/2006' term='http://schemas.google.com/spreadsheets/2006#worksheet'/><title>July
        Soundcheck Test</title><link rel='alternate' type='application/atom+xml' href='https://docs.google.com/spreadsheets/d/1PtMY4QlCFZAXV3usggqwWwvOq16j2nEXjzIwop2h3EU/edit'/><link
        rel='http://schemas.google.com/g/2005#feed' type='application/atom+xml' href='https://spreadsheets.google.com/feeds/worksheets/1PtMY4QlCFZAXV3usggqwWwvOq16j2nEXjzIwop2h3EU/private/full'/><link
        rel='http://schemas.google.com/g/2005#post' type='application/atom+xml' href='https://spreadsheets.google.com/feeds/worksheets/1PtMY4QlCFZAXV3usggqwWwvOq16j2nEXjzIwop2h3EU/private/full'/><link
        rel='self' type='application/atom+xml' href='https://spreadsheets.google.com/feeds/worksheets/1PtMY4QlCFZAXV3usggqwWwvOq16j2nEXjzIwop2h3EU/private/full'/><author><name>rsnorman15</name><email>rsnorman15@gmail.com</email></author><openSearch:totalResults>4</openSearch:totalResults><openSearch:startIndex>1</openSearch:startIndex><entry
        gd:etag='&quot;YD8OSghCRCt7Ig..&quot;'><id>https://spreadsheets.google.com/feeds/worksheets/1PtMY4QlCFZAXV3usggqwWwvOq16j2nEXjzIwop2h3EU/o5ppxw2</id><updated>2016-10-01T03:53:15.720Z</updated><app:edited
        xmlns:app='http://www.w3.org/2007/app'>2016-10-01T03:53:15.720Z</app:edited><category
        scheme='http://schemas.google.com/spreadsheets/2006' term='http://schemas.google.com/spreadsheets/2006#worksheet'/><title>July
        Soundcheck 4</title><content type='application/atom+xml;type=feed' src='https://spreadsheets.google.com/feeds/list/1PtMY4QlCFZAXV3usggqwWwvOq16j2nEXjzIwop2h3EU/o5ppxw2/private/full'/><link
        rel='http://schemas.google.com/spreadsheets/2006#cellsfeed' type='application/atom+xml'
        href='https://spreadsheets.google.com/feeds/cells/1PtMY4QlCFZAXV3usggqwWwvOq16j2nEXjzIwop2h3EU/o5ppxw2/private/full'/><link
        rel='http://schemas.google.com/visualization/2008#visualizationApi' type='application/atom+xml'
        href='https://docs.google.com/spreadsheets/d/1PtMY4QlCFZAXV3usggqwWwvOq16j2nEXjzIwop2h3EU/gviz/tq?gid=345531656'/><link
        rel='http://schemas.google.com/spreadsheets/2006#exportcsv' type='text/csv'
        href='https://docs.google.com/spreadsheets/d/1PtMY4QlCFZAXV3usggqwWwvOq16j2nEXjzIwop2h3EU/export?gid=345531656&amp;format=csv'/><link
        rel='self' type='application/atom+xml' href='https://spreadsheets.google.com/feeds/worksheets/1PtMY4QlCFZAXV3usggqwWwvOq16j2nEXjzIwop2h3EU/private/full/o5ppxw2'/><link
        rel='edit' type='application/atom+xml' href='https://spreadsheets.google.com/feeds/worksheets/1PtMY4QlCFZAXV3usggqwWwvOq16j2nEXjzIwop2h3EU/private/full/o5ppxw2'/><gs:colCount>26</gs:colCount><gs:rowCount>1012</gs:rowCount></entry><entry
        gd:etag='&quot;YD8OSghCRSt7Ig..&quot;'><id>https://spreadsheets.google.com/feeds/worksheets/1PtMY4QlCFZAXV3usggqwWwvOq16j2nEXjzIwop2h3EU/oteb6w9</id><updated>2016-10-01T03:53:15.720Z</updated><app:edited
        xmlns:app='http://www.w3.org/2007/app'>2016-10-01T03:53:15.720Z</app:edited><category
        scheme='http://schemas.google.com/spreadsheets/2006' term='http://schemas.google.com/spreadsheets/2006#worksheet'/><title>July
        Soundcheck 3</title><content type='application/atom+xml;type=feed' src='https://spreadsheets.google.com/feeds/list/1PtMY4QlCFZAXV3usggqwWwvOq16j2nEXjzIwop2h3EU/oteb6w9/private/full'/><link
        rel='http://schemas.google.com/spreadsheets/2006#cellsfeed' type='application/atom+xml'
        href='https://spreadsheets.google.com/feeds/cells/1PtMY4QlCFZAXV3usggqwWwvOq16j2nEXjzIwop2h3EU/oteb6w9/private/full'/><link
        rel='http://schemas.google.com/visualization/2008#visualizationApi' type='application/atom+xml'
        href='https://docs.google.com/spreadsheets/d/1PtMY4QlCFZAXV3usggqwWwvOq16j2nEXjzIwop2h3EU/gviz/tq?gid=1777555571'/><link
        rel='http://schemas.google.com/spreadsheets/2006#exportcsv' type='text/csv'
        href='https://docs.google.com/spreadsheets/d/1PtMY4QlCFZAXV3usggqwWwvOq16j2nEXjzIwop2h3EU/export?gid=1777555571&amp;format=csv'/><link
        rel='self' type='application/atom+xml' href='https://spreadsheets.google.com/feeds/worksheets/1PtMY4QlCFZAXV3usggqwWwvOq16j2nEXjzIwop2h3EU/private/full/oteb6w9'/><link
        rel='edit' type='application/atom+xml' href='https://spreadsheets.google.com/feeds/worksheets/1PtMY4QlCFZAXV3usggqwWwvOq16j2nEXjzIwop2h3EU/private/full/oteb6w9'/><gs:colCount>26</gs:colCount><gs:rowCount>1012</gs:rowCount></entry><entry
        gd:etag='&quot;YD8OSghBDCt7Ig..&quot;'><id>https://spreadsheets.google.com/feeds/worksheets/1PtMY4QlCFZAXV3usggqwWwvOq16j2nEXjzIwop2h3EU/od6</id><updated>2016-10-01T03:53:15.720Z</updated><app:edited
        xmlns:app='http://www.w3.org/2007/app'>2016-10-01T03:53:15.720Z</app:edited><category
        scheme='http://schemas.google.com/spreadsheets/2006' term='http://schemas.google.com/spreadsheets/2006#worksheet'/><title>July
        Soundcheck 2</title><content type='application/atom+xml;type=feed' src='https://spreadsheets.google.com/feeds/list/1PtMY4QlCFZAXV3usggqwWwvOq16j2nEXjzIwop2h3EU/od6/private/full'/><link
        rel='http://schemas.google.com/spreadsheets/2006#cellsfeed' type='application/atom+xml'
        href='https://spreadsheets.google.com/feeds/cells/1PtMY4QlCFZAXV3usggqwWwvOq16j2nEXjzIwop2h3EU/od6/private/full'/><link
        rel='http://schemas.google.com/visualization/2008#visualizationApi' type='application/atom+xml'
        href='https://docs.google.com/spreadsheets/d/1PtMY4QlCFZAXV3usggqwWwvOq16j2nEXjzIwop2h3EU/gviz/tq?gid=0'/><link
        rel='http://schemas.google.com/spreadsheets/2006#exportcsv' type='text/csv'
        href='https://docs.google.com/spreadsheets/d/1PtMY4QlCFZAXV3usggqwWwvOq16j2nEXjzIwop2h3EU/export?gid=0&amp;format=csv'/><link
        rel='self' type='application/atom+xml' href='https://spreadsheets.google.com/feeds/worksheets/1PtMY4QlCFZAXV3usggqwWwvOq16j2nEXjzIwop2h3EU/private/full/od6'/><link
        rel='edit' type='application/atom+xml' href='https://spreadsheets.google.com/feeds/worksheets/1PtMY4QlCFZAXV3usggqwWwvOq16j2nEXjzIwop2h3EU/private/full/od6'/><gs:colCount>26</gs:colCount><gs:rowCount>998</gs:rowCount></entry><entry
        gd:etag='&quot;YHsAXldDGit7Ig..&quot;'><id>https://spreadsheets.google.com/feeds/worksheets/1PtMY4QlCFZAXV3usggqwWwvOq16j2nEXjzIwop2h3EU/onblj7c</id><updated>2016-10-01T03:53:15.720Z</updated><app:edited
        xmlns:app='http://www.w3.org/2007/app'>2016-10-01T03:53:15.720Z</app:edited><category
        scheme='http://schemas.google.com/spreadsheets/2006' term='http://schemas.google.com/spreadsheets/2006#worksheet'/><title>July
        Soundcheck</title><content type='application/atom+xml;type=feed' src='https://spreadsheets.google.com/feeds/list/1PtMY4QlCFZAXV3usggqwWwvOq16j2nEXjzIwop2h3EU/onblj7c/private/full'/><link
        rel='http://schemas.google.com/spreadsheets/2006#cellsfeed' type='application/atom+xml'
        href='https://spreadsheets.google.com/feeds/cells/1PtMY4QlCFZAXV3usggqwWwvOq16j2nEXjzIwop2h3EU/onblj7c/private/full'/><link
        rel='http://schemas.google.com/visualization/2008#visualizationApi' type='application/atom+xml'
        href='https://docs.google.com/spreadsheets/d/1PtMY4QlCFZAXV3usggqwWwvOq16j2nEXjzIwop2h3EU/gviz/tq?gid=1410202274'/><link
        rel='http://schemas.google.com/spreadsheets/2006#exportcsv' type='text/csv'
        href='https://docs.google.com/spreadsheets/d/1PtMY4QlCFZAXV3usggqwWwvOq16j2nEXjzIwop2h3EU/export?gid=1410202274&amp;format=csv'/><link
        rel='self' type='application/atom+xml' href='https://spreadsheets.google.com/feeds/worksheets/1PtMY4QlCFZAXV3usggqwWwvOq16j2nEXjzIwop2h3EU/private/full/onblj7c'/><link
        rel='edit' type='application/atom+xml' href='https://spreadsheets.google.com/feeds/worksheets/1PtMY4QlCFZAXV3usggqwWwvOq16j2nEXjzIwop2h3EU/private/full/onblj7c'/><gs:colCount>26</gs:colCount><gs:rowCount>999</gs:rowCount></entry></feed>"
    http_version: 
  recorded_at: Sat, 01 Oct 2016 03:54:21 GMT
- request:
    method: get
    uri: https://spreadsheets.google.com/feeds/cells/1PtMY4QlCFZAXV3usggqwWwvOq16j2nEXjzIwop2h3EU/o5ppxw2/private/full
    body:
      encoding: UTF-8
      string: ''
    headers:
      User-Agent:
      - |-
        unknown/0.0.0 google-api-ruby-client/0.9.11 Mac OS X/10.11.6
         (gzip)
      Accept:
      - "*/*"
      Accept-Encoding:
      - gzip,deflate
      Date:
      - Sat, 01 Oct 2016 03:54:21 GMT
      Authorization:
      - Bearer ya29.CjFvA8RAuslcVWt_WO_hnsLEXvcK_fp_M2ZOmQOndeQaUgQrij-l0LqiIbgf4Fzhmh3V
      Gdata-Version:
      - '3.0'
  response:
    status:
      code: 200
      message: OK
    headers:
      Content-Type:
      - application/atom+xml; charset=UTF-8; type=feed
      X-Robots-Tag:
      - noindex, nofollow, nosnippet
      Expires:
      - Sat, 01 Oct 2016 03:54:21 GMT
      Date:
      - Sat, 01 Oct 2016 03:54:21 GMT
      Cache-Control:
      - private, max-age=0, must-revalidate, no-transform
      Vary:
      - Accept, X-GData-Authorization, GData-Version
      Gdata-Version:
      - '3.0'
      Etag:
      - W/"CU4NRHk5eCt7ImA9XRFWEkQ."
      Last-Modified:
      - Sat, 01 Oct 2016 03:53:15 GMT
      Content-Encoding:
      - gzip
      P3p:
      - CP="This is not a P3P policy! See https://support.google.com/accounts/answer/151657?hl=en
        for more info."
      - CP="This is not a P3P policy! See https://support.google.com/accounts/answer/151657?hl=en
        for more info."
      X-Content-Type-Options:
      - nosniff
      X-Frame-Options:
      - SAMEORIGIN
      X-Xss-Protection:
      - 1; mode=block
      Server:
      - GSE
      Set-Cookie:
      - NID=87=bNco7XEzCt8DgwtIpbIqefKW_iFECQvSWOF6iNu0ISIph_UOxzHITcG4M_PlZGxjVG58xT5acsqLTNK4l2pKrNDNnr3kmXAWYvY9qMIrpN5hdpm5-YVdla_qEFNJaPVM;Domain=.google.com;Path=/;Expires=Sun,
        02-Apr-2017 03:54:21 GMT;HttpOnly
      - NID=87=v4Wf-SkCG9OHDDoh5GktpN4OFVJ17Ikf2quGYZzEeWar5M_r8geguTzYt1p_GmqEY4bNBanYvev5gH9FrF1dX_ZO7SipGPUJFiOOOeD6VgqCTDB_lX1W9oGoavAJ9Hmo;Domain=.google.com;Path=/;Expires=Sun,
        02-Apr-2017 03:54:21 GMT;HttpOnly
      Alt-Svc:
      - quic=":443"; ma=2592000; v="36,35,34,33,32"
      Transfer-Encoding:
      - chunked
    body:
      encoding: UTF-8
      string: "<?xml version='1.0' encoding='UTF-8'?><feed xmlns='http://www.w3.org/2005/Atom'
        xmlns:openSearch='http://a9.com/-/spec/opensearch/1.1/' xmlns:batch='http://schemas.google.com/gdata/batch'
        xmlns:gs='http://schemas.google.com/spreadsheets/2006' xmlns:gd='http://schemas.google.com/g/2005'
        gd:etag='W/&quot;CU4NRHk5eCt7ImA9XRFWEkQ.&quot;'><id>https://spreadsheets.google.com/feeds/cells/1PtMY4QlCFZAXV3usggqwWwvOq16j2nEXjzIwop2h3EU/o5ppxw2/private/full</id><updated>2016-10-01T03:53:15.720Z</updated><category
        scheme='http://schemas.google.com/spreadsheets/2006' term='http://schemas.google.com/spreadsheets/2006#cell'/><title>July
        Soundcheck 4</title><link rel='alternate' type='application/atom+xml' href='https://docs.google.com/spreadsheets/d/1PtMY4QlCFZAXV3usggqwWwvOq16j2nEXjzIwop2h3EU/edit'/><link
        rel='http://schemas.google.com/g/2005#feed' type='application/atom+xml' href='https://spreadsheets.google.com/feeds/cells/1PtMY4QlCFZAXV3usggqwWwvOq16j2nEXjzIwop2h3EU/o5ppxw2/private/full'/><link
        rel='http://schemas.google.com/g/2005#post' type='application/atom+xml' href='https://spreadsheets.google.com/feeds/cells/1PtMY4QlCFZAXV3usggqwWwvOq16j2nEXjzIwop2h3EU/o5ppxw2/private/full'/><link
        rel='http://schemas.google.com/g/2005#batch' type='application/atom+xml' href='https://spreadsheets.google.com/feeds/cells/1PtMY4QlCFZAXV3usggqwWwvOq16j2nEXjzIwop2h3EU/o5ppxw2/private/full/batch'/><link
        rel='self' type='application/atom+xml' href='https://spreadsheets.google.com/feeds/cells/1PtMY4QlCFZAXV3usggqwWwvOq16j2nEXjzIwop2h3EU/o5ppxw2/private/full'/><author><name>rsnorman15</name><email>rsnorman15@gmail.com</email></author><openSearch:totalResults>25</openSearch:totalResults><openSearch:startIndex>1</openSearch:startIndex><gs:rowCount>1012</gs:rowCount><gs:colCount>26</gs:colCount><entry
        gd:etag='&quot;YHsCVwJHSit7Ig..&quot;'><id>https://spreadsheets.google.com/feeds/cells/1PtMY4QlCFZAXV3usggqwWwvOq16j2nEXjzIwop2h3EU/o5ppxw2/R1C1</id><updated>2016-10-01T03:53:15.720Z</updated><app:edited
        xmlns:app='http://www.w3.org/2007/app'>2016-10-01T03:53:15.720Z</app:edited><category
        scheme='http://schemas.google.com/spreadsheets/2006' term='http://schemas.google.com/spreadsheets/2006#cell'/><title>A1</title><content>Artist</content><link
        rel='self' type='application/atom+xml' href='https://spreadsheets.google.com/feeds/cells/1PtMY4QlCFZAXV3usggqwWwvOq16j2nEXjzIwop2h3EU/o5ppxw2/private/full/R1C1'/><link
        rel='edit' type='application/atom+xml' href='https://spreadsheets.google.com/feeds/cells/1PtMY4QlCFZAXV3usggqwWwvOq16j2nEXjzIwop2h3EU/o5ppxw2/private/full/R1C1'/><gs:cell
        row='1' col='1' inputValue='Artist'>Artist</gs:cell></entry><entry gd:etag='&quot;ImB-GBUBSit7&quot;'><id>https://spreadsheets.google.com/feeds/cells/1PtMY4QlCFZAXV3usggqwWwvOq16j2nEXjzIwop2h3EU/o5ppxw2/R1C2</id><updated>2016-10-01T03:53:15.720Z</updated><app:edited
        xmlns:app='http://www.w3.org/2007/app'>2016-10-01T03:53:15.720Z</app:edited><category
        scheme='http://schemas.google.com/spreadsheets/2006' term='http://schemas.google.com/spreadsheets/2006#cell'/><title>B1</title><content>Album</content><link
        rel='self' type='application/atom+xml' href='https://spreadsheets.google.com/feeds/cells/1PtMY4QlCFZAXV3usggqwWwvOq16j2nEXjzIwop2h3EU/o5ppxw2/private/full/R1C2'/><link
        rel='edit' type='application/atom+xml' href='https://spreadsheets.google.com/feeds/cells/1PtMY4QlCFZAXV3usggqwWwvOq16j2nEXjzIwop2h3EU/o5ppxw2/private/full/R1C2'/><gs:cell
        row='1' col='2' inputValue='Album'>Album</gs:cell></entry><entry gd:etag='&quot;YD0GUAZYCyt7Ig..&quot;'><id>https://spreadsheets.google.com/feeds/cells/1PtMY4QlCFZAXV3usggqwWwvOq16j2nEXjzIwop2h3EU/o5ppxw2/R1C3</id><updated>2016-10-01T03:53:15.720Z</updated><app:edited
        xmlns:app='http://www.w3.org/2007/app'>2016-10-01T03:53:15.720Z</app:edited><category
        scheme='http://schemas.google.com/spreadsheets/2006' term='http://schemas.google.com/spreadsheets/2006#cell'/><title>C1</title><content>Genre</content><link
        rel='self' type='application/atom+xml' href='https://spreadsheets.google.com/feeds/cells/1PtMY4QlCFZAXV3usggqwWwvOq16j2nEXjzIwop2h3EU/o5ppxw2/private/full/R1C3'/><link
        rel='edit' type='application/atom+xml' href='https://spreadsheets.google.com/feeds/cells/1PtMY4QlCFZAXV3usggqwWwvOq16j2nEXjzIwop2h3EU/o5ppxw2/private/full/R1C3'/><gs:cell
        row='1' col='3' inputValue='Genre'>Genre</gs:cell></entry><entry gd:etag='&quot;YDgZQ1BXHyt7Ig..&quot;'><id>https://spreadsheets.google.com/feeds/cells/1PtMY4QlCFZAXV3usggqwWwvOq16j2nEXjzIwop2h3EU/o5ppxw2/R1C4</id><updated>2016-10-01T03:53:15.720Z</updated><app:edited
        xmlns:app='http://www.w3.org/2007/app'>2016-10-01T03:53:15.720Z</app:edited><category
        scheme='http://schemas.google.com/spreadsheets/2006' term='http://schemas.google.com/spreadsheets/2006#cell'/><title>D1</title><content>Source</content><link
        rel='self' type='application/atom+xml' href='https://spreadsheets.google.com/feeds/cells/1PtMY4QlCFZAXV3usggqwWwvOq16j2nEXjzIwop2h3EU/o5ppxw2/private/full/R1C4'/><link
        rel='edit' type='application/atom+xml' href='https://spreadsheets.google.com/feeds/cells/1PtMY4QlCFZAXV3usggqwWwvOq16j2nEXjzIwop2h3EU/o5ppxw2/private/full/R1C4'/><gs:cell
        row='1' col='4' inputValue='Source'>Source</gs:cell></entry><entry gd:etag='&quot;YGMZUAAUEyt7Ig..&quot;'><id>https://spreadsheets.google.com/feeds/cells/1PtMY4QlCFZAXV3usggqwWwvOq16j2nEXjzIwop2h3EU/o5ppxw2/R1C5</id><updated>2016-10-01T03:53:15.720Z</updated><app:edited
        xmlns:app='http://www.w3.org/2007/app'>2016-10-01T03:53:15.720Z</app:edited><category
        scheme='http://schemas.google.com/spreadsheets/2006' term='http://schemas.google.com/spreadsheets/2006#cell'/><title>E1</title><content>Tweet
        Review</content><link rel='self' type='application/atom+xml' href='https://spreadsheets.google.com/feeds/cells/1PtMY4QlCFZAXV3usggqwWwvOq16j2nEXjzIwop2h3EU/o5ppxw2/private/full/R1C5'/><link
        rel='edit' type='application/atom+xml' href='https://spreadsheets.google.com/feeds/cells/1PtMY4QlCFZAXV3usggqwWwvOq16j2nEXjzIwop2h3EU/o5ppxw2/private/full/R1C5'/><gs:cell
        row='1' col='5' inputValue='Tweet Review'>Tweet Review</gs:cell></entry><entry
        gd:etag='&quot;YHoPTQhZCSt7Ig..&quot;'><id>https://spreadsheets.google.com/feeds/cells/1PtMY4QlCFZAXV3usggqwWwvOq16j2nEXjzIwop2h3EU/o5ppxw2/R1C6</id><updated>2016-10-01T03:53:15.720Z</updated><app:edited
        xmlns:app='http://www.w3.org/2007/app'>2016-10-01T03:53:15.720Z</app:edited><category
        scheme='http://schemas.google.com/spreadsheets/2006' term='http://schemas.google.com/spreadsheets/2006#cell'/><title>F1</title><content>Reviewer</content><link
        rel='self' type='application/atom+xml' href='https://spreadsheets.google.com/feeds/cells/1PtMY4QlCFZAXV3usggqwWwvOq16j2nEXjzIwop2h3EU/o5ppxw2/private/full/R1C6'/><link
        rel='edit' type='application/atom+xml' href='https://spreadsheets.google.com/feeds/cells/1PtMY4QlCFZAXV3usggqwWwvOq16j2nEXjzIwop2h3EU/o5ppxw2/private/full/R1C6'/><gs:cell
        row='1' col='6' inputValue='Reviewer'>Reviewer</gs:cell></entry><entry gd:etag='&quot;YDsRH1pOCSt7Ig..&quot;'><id>https://spreadsheets.google.com/feeds/cells/1PtMY4QlCFZAXV3usggqwWwvOq16j2nEXjzIwop2h3EU/o5ppxw2/R1C7</id><updated>2016-10-01T03:53:15.720Z</updated><app:edited
        xmlns:app='http://www.w3.org/2007/app'>2016-10-01T03:53:15.720Z</app:edited><category
        scheme='http://schemas.google.com/spreadsheets/2006' term='http://schemas.google.com/spreadsheets/2006#cell'/><title>G1</title><content>Date
        Reviewed</content><link rel='self' type='application/atom+xml' href='https://spreadsheets.google.com/feeds/cells/1PtMY4QlCFZAXV3usggqwWwvOq16j2nEXjzIwop2h3EU/o5ppxw2/private/full/R1C7'/><link
        rel='edit' type='application/atom+xml' href='https://spreadsheets.google.com/feeds/cells/1PtMY4QlCFZAXV3usggqwWwvOq16j2nEXjzIwop2h3EU/o5ppxw2/private/full/R1C7'/><gs:cell
        row='1' col='7' inputValue='Date Reviewed'>Date Reviewed</gs:cell></entry><entry
        gd:etag='&quot;ImA9Hx4HFCt7&quot;'><id>https://spreadsheets.google.com/feeds/cells/1PtMY4QlCFZAXV3usggqwWwvOq16j2nEXjzIwop2h3EU/o5ppxw2/R1C8</id><updated>2016-10-01T03:53:15.720Z</updated><app:edited
        xmlns:app='http://www.w3.org/2007/app'>2016-10-01T03:53:15.720Z</app:edited><category
        scheme='http://schemas.google.com/spreadsheets/2006' term='http://schemas.google.com/spreadsheets/2006#cell'/><title>H1</title><content>Rating
        (0-3)</content><link rel='self' type='application/atom+xml' href='https://spreadsheets.google.com/feeds/cells/1PtMY4QlCFZAXV3usggqwWwvOq16j2nEXjzIwop2h3EU/o5ppxw2/private/full/R1C8'/><link
        rel='edit' type='application/atom+xml' href='https://spreadsheets.google.com/feeds/cells/1PtMY4QlCFZAXV3usggqwWwvOq16j2nEXjzIwop2h3EU/o5ppxw2/private/full/R1C8'/><gs:cell
        row='1' col='8' inputValue='Rating (0-3)'>Rating (0-3)</gs:cell></entry><entry
        gd:etag='&quot;YD5QFRtVCyt7Ig..&quot;'><id>https://spreadsheets.google.com/feeds/cells/1PtMY4QlCFZAXV3usggqwWwvOq16j2nEXjzIwop2h3EU/o5ppxw2/R1C9</id><updated>2016-10-01T03:53:15.720Z</updated><app:edited
        xmlns:app='http://www.w3.org/2007/app'>2016-10-01T03:53:15.720Z</app:edited><category
        scheme='http://schemas.google.com/spreadsheets/2006' term='http://schemas.google.com/spreadsheets/2006#cell'/><title>I1</title><content>AOTM</content><link
        rel='self' type='application/atom+xml' href='https://spreadsheets.google.com/feeds/cells/1PtMY4QlCFZAXV3usggqwWwvOq16j2nEXjzIwop2h3EU/o5ppxw2/private/full/R1C9'/><link
        rel='edit' type='application/atom+xml' href='https://spreadsheets.google.com/feeds/cells/1PtMY4QlCFZAXV3usggqwWwvOq16j2nEXjzIwop2h3EU/o5ppxw2/private/full/R1C9'/><gs:cell
        row='1' col='9' inputValue='AOTM'>AOTM</gs:cell></entry><entry gd:etag='&quot;YD8RQlQVDit7Ig..&quot;'><id>https://spreadsheets.google.com/feeds/cells/1PtMY4QlCFZAXV3usggqwWwvOq16j2nEXjzIwop2h3EU/o5ppxw2/R1C10</id><updated>2016-10-01T03:53:15.720Z</updated><app:edited
        xmlns:app='http://www.w3.org/2007/app'>2016-10-01T03:53:15.720Z</app:edited><category
        scheme='http://schemas.google.com/spreadsheets/2006' term='http://schemas.google.com/spreadsheets/2006#cell'/><title>J1</title><content>Recommended
        to</content><link rel='self' type='application/atom+xml' href='https://spreadsheets.google.com/feeds/cells/1PtMY4QlCFZAXV3usggqwWwvOq16j2nEXjzIwop2h3EU/o5ppxw2/private/full/R1C10'/><link
        rel='edit' type='application/atom+xml' href='https://spreadsheets.google.com/feeds/cells/1PtMY4QlCFZAXV3usggqwWwvOq16j2nEXjzIwop2h3EU/o5ppxw2/private/full/R1C10'/><gs:cell
        row='1' col='10' inputValue='Recommended to'>Recommended to</gs:cell></entry><entry
        gd:etag='&quot;YDoTSVpBCyt7Ig..&quot;'><id>https://spreadsheets.google.com/feeds/cells/1PtMY4QlCFZAXV3usggqwWwvOq16j2nEXjzIwop2h3EU/o5ppxw2/R2C1</id><updated>2016-10-01T03:53:15.720Z</updated><app:edited
        xmlns:app='http://www.w3.org/2007/app'>2016-10-01T03:53:15.720Z</app:edited><category
        scheme='http://schemas.google.com/spreadsheets/2006' term='http://schemas.google.com/spreadsheets/2006#cell'/><title>A2</title><content>WU
        LYF</content><link rel='self' type='application/atom+xml' href='https://spreadsheets.google.com/feeds/cells/1PtMY4QlCFZAXV3usggqwWwvOq16j2nEXjzIwop2h3EU/o5ppxw2/private/full/R2C1'/><link
        rel='edit' type='application/atom+xml' href='https://spreadsheets.google.com/feeds/cells/1PtMY4QlCFZAXV3usggqwWwvOq16j2nEXjzIwop2h3EU/o5ppxw2/private/full/R2C1'/><gs:cell
        row='2' col='1' inputValue='WU LYF'>WU LYF</gs:cell></entry><entry gd:etag='&quot;YGgGTFtDCCt7Ig..&quot;'><id>https://spreadsheets.google.com/feeds/cells/1PtMY4QlCFZAXV3usggqwWwvOq16j2nEXjzIwop2h3EU/o5ppxw2/R2C2</id><updated>2016-10-01T03:53:15.720Z</updated><app:edited
        xmlns:app='http://www.w3.org/2007/app'>2016-10-01T03:53:15.720Z</app:edited><category
        scheme='http://schemas.google.com/spreadsheets/2006' term='http://schemas.google.com/spreadsheets/2006#cell'/><title>B2</title><content>Go
        Tell Fire To The Mountain</content><link rel='self' type='application/atom+xml'
        href='https://spreadsheets.google.com/feeds/cells/1PtMY4QlCFZAXV3usggqwWwvOq16j2nEXjzIwop2h3EU/o5ppxw2/private/full/R2C2'/><link
        rel='edit' type='application/atom+xml' href='https://spreadsheets.google.com/feeds/cells/1PtMY4QlCFZAXV3usggqwWwvOq16j2nEXjzIwop2h3EU/o5ppxw2/private/full/R2C2'/><gs:cell
        row='2' col='2' inputValue='Go Tell Fire To The Mountain'>Go Tell Fire To
        The Mountain</gs:cell></entry><entry gd:etag='&quot;YD4LUVVESSt7Ig..&quot;'><id>https://spreadsheets.google.com/feeds/cells/1PtMY4QlCFZAXV3usggqwWwvOq16j2nEXjzIwop2h3EU/o5ppxw2/R2C3</id><updated>2016-10-01T03:53:15.720Z</updated><app:edited
        xmlns:app='http://www.w3.org/2007/app'>2016-10-01T03:53:15.720Z</app:edited><category
        scheme='http://schemas.google.com/spreadsheets/2006' term='http://schemas.google.com/spreadsheets/2006#cell'/><title>C2</title><content>Heavy
        Pop</content><link rel='self' type='application/atom+xml' href='https://spreadsheets.google.com/feeds/cells/1PtMY4QlCFZAXV3usggqwWwvOq16j2nEXjzIwop2h3EU/o5ppxw2/private/full/R2C3'/><link
        rel='edit' type='application/atom+xml' href='https://spreadsheets.google.com/feeds/cells/1PtMY4QlCFZAXV3usggqwWwvOq16j2nEXjzIwop2h3EU/o5ppxw2/private/full/R2C3'/><gs:cell
        row='2' col='3' inputValue='Heavy Pop'>Heavy Pop</gs:cell></entry><entry gd:etag='&quot;YDgKVwFDSCt7Ig..&quot;'><id>https://spreadsheets.google.com/feeds/cells/1PtMY4QlCFZAXV3usggqwWwvOq16j2nEXjzIwop2h3EU/o5ppxw2/R2C4</id><updated>2016-10-01T03:53:15.720Z</updated><app:edited
        xmlns:app='http://www.w3.org/2007/app'>2016-10-01T03:53:15.720Z</app:edited><category
        scheme='http://schemas.google.com/spreadsheets/2006' term='http://schemas.google.com/spreadsheets/2006#cell'/><title>D2</title><content>Spotify</content><link
        rel='self' type='application/atom+xml' href='https://spreadsheets.google.com/feeds/cells/1PtMY4QlCFZAXV3usggqwWwvOq16j2nEXjzIwop2h3EU/o5ppxw2/private/full/R2C4'/><link
        rel='edit' type='application/atom+xml' href='https://spreadsheets.google.com/feeds/cells/1PtMY4QlCFZAXV3usggqwWwvOq16j2nEXjzIwop2h3EU/o5ppxw2/private/full/R2C4'/><gs:cell
        row='2' col='4' inputValue='=HYPERLINK(&quot;https://play.spotify.com/album/3YUCk9Q1vjWsZsTur93sQP&quot;,&quot;Spotify&quot;)'>Spotify</gs:cell></entry><entry
        gd:etag='&quot;YDlYTRlDSit7Ig..&quot;'><id>https://spreadsheets.google.com/feeds/cells/1PtMY4QlCFZAXV3usggqwWwvOq16j2nEXjzIwop2h3EU/o5ppxw2/R2C5</id><updated>2016-10-01T03:53:15.720Z</updated><app:edited
        xmlns:app='http://www.w3.org/2007/app'>2016-10-01T03:53:15.720Z</app:edited><category
        scheme='http://schemas.google.com/spreadsheets/2006' term='http://schemas.google.com/spreadsheets/2006#cell'/><title>E2</title><content>These
        mysterious Mancunians craft a debut of exhilarating expanse and passion that
        sounds like indie rock and yet feels way bigger. 3+ #JulySoundcheck</content><link
        rel='self' type='application/atom+xml' href='https://spreadsheets.google.com/feeds/cells/1PtMY4QlCFZAXV3usggqwWwvOq16j2nEXjzIwop2h3EU/o5ppxw2/private/full/R2C5'/><link
        rel='edit' type='application/atom+xml' href='https://spreadsheets.google.com/feeds/cells/1PtMY4QlCFZAXV3usggqwWwvOq16j2nEXjzIwop2h3EU/o5ppxw2/private/full/R2C5'/><gs:cell
        row='2' col='5' inputValue='=HYPERLINK(&quot;https://www.twitter.com/JulySoundcheck/status/781681048220536832&quot;,
        &quot;These mysterious Mancunians craft a debut of exhilarating expanse and
        passion that sounds like indie rock and yet feels way bigger. 3+ #JulySoundcheck&quot;)'>These
        mysterious Mancunians craft a debut of exhilarating expanse and passion that
        sounds like indie rock and yet feels way bigger. 3+ #JulySoundcheck</gs:cell></entry><entry
        gd:etag='&quot;YD8GShYYHit7Ig..&quot;'><id>https://spreadsheets.google.com/feeds/cells/1PtMY4QlCFZAXV3usggqwWwvOq16j2nEXjzIwop2h3EU/o5ppxw2/R2C6</id><updated>2016-10-01T03:53:15.720Z</updated><app:edited
        xmlns:app='http://www.w3.org/2007/app'>2016-10-01T03:53:15.720Z</app:edited><category
        scheme='http://schemas.google.com/spreadsheets/2006' term='http://schemas.google.com/spreadsheets/2006#cell'/><title>F2</title><content>Ryan
        Norman 12</content><link rel='self' type='application/atom+xml' href='https://spreadsheets.google.com/feeds/cells/1PtMY4QlCFZAXV3usggqwWwvOq16j2nEXjzIwop2h3EU/o5ppxw2/private/full/R2C6'/><link
        rel='edit' type='application/atom+xml' href='https://spreadsheets.google.com/feeds/cells/1PtMY4QlCFZAXV3usggqwWwvOq16j2nEXjzIwop2h3EU/o5ppxw2/private/full/R2C6'/><gs:cell
        row='2' col='6' inputValue='Ryan Norman 12'>Ryan Norman 12</gs:cell></entry><entry
        gd:etag='&quot;YHoHFAgVHyt7Ig..&quot;'><id>https://spreadsheets.google.com/feeds/cells/1PtMY4QlCFZAXV3usggqwWwvOq16j2nEXjzIwop2h3EU/o5ppxw2/R2C7</id><updated>2016-10-01T03:53:15.720Z</updated><app:edited
        xmlns:app='http://www.w3.org/2007/app'>2016-10-01T03:53:15.720Z</app:edited><category
        scheme='http://schemas.google.com/spreadsheets/2006' term='http://schemas.google.com/spreadsheets/2006#cell'/><title>G2</title><content>9/30/2016</content><link
        rel='self' type='application/atom+xml' href='https://spreadsheets.google.com/feeds/cells/1PtMY4QlCFZAXV3usggqwWwvOq16j2nEXjzIwop2h3EU/o5ppxw2/private/full/R2C7'/><link
        rel='edit' type='application/atom+xml' href='https://spreadsheets.google.com/feeds/cells/1PtMY4QlCFZAXV3usggqwWwvOq16j2nEXjzIwop2h3EU/o5ppxw2/private/full/R2C7'/><gs:cell
        row='2' col='7' inputValue='9/30/2016' numericValue='42643.0'>9/30/2016</gs:cell></entry><entry
        gd:etag='&quot;YDhZUVVJGit7Ig..&quot;'><id>https://spreadsheets.google.com/feeds/cells/1PtMY4QlCFZAXV3usggqwWwvOq16j2nEXjzIwop2h3EU/o5ppxw2/R3C1</id><updated>2016-10-01T03:53:15.720Z</updated><app:edited
        xmlns:app='http://www.w3.org/2007/app'>2016-10-01T03:53:15.720Z</app:edited><category
        scheme='http://schemas.google.com/spreadsheets/2006' term='http://schemas.google.com/spreadsheets/2006#cell'/><title>A3</title><content>Pixies</content><link
        rel='self' type='application/atom+xml' href='https://spreadsheets.google.com/feeds/cells/1PtMY4QlCFZAXV3usggqwWwvOq16j2nEXjzIwop2h3EU/o5ppxw2/private/full/R3C1'/><link
        rel='edit' type='application/atom+xml' href='https://spreadsheets.google.com/feeds/cells/1PtMY4QlCFZAXV3usggqwWwvOq16j2nEXjzIwop2h3EU/o5ppxw2/private/full/R3C1'/><gs:cell
        row='3' col='1' inputValue='Pixies'>Pixies</gs:cell></entry><entry gd:etag='&quot;YDsbFhpFTyt7Ig..&quot;'><id>https://spreadsheets.google.com/feeds/cells/1PtMY4QlCFZAXV3usggqwWwvOq16j2nEXjzIwop2h3EU/o5ppxw2/R3C2</id><updated>2016-10-01T03:53:15.720Z</updated><app:edited
        xmlns:app='http://www.w3.org/2007/app'>2016-10-01T03:53:15.720Z</app:edited><category
        scheme='http://schemas.google.com/spreadsheets/2006' term='http://schemas.google.com/spreadsheets/2006#cell'/><title>B3</title><content>Doolittle</content><link
        rel='self' type='application/atom+xml' href='https://spreadsheets.google.com/feeds/cells/1PtMY4QlCFZAXV3usggqwWwvOq16j2nEXjzIwop2h3EU/o5ppxw2/private/full/R3C2'/><link
        rel='edit' type='application/atom+xml' href='https://spreadsheets.google.com/feeds/cells/1PtMY4QlCFZAXV3usggqwWwvOq16j2nEXjzIwop2h3EU/o5ppxw2/private/full/R3C2'/><gs:cell
        row='3' col='2' inputValue='Doolittle'>Doolittle</gs:cell></entry><entry gd:etag='&quot;YGIbVVsXFSt7Ig..&quot;'><id>https://spreadsheets.google.com/feeds/cells/1PtMY4QlCFZAXV3usggqwWwvOq16j2nEXjzIwop2h3EU/o5ppxw2/R3C3</id><updated>2016-10-01T03:53:15.720Z</updated><app:edited
        xmlns:app='http://www.w3.org/2007/app'>2016-10-01T03:53:15.720Z</app:edited><category
        scheme='http://schemas.google.com/spreadsheets/2006' term='http://schemas.google.com/spreadsheets/2006#cell'/><title>C3</title><content>Alternative</content><link
        rel='self' type='application/atom+xml' href='https://spreadsheets.google.com/feeds/cells/1PtMY4QlCFZAXV3usggqwWwvOq16j2nEXjzIwop2h3EU/o5ppxw2/private/full/R3C3'/><link
        rel='edit' type='application/atom+xml' href='https://spreadsheets.google.com/feeds/cells/1PtMY4QlCFZAXV3usggqwWwvOq16j2nEXjzIwop2h3EU/o5ppxw2/private/full/R3C3'/><gs:cell
        row='3' col='3' inputValue='Alternative'>Alternative</gs:cell></entry><entry
        gd:etag='&quot;ImBqWFQGRyt7&quot;'><id>https://spreadsheets.google.com/feeds/cells/1PtMY4QlCFZAXV3usggqwWwvOq16j2nEXjzIwop2h3EU/o5ppxw2/R3C4</id><updated>2016-10-01T03:53:15.720Z</updated><app:edited
        xmlns:app='http://www.w3.org/2007/app'>2016-10-01T03:53:15.720Z</app:edited><category
        scheme='http://schemas.google.com/spreadsheets/2006' term='http://schemas.google.com/spreadsheets/2006#cell'/><title>D3</title><content>Spotify</content><link
        rel='self' type='application/atom+xml' href='https://spreadsheets.google.com/feeds/cells/1PtMY4QlCFZAXV3usggqwWwvOq16j2nEXjzIwop2h3EU/o5ppxw2/private/full/R3C4'/><link
        rel='edit' type='application/atom+xml' href='https://spreadsheets.google.com/feeds/cells/1PtMY4QlCFZAXV3usggqwWwvOq16j2nEXjzIwop2h3EU/o5ppxw2/private/full/R3C4'/><gs:cell
        row='3' col='4' inputValue='=HYPERLINK(&quot;https://play.spotify.com/album/6ymZBbRSmzAvoSGmwAFoxm&quot;,&quot;Spotify&quot;)'>Spotify</gs:cell></entry><entry
        gd:etag='&quot;YGkZEwUUGyt7Ig..&quot;'><id>https://spreadsheets.google.com/feeds/cells/1PtMY4QlCFZAXV3usggqwWwvOq16j2nEXjzIwop2h3EU/o5ppxw2/R3C5</id><updated>2016-10-01T03:53:15.720Z</updated><app:edited
        xmlns:app='http://www.w3.org/2007/app'>2016-10-01T03:53:15.720Z</app:edited><category
        scheme='http://schemas.google.com/spreadsheets/2006' term='http://schemas.google.com/spreadsheets/2006#cell'/><title>E3</title><content>If
        I had any Euro-trash friends, I’d play ZHU’s “Generationwhy” for them… fortunately
        I don’t know anyone from Europe. #JulySoundcheck</content><link rel='self'
        type='application/atom+xml' href='https://spreadsheets.google.com/feeds/cells/1PtMY4QlCFZAXV3usggqwWwvOq16j2nEXjzIwop2h3EU/o5ppxw2/private/full/R3C5'/><link
        rel='edit' type='application/atom+xml' href='https://spreadsheets.google.com/feeds/cells/1PtMY4QlCFZAXV3usggqwWwvOq16j2nEXjzIwop2h3EU/o5ppxw2/private/full/R3C5'/><gs:cell
        row='3' col='5' inputValue='=HYPERLINK(&quot;https://www.twitter.com/JulySoundcheck/status/987654321&quot;,
        &quot;If I had any Euro-trash friends, I’d play ZHU’s “Generationwhy” for
        them… fortunately I don’t know anyone from Europe. #JulySoundcheck&quot;)'>If
        I had any Euro-trash friends, I’d play ZHU’s “Generationwhy” for them… fortunately
        I don’t know anyone from Europe. #JulySoundcheck</gs:cell></entry><entry gd:etag='&quot;YD8GTQVOBSt7Ig..&quot;'><id>https://spreadsheets.google.com/feeds/cells/1PtMY4QlCFZAXV3usggqwWwvOq16j2nEXjzIwop2h3EU/o5ppxw2/R3C6</id><updated>2016-10-01T03:53:15.720Z</updated><app:edited
        xmlns:app='http://www.w3.org/2007/app'>2016-10-01T03:53:15.720Z</app:edited><category
        scheme='http://schemas.google.com/spreadsheets/2006' term='http://schemas.google.com/spreadsheets/2006#cell'/><title>F3</title><content>Ryan
        Norman 13</content><link rel='self' type='application/atom+xml' href='https://spreadsheets.google.com/feeds/cells/1PtMY4QlCFZAXV3usggqwWwvOq16j2nEXjzIwop2h3EU/o5ppxw2/private/full/R3C6'/><link
        rel='edit' type='application/atom+xml' href='https://spreadsheets.google.com/feeds/cells/1PtMY4QlCFZAXV3usggqwWwvOq16j2nEXjzIwop2h3EU/o5ppxw2/private/full/R3C6'/><gs:cell
        row='3' col='6' inputValue='Ryan Norman 13'>Ryan Norman 13</gs:cell></entry><entry
        gd:etag='&quot;YHoHFRpQDyt7Ig..&quot;'><id>https://spreadsheets.google.com/feeds/cells/1PtMY4QlCFZAXV3usggqwWwvOq16j2nEXjzIwop2h3EU/o5ppxw2/R3C7</id><updated>2016-10-01T03:53:15.720Z</updated><app:edited
        xmlns:app='http://www.w3.org/2007/app'>2016-10-01T03:53:15.720Z</app:edited><category
        scheme='http://schemas.google.com/spreadsheets/2006' term='http://schemas.google.com/spreadsheets/2006#cell'/><title>G3</title><content>9/30/2016</content><link
        rel='self' type='application/atom+xml' href='https://spreadsheets.google.com/feeds/cells/1PtMY4QlCFZAXV3usggqwWwvOq16j2nEXjzIwop2h3EU/o5ppxw2/private/full/R3C7'/><link
        rel='edit' type='application/atom+xml' href='https://spreadsheets.google.com/feeds/cells/1PtMY4QlCFZAXV3usggqwWwvOq16j2nEXjzIwop2h3EU/o5ppxw2/private/full/R3C7'/><gs:cell
        row='3' col='7' inputValue='9/30/2016' numericValue='42643.0'>9/30/2016</gs:cell></entry><entry
        gd:etag='&quot;YD0RXBpVDCt7Ig..&quot;'><id>https://spreadsheets.google.com/feeds/cells/1PtMY4QlCFZAXV3usggqwWwvOq16j2nEXjzIwop2h3EU/o5ppxw2/R3C8</id><updated>2016-10-01T03:53:15.720Z</updated><app:edited
        xmlns:app='http://www.w3.org/2007/app'>2016-10-01T03:53:15.720Z</app:edited><category
        scheme='http://schemas.google.com/spreadsheets/2006' term='http://schemas.google.com/spreadsheets/2006#cell'/><title>H3</title><content>2</content><link
        rel='self' type='application/atom+xml' href='https://spreadsheets.google.com/feeds/cells/1PtMY4QlCFZAXV3usggqwWwvOq16j2nEXjzIwop2h3EU/o5ppxw2/private/full/R3C8'/><link
        rel='edit' type='application/atom+xml' href='https://spreadsheets.google.com/feeds/cells/1PtMY4QlCFZAXV3usggqwWwvOq16j2nEXjzIwop2h3EU/o5ppxw2/private/full/R3C8'/><gs:cell
        row='3' col='8' inputValue='2' numericValue='2.0'>2</gs:cell></entry></feed>"
    http_version: 
  recorded_at: Sat, 01 Oct 2016 03:54:21 GMT
- request:
    method: post
    uri: https://www.googleapis.com/oauth2/v3/token
    body:
      encoding: ASCII-8BIT
      string: grant_type=refresh_token&refresh_token=1%2FJQSYPa3PakyomP0CLrEkqAk7pfDc05TnamplHFcKOAo&client_id=990762037477-a6g4se6ioqnnd2fh45lq9p50sf7ovb65.apps.googleusercontent.com&client_secret=c_P30bQNTIRfdPvF7fNpDTqN
    headers:
      User-Agent:
      - Faraday v0.9.2
      Content-Type:
      - application/x-www-form-urlencoded
      Accept-Encoding:
      - gzip;q=1.0,deflate;q=0.6,identity;q=0.3
      Accept:
      - "*/*"
  response:
    status:
      code: 200
      message: OK
    headers:
      Cache-Control:
      - no-cache, no-store, max-age=0, must-revalidate
      Pragma:
      - no-cache
      Expires:
      - Mon, 01 Jan 1990 00:00:00 GMT
      Date:
      - Sat, 01 Oct 2016 03:54:22 GMT
      Vary:
      - Origin
      - X-Origin
      Content-Type:
      - application/json; charset=UTF-8
      X-Content-Type-Options:
      - nosniff
      X-Frame-Options:
      - SAMEORIGIN
      X-Xss-Protection:
      - 1; mode=block
      Server:
      - GSE
      Alt-Svc:
      - quic=":443"; ma=2592000; v="36,35,34,33,32"
      Transfer-Encoding:
      - chunked
    body:
      encoding: ASCII-8BIT
      string: |
        {
         "access_token": "ya29.CjFvAz2XNDWpYlFesXFQSxlxFTwtxfyzuRe5qNiSXkV1rAx_ILpPfL5y3pUynn_4L6LT",
         "token_type": "Bearer",
         "expires_in": 3600
        }
    http_version: 
  recorded_at: Sat, 01 Oct 2016 03:54:22 GMT
- request:
    method: get
    uri: https://www.googleapis.com/drive/v3/files/1PtMY4QlCFZAXV3usggqwWwvOq16j2nEXjzIwop2h3EU?fields=*
    body:
      encoding: UTF-8
      string: ''
    headers:
      User-Agent:
      - |-
        unknown/0.0.0 google-api-ruby-client/0.9.11 Mac OS X/10.11.6
         (gzip)
      Accept:
      - "*/*"
      Accept-Encoding:
      - gzip,deflate
      Date:
      - Sat, 01 Oct 2016 03:54:22 GMT
      Authorization:
      - Bearer ya29.CjFvAz2XNDWpYlFesXFQSxlxFTwtxfyzuRe5qNiSXkV1rAx_ILpPfL5y3pUynn_4L6LT
  response:
    status:
      code: 200
      message: OK
    headers:
      Expires:
      - Sat, 01 Oct 2016 03:54:22 GMT
      Date:
      - Sat, 01 Oct 2016 03:54:22 GMT
      Cache-Control:
      - private, max-age=0, must-revalidate, no-transform
      Vary:
      - Origin
      - X-Origin
      Content-Type:
      - application/json; charset=UTF-8
      Content-Encoding:
      - gzip
      X-Content-Type-Options:
      - nosniff
      X-Frame-Options:
      - SAMEORIGIN
      X-Xss-Protection:
      - 1; mode=block
      Server:
      - GSE
      Alt-Svc:
      - quic=":443"; ma=2592000; v="36,35,34,33,32"
      Transfer-Encoding:
      - chunked
    body:
      encoding: UTF-8
      string: |
        {
         "kind": "drive#file",
         "id": "1PtMY4QlCFZAXV3usggqwWwvOq16j2nEXjzIwop2h3EU",
         "name": "July Soundcheck Test",
         "mimeType": "application/vnd.google-apps.spreadsheet",
         "starred": false,
         "trashed": false,
         "explicitlyTrashed": false,
         "parents": [
          "0ABI6p3deR2aPUk9PVA"
         ],
         "spaces": [
          "drive"
         ],
         "version": "24056",
         "webViewLink": "https://docs.google.com/spreadsheets/d/1PtMY4QlCFZAXV3usggqwWwvOq16j2nEXjzIwop2h3EU/edit?usp=drivesdk",
         "iconLink": "https://ssl.gstatic.com/docs/doclist/images/icon_11_spreadsheet_list.png",
         "thumbnailLink": "https://docs.google.com/feeds/vt?gd=true&id=1PtMY4QlCFZAXV3usggqwWwvOq16j2nEXjzIwop2h3EU&v=9&s=AMedNnoAAAAAV-9PjnRsgXf5VxSs8Yj1qbpGz-5jdvh6&sz=s220",
         "viewedByMe": true,
         "viewedByMeTime": "2016-10-01T03:51:38.679Z",
         "createdTime": "2016-10-01T02:52:53.557Z",
         "modifiedTime": "2016-10-01T03:51:38.679Z",
         "modifiedByMeTime": "2016-10-01T03:51:38.679Z",
         "owners": [
          {
           "kind": "drive#user",
           "displayName": "Ryan Norman",
           "photoLink": "https://lh4.googleusercontent.com/-unGv3RGnZcM/AAAAAAAAAAI/AAAAAAAACWk/PhBam5U_6jw/s64/photo.jpg",
           "me": true,
           "permissionId": "08937123784405563819",
           "emailAddress": "rsnorman15@gmail.com"
          }
         ],
         "lastModifyingUser": {
          "kind": "drive#user",
          "displayName": "Ryan Norman",
          "photoLink": "https://lh4.googleusercontent.com/-unGv3RGnZcM/AAAAAAAAAAI/AAAAAAAACWk/PhBam5U_6jw/s64/photo.jpg",
          "me": true,
          "permissionId": "08937123784405563819",
          "emailAddress": "rsnorman15@gmail.com"
         },
         "shared": false,
         "ownedByMe": true,
         "capabilities": {
          "canEdit": true,
          "canComment": true,
          "canShare": true,
          "canCopy": true,
          "canReadRevisions": true
         },
         "viewersCanCopyContent": true,
         "writersCanShare": true,
         "permissions": [
          {
           "kind": "drive#permission",
           "id": "08937123784405563819",
           "type": "user",
           "emailAddress": "rsnorman15@gmail.com",
           "role": "owner",
           "displayName": "Ryan Norman",
           "photoLink": "https://lh4.googleusercontent.com/-unGv3RGnZcM/AAAAAAAAAAI/AAAAAAAACWk/PhBam5U_6jw/s64/photo.jpg"
          }
         ],
         "quotaBytesUsed": "0",
         "isAppAuthorized": false
        }
    http_version: 
  recorded_at: Sat, 01 Oct 2016 03:54:22 GMT
- request:
    method: get
    uri: https://spreadsheets.google.com/feeds/worksheets/1PtMY4QlCFZAXV3usggqwWwvOq16j2nEXjzIwop2h3EU/private/full
    body:
      encoding: UTF-8
      string: ''
    headers:
      User-Agent:
      - |-
        unknown/0.0.0 google-api-ruby-client/0.9.11 Mac OS X/10.11.6
         (gzip)
      Accept:
      - "*/*"
      Accept-Encoding:
      - gzip,deflate
      Date:
      - Sat, 01 Oct 2016 03:54:22 GMT
      Authorization:
      - Bearer ya29.CjFvAz2XNDWpYlFesXFQSxlxFTwtxfyzuRe5qNiSXkV1rAx_ILpPfL5y3pUynn_4L6LT
      Gdata-Version:
      - '3.0'
  response:
    status:
      code: 200
      message: OK
    headers:
      Content-Type:
      - application/atom+xml; charset=UTF-8; type=feed
      X-Robots-Tag:
      - noindex, nofollow, nosnippet
      Expires:
      - Sat, 01 Oct 2016 03:54:22 GMT
      Date:
      - Sat, 01 Oct 2016 03:54:22 GMT
      Cache-Control:
      - private, max-age=0, must-revalidate, no-transform
      Vary:
      - Accept, X-GData-Authorization, GData-Version
      Gdata-Version:
      - '3.0'
      Etag:
      - W/"CU4NRHk5eCt7ImA9XRFWEkQ."
      Last-Modified:
      - Sat, 01 Oct 2016 03:53:15 GMT
      Content-Encoding:
      - gzip
      P3p:
      - CP="This is not a P3P policy! See https://support.google.com/accounts/answer/151657?hl=en
        for more info."
      - CP="This is not a P3P policy! See https://support.google.com/accounts/answer/151657?hl=en
        for more info."
      X-Content-Type-Options:
      - nosniff
      X-Frame-Options:
      - SAMEORIGIN
      X-Xss-Protection:
      - 1; mode=block
      Server:
      - GSE
      Set-Cookie:
      - NID=87=Q63vJSYUlpDQvY0rhI2FWoHdZwRZXu1v1AFKnIdFWhopzgrj8gjMPtm7Up3qB9BRb6yYjUnB4hBDIleYScFUdSA3IBGvH1Z-X52NAb23mC3p_OJ_1c2FuQ5iPtgZFBoR;Domain=.google.com;Path=/;Expires=Sun,
        02-Apr-2017 03:54:22 GMT;HttpOnly
      - NID=87=QwR4RfNnCTIa9BObPIxwtlXX5ngMmq0AcRITvp_k144onS-qQ8FX0Q-zDnT60Wp1IplGs1v-BpdFABI9J6mfVnMy4d1hSEWegJ5EXHqJ20ONYWtETiVWxenvVqOo0CEK;Domain=.google.com;Path=/;Expires=Sun,
        02-Apr-2017 03:54:22 GMT;HttpOnly
      Alt-Svc:
      - quic=":443"; ma=2592000; v="36,35,34,33,32"
      Transfer-Encoding:
      - chunked
    body:
      encoding: UTF-8
      string: "<?xml version='1.0' encoding='UTF-8'?><feed xmlns='http://www.w3.org/2005/Atom'
        xmlns:openSearch='http://a9.com/-/spec/opensearch/1.1/' xmlns:gs='http://schemas.google.com/spreadsheets/2006'
        xmlns:gd='http://schemas.google.com/g/2005' gd:etag='W/&quot;CU4NRHk5eCt7ImA9XRFWEkQ.&quot;'><id>https://spreadsheets.google.com/feeds/worksheets/1PtMY4QlCFZAXV3usggqwWwvOq16j2nEXjzIwop2h3EU/private/full</id><updated>2016-10-01T03:53:15.720Z</updated><category
        scheme='http://schemas.google.com/spreadsheets/2006' term='http://schemas.google.com/spreadsheets/2006#worksheet'/><title>July
        Soundcheck Test</title><link rel='alternate' type='application/atom+xml' href='https://docs.google.com/spreadsheets/d/1PtMY4QlCFZAXV3usggqwWwvOq16j2nEXjzIwop2h3EU/edit'/><link
        rel='http://schemas.google.com/g/2005#feed' type='application/atom+xml' href='https://spreadsheets.google.com/feeds/worksheets/1PtMY4QlCFZAXV3usggqwWwvOq16j2nEXjzIwop2h3EU/private/full'/><link
        rel='http://schemas.google.com/g/2005#post' type='application/atom+xml' href='https://spreadsheets.google.com/feeds/worksheets/1PtMY4QlCFZAXV3usggqwWwvOq16j2nEXjzIwop2h3EU/private/full'/><link
        rel='self' type='application/atom+xml' href='https://spreadsheets.google.com/feeds/worksheets/1PtMY4QlCFZAXV3usggqwWwvOq16j2nEXjzIwop2h3EU/private/full'/><author><name>rsnorman15</name><email>rsnorman15@gmail.com</email></author><openSearch:totalResults>4</openSearch:totalResults><openSearch:startIndex>1</openSearch:startIndex><entry
        gd:etag='&quot;YD8OSghCRCt7Ig..&quot;'><id>https://spreadsheets.google.com/feeds/worksheets/1PtMY4QlCFZAXV3usggqwWwvOq16j2nEXjzIwop2h3EU/o5ppxw2</id><updated>2016-10-01T03:53:15.720Z</updated><app:edited
        xmlns:app='http://www.w3.org/2007/app'>2016-10-01T03:53:15.720Z</app:edited><category
        scheme='http://schemas.google.com/spreadsheets/2006' term='http://schemas.google.com/spreadsheets/2006#worksheet'/><title>July
        Soundcheck 4</title><content type='application/atom+xml;type=feed' src='https://spreadsheets.google.com/feeds/list/1PtMY4QlCFZAXV3usggqwWwvOq16j2nEXjzIwop2h3EU/o5ppxw2/private/full'/><link
        rel='http://schemas.google.com/spreadsheets/2006#cellsfeed' type='application/atom+xml'
        href='https://spreadsheets.google.com/feeds/cells/1PtMY4QlCFZAXV3usggqwWwvOq16j2nEXjzIwop2h3EU/o5ppxw2/private/full'/><link
        rel='http://schemas.google.com/visualization/2008#visualizationApi' type='application/atom+xml'
        href='https://docs.google.com/spreadsheets/d/1PtMY4QlCFZAXV3usggqwWwvOq16j2nEXjzIwop2h3EU/gviz/tq?gid=345531656'/><link
        rel='http://schemas.google.com/spreadsheets/2006#exportcsv' type='text/csv'
        href='https://docs.google.com/spreadsheets/d/1PtMY4QlCFZAXV3usggqwWwvOq16j2nEXjzIwop2h3EU/export?gid=345531656&amp;format=csv'/><link
        rel='self' type='application/atom+xml' href='https://spreadsheets.google.com/feeds/worksheets/1PtMY4QlCFZAXV3usggqwWwvOq16j2nEXjzIwop2h3EU/private/full/o5ppxw2'/><link
        rel='edit' type='application/atom+xml' href='https://spreadsheets.google.com/feeds/worksheets/1PtMY4QlCFZAXV3usggqwWwvOq16j2nEXjzIwop2h3EU/private/full/o5ppxw2'/><gs:colCount>26</gs:colCount><gs:rowCount>1012</gs:rowCount></entry><entry
        gd:etag='&quot;YD8OSghCRSt7Ig..&quot;'><id>https://spreadsheets.google.com/feeds/worksheets/1PtMY4QlCFZAXV3usggqwWwvOq16j2nEXjzIwop2h3EU/oteb6w9</id><updated>2016-10-01T03:53:15.720Z</updated><app:edited
        xmlns:app='http://www.w3.org/2007/app'>2016-10-01T03:53:15.720Z</app:edited><category
        scheme='http://schemas.google.com/spreadsheets/2006' term='http://schemas.google.com/spreadsheets/2006#worksheet'/><title>July
        Soundcheck 3</title><content type='application/atom+xml;type=feed' src='https://spreadsheets.google.com/feeds/list/1PtMY4QlCFZAXV3usggqwWwvOq16j2nEXjzIwop2h3EU/oteb6w9/private/full'/><link
        rel='http://schemas.google.com/spreadsheets/2006#cellsfeed' type='application/atom+xml'
        href='https://spreadsheets.google.com/feeds/cells/1PtMY4QlCFZAXV3usggqwWwvOq16j2nEXjzIwop2h3EU/oteb6w9/private/full'/><link
        rel='http://schemas.google.com/visualization/2008#visualizationApi' type='application/atom+xml'
        href='https://docs.google.com/spreadsheets/d/1PtMY4QlCFZAXV3usggqwWwvOq16j2nEXjzIwop2h3EU/gviz/tq?gid=1777555571'/><link
        rel='http://schemas.google.com/spreadsheets/2006#exportcsv' type='text/csv'
        href='https://docs.google.com/spreadsheets/d/1PtMY4QlCFZAXV3usggqwWwvOq16j2nEXjzIwop2h3EU/export?gid=1777555571&amp;format=csv'/><link
        rel='self' type='application/atom+xml' href='https://spreadsheets.google.com/feeds/worksheets/1PtMY4QlCFZAXV3usggqwWwvOq16j2nEXjzIwop2h3EU/private/full/oteb6w9'/><link
        rel='edit' type='application/atom+xml' href='https://spreadsheets.google.com/feeds/worksheets/1PtMY4QlCFZAXV3usggqwWwvOq16j2nEXjzIwop2h3EU/private/full/oteb6w9'/><gs:colCount>26</gs:colCount><gs:rowCount>1012</gs:rowCount></entry><entry
        gd:etag='&quot;YD8OSghBDCt7Ig..&quot;'><id>https://spreadsheets.google.com/feeds/worksheets/1PtMY4QlCFZAXV3usggqwWwvOq16j2nEXjzIwop2h3EU/od6</id><updated>2016-10-01T03:53:15.720Z</updated><app:edited
        xmlns:app='http://www.w3.org/2007/app'>2016-10-01T03:53:15.720Z</app:edited><category
        scheme='http://schemas.google.com/spreadsheets/2006' term='http://schemas.google.com/spreadsheets/2006#worksheet'/><title>July
        Soundcheck 2</title><content type='application/atom+xml;type=feed' src='https://spreadsheets.google.com/feeds/list/1PtMY4QlCFZAXV3usggqwWwvOq16j2nEXjzIwop2h3EU/od6/private/full'/><link
        rel='http://schemas.google.com/spreadsheets/2006#cellsfeed' type='application/atom+xml'
        href='https://spreadsheets.google.com/feeds/cells/1PtMY4QlCFZAXV3usggqwWwvOq16j2nEXjzIwop2h3EU/od6/private/full'/><link
        rel='http://schemas.google.com/visualization/2008#visualizationApi' type='application/atom+xml'
        href='https://docs.google.com/spreadsheets/d/1PtMY4QlCFZAXV3usggqwWwvOq16j2nEXjzIwop2h3EU/gviz/tq?gid=0'/><link
        rel='http://schemas.google.com/spreadsheets/2006#exportcsv' type='text/csv'
        href='https://docs.google.com/spreadsheets/d/1PtMY4QlCFZAXV3usggqwWwvOq16j2nEXjzIwop2h3EU/export?gid=0&amp;format=csv'/><link
        rel='self' type='application/atom+xml' href='https://spreadsheets.google.com/feeds/worksheets/1PtMY4QlCFZAXV3usggqwWwvOq16j2nEXjzIwop2h3EU/private/full/od6'/><link
        rel='edit' type='application/atom+xml' href='https://spreadsheets.google.com/feeds/worksheets/1PtMY4QlCFZAXV3usggqwWwvOq16j2nEXjzIwop2h3EU/private/full/od6'/><gs:colCount>26</gs:colCount><gs:rowCount>998</gs:rowCount></entry><entry
        gd:etag='&quot;YHsAXldDGit7Ig..&quot;'><id>https://spreadsheets.google.com/feeds/worksheets/1PtMY4QlCFZAXV3usggqwWwvOq16j2nEXjzIwop2h3EU/onblj7c</id><updated>2016-10-01T03:53:15.720Z</updated><app:edited
        xmlns:app='http://www.w3.org/2007/app'>2016-10-01T03:53:15.720Z</app:edited><category
        scheme='http://schemas.google.com/spreadsheets/2006' term='http://schemas.google.com/spreadsheets/2006#worksheet'/><title>July
        Soundcheck</title><content type='application/atom+xml;type=feed' src='https://spreadsheets.google.com/feeds/list/1PtMY4QlCFZAXV3usggqwWwvOq16j2nEXjzIwop2h3EU/onblj7c/private/full'/><link
        rel='http://schemas.google.com/spreadsheets/2006#cellsfeed' type='application/atom+xml'
        href='https://spreadsheets.google.com/feeds/cells/1PtMY4QlCFZAXV3usggqwWwvOq16j2nEXjzIwop2h3EU/onblj7c/private/full'/><link
        rel='http://schemas.google.com/visualization/2008#visualizationApi' type='application/atom+xml'
        href='https://docs.google.com/spreadsheets/d/1PtMY4QlCFZAXV3usggqwWwvOq16j2nEXjzIwop2h3EU/gviz/tq?gid=1410202274'/><link
        rel='http://schemas.google.com/spreadsheets/2006#exportcsv' type='text/csv'
        href='https://docs.google.com/spreadsheets/d/1PtMY4QlCFZAXV3usggqwWwvOq16j2nEXjzIwop2h3EU/export?gid=1410202274&amp;format=csv'/><link
        rel='self' type='application/atom+xml' href='https://spreadsheets.google.com/feeds/worksheets/1PtMY4QlCFZAXV3usggqwWwvOq16j2nEXjzIwop2h3EU/private/full/onblj7c'/><link
        rel='edit' type='application/atom+xml' href='https://spreadsheets.google.com/feeds/worksheets/1PtMY4QlCFZAXV3usggqwWwvOq16j2nEXjzIwop2h3EU/private/full/onblj7c'/><gs:colCount>26</gs:colCount><gs:rowCount>999</gs:rowCount></entry></feed>"
    http_version: 
  recorded_at: Sat, 01 Oct 2016 03:54:22 GMT
- request:
    method: get
    uri: https://spreadsheets.google.com/feeds/cells/1PtMY4QlCFZAXV3usggqwWwvOq16j2nEXjzIwop2h3EU/o5ppxw2/private/full
    body:
      encoding: UTF-8
      string: ''
    headers:
      User-Agent:
      - |-
        unknown/0.0.0 google-api-ruby-client/0.9.11 Mac OS X/10.11.6
         (gzip)
      Accept:
      - "*/*"
      Accept-Encoding:
      - gzip,deflate
      Date:
      - Sat, 01 Oct 2016 03:54:22 GMT
      Authorization:
      - Bearer ya29.CjFvAz2XNDWpYlFesXFQSxlxFTwtxfyzuRe5qNiSXkV1rAx_ILpPfL5y3pUynn_4L6LT
      Gdata-Version:
      - '3.0'
  response:
    status:
      code: 200
      message: OK
    headers:
      Content-Type:
      - application/atom+xml; charset=UTF-8; type=feed
      X-Robots-Tag:
      - noindex, nofollow, nosnippet
      Expires:
      - Sat, 01 Oct 2016 03:54:22 GMT
      Date:
      - Sat, 01 Oct 2016 03:54:22 GMT
      Cache-Control:
      - private, max-age=0, must-revalidate, no-transform
      Vary:
      - Accept, X-GData-Authorization, GData-Version
      Gdata-Version:
      - '3.0'
      Etag:
      - W/"CU4NRHk5eCt7ImA9XRFWEkQ."
      Last-Modified:
      - Sat, 01 Oct 2016 03:53:15 GMT
      Content-Encoding:
      - gzip
      P3p:
      - CP="This is not a P3P policy! See https://support.google.com/accounts/answer/151657?hl=en
        for more info."
      - CP="This is not a P3P policy! See https://support.google.com/accounts/answer/151657?hl=en
        for more info."
      X-Content-Type-Options:
      - nosniff
      X-Frame-Options:
      - SAMEORIGIN
      X-Xss-Protection:
      - 1; mode=block
      Server:
      - GSE
      Set-Cookie:
      - NID=87=DW7F8Mj3earAK5qz1Zs8xKbLeUf5p891oeTVs_Z7TyUnar91bO6o5d6G6zoZDTD0Y9r6UwjuqasrYxtlwmM1XbFFsj6Cvz49O0IXnJ8Ly-apJ4HwCo5ESF6uzGO1349Q;Domain=.google.com;Path=/;Expires=Sun,
        02-Apr-2017 03:54:22 GMT;HttpOnly
      - NID=87=d-HTRqGVh4a90X2QGsepodrYQ8xcDPcdjZZODQfAYbaA7QbjKxUxiwiByvpOeGITrvdAiEQNmXN3DvOtG28oIMkZ_i5Qe8i6L2sHRYEgEwk_NpRgpz1iFHHBgYKNtNUY;Domain=.google.com;Path=/;Expires=Sun,
        02-Apr-2017 03:54:22 GMT;HttpOnly
      Alt-Svc:
      - quic=":443"; ma=2592000; v="36,35,34,33,32"
      Transfer-Encoding:
      - chunked
    body:
      encoding: UTF-8
      string: "<?xml version='1.0' encoding='UTF-8'?><feed xmlns='http://www.w3.org/2005/Atom'
        xmlns:openSearch='http://a9.com/-/spec/opensearch/1.1/' xmlns:batch='http://schemas.google.com/gdata/batch'
        xmlns:gs='http://schemas.google.com/spreadsheets/2006' xmlns:gd='http://schemas.google.com/g/2005'
        gd:etag='W/&quot;CU4NRHk5eCt7ImA9XRFWEkQ.&quot;'><id>https://spreadsheets.google.com/feeds/cells/1PtMY4QlCFZAXV3usggqwWwvOq16j2nEXjzIwop2h3EU/o5ppxw2/private/full</id><updated>2016-10-01T03:53:15.720Z</updated><category
        scheme='http://schemas.google.com/spreadsheets/2006' term='http://schemas.google.com/spreadsheets/2006#cell'/><title>July
        Soundcheck 4</title><link rel='alternate' type='application/atom+xml' href='https://docs.google.com/spreadsheets/d/1PtMY4QlCFZAXV3usggqwWwvOq16j2nEXjzIwop2h3EU/edit'/><link
        rel='http://schemas.google.com/g/2005#feed' type='application/atom+xml' href='https://spreadsheets.google.com/feeds/cells/1PtMY4QlCFZAXV3usggqwWwvOq16j2nEXjzIwop2h3EU/o5ppxw2/private/full'/><link
        rel='http://schemas.google.com/g/2005#post' type='application/atom+xml' href='https://spreadsheets.google.com/feeds/cells/1PtMY4QlCFZAXV3usggqwWwvOq16j2nEXjzIwop2h3EU/o5ppxw2/private/full'/><link
        rel='http://schemas.google.com/g/2005#batch' type='application/atom+xml' href='https://spreadsheets.google.com/feeds/cells/1PtMY4QlCFZAXV3usggqwWwvOq16j2nEXjzIwop2h3EU/o5ppxw2/private/full/batch'/><link
        rel='self' type='application/atom+xml' href='https://spreadsheets.google.com/feeds/cells/1PtMY4QlCFZAXV3usggqwWwvOq16j2nEXjzIwop2h3EU/o5ppxw2/private/full'/><author><name>rsnorman15</name><email>rsnorman15@gmail.com</email></author><openSearch:totalResults>25</openSearch:totalResults><openSearch:startIndex>1</openSearch:startIndex><gs:rowCount>1012</gs:rowCount><gs:colCount>26</gs:colCount><entry
        gd:etag='&quot;YHsCVwJHSit7Ig..&quot;'><id>https://spreadsheets.google.com/feeds/cells/1PtMY4QlCFZAXV3usggqwWwvOq16j2nEXjzIwop2h3EU/o5ppxw2/R1C1</id><updated>2016-10-01T03:53:15.720Z</updated><app:edited
        xmlns:app='http://www.w3.org/2007/app'>2016-10-01T03:53:15.720Z</app:edited><category
        scheme='http://schemas.google.com/spreadsheets/2006' term='http://schemas.google.com/spreadsheets/2006#cell'/><title>A1</title><content>Artist</content><link
        rel='self' type='application/atom+xml' href='https://spreadsheets.google.com/feeds/cells/1PtMY4QlCFZAXV3usggqwWwvOq16j2nEXjzIwop2h3EU/o5ppxw2/private/full/R1C1'/><link
        rel='edit' type='application/atom+xml' href='https://spreadsheets.google.com/feeds/cells/1PtMY4QlCFZAXV3usggqwWwvOq16j2nEXjzIwop2h3EU/o5ppxw2/private/full/R1C1'/><gs:cell
        row='1' col='1' inputValue='Artist'>Artist</gs:cell></entry><entry gd:etag='&quot;ImB-GBUBSit7&quot;'><id>https://spreadsheets.google.com/feeds/cells/1PtMY4QlCFZAXV3usggqwWwvOq16j2nEXjzIwop2h3EU/o5ppxw2/R1C2</id><updated>2016-10-01T03:53:15.720Z</updated><app:edited
        xmlns:app='http://www.w3.org/2007/app'>2016-10-01T03:53:15.720Z</app:edited><category
        scheme='http://schemas.google.com/spreadsheets/2006' term='http://schemas.google.com/spreadsheets/2006#cell'/><title>B1</title><content>Album</content><link
        rel='self' type='application/atom+xml' href='https://spreadsheets.google.com/feeds/cells/1PtMY4QlCFZAXV3usggqwWwvOq16j2nEXjzIwop2h3EU/o5ppxw2/private/full/R1C2'/><link
        rel='edit' type='application/atom+xml' href='https://spreadsheets.google.com/feeds/cells/1PtMY4QlCFZAXV3usggqwWwvOq16j2nEXjzIwop2h3EU/o5ppxw2/private/full/R1C2'/><gs:cell
        row='1' col='2' inputValue='Album'>Album</gs:cell></entry><entry gd:etag='&quot;YD0GUAZYCyt7Ig..&quot;'><id>https://spreadsheets.google.com/feeds/cells/1PtMY4QlCFZAXV3usggqwWwvOq16j2nEXjzIwop2h3EU/o5ppxw2/R1C3</id><updated>2016-10-01T03:53:15.720Z</updated><app:edited
        xmlns:app='http://www.w3.org/2007/app'>2016-10-01T03:53:15.720Z</app:edited><category
        scheme='http://schemas.google.com/spreadsheets/2006' term='http://schemas.google.com/spreadsheets/2006#cell'/><title>C1</title><content>Genre</content><link
        rel='self' type='application/atom+xml' href='https://spreadsheets.google.com/feeds/cells/1PtMY4QlCFZAXV3usggqwWwvOq16j2nEXjzIwop2h3EU/o5ppxw2/private/full/R1C3'/><link
        rel='edit' type='application/atom+xml' href='https://spreadsheets.google.com/feeds/cells/1PtMY4QlCFZAXV3usggqwWwvOq16j2nEXjzIwop2h3EU/o5ppxw2/private/full/R1C3'/><gs:cell
        row='1' col='3' inputValue='Genre'>Genre</gs:cell></entry><entry gd:etag='&quot;YDgZQ1BXHyt7Ig..&quot;'><id>https://spreadsheets.google.com/feeds/cells/1PtMY4QlCFZAXV3usggqwWwvOq16j2nEXjzIwop2h3EU/o5ppxw2/R1C4</id><updated>2016-10-01T03:53:15.720Z</updated><app:edited
        xmlns:app='http://www.w3.org/2007/app'>2016-10-01T03:53:15.720Z</app:edited><category
        scheme='http://schemas.google.com/spreadsheets/2006' term='http://schemas.google.com/spreadsheets/2006#cell'/><title>D1</title><content>Source</content><link
        rel='self' type='application/atom+xml' href='https://spreadsheets.google.com/feeds/cells/1PtMY4QlCFZAXV3usggqwWwvOq16j2nEXjzIwop2h3EU/o5ppxw2/private/full/R1C4'/><link
        rel='edit' type='application/atom+xml' href='https://spreadsheets.google.com/feeds/cells/1PtMY4QlCFZAXV3usggqwWwvOq16j2nEXjzIwop2h3EU/o5ppxw2/private/full/R1C4'/><gs:cell
        row='1' col='4' inputValue='Source'>Source</gs:cell></entry><entry gd:etag='&quot;YGMZUAAUEyt7Ig..&quot;'><id>https://spreadsheets.google.com/feeds/cells/1PtMY4QlCFZAXV3usggqwWwvOq16j2nEXjzIwop2h3EU/o5ppxw2/R1C5</id><updated>2016-10-01T03:53:15.720Z</updated><app:edited
        xmlns:app='http://www.w3.org/2007/app'>2016-10-01T03:53:15.720Z</app:edited><category
        scheme='http://schemas.google.com/spreadsheets/2006' term='http://schemas.google.com/spreadsheets/2006#cell'/><title>E1</title><content>Tweet
        Review</content><link rel='self' type='application/atom+xml' href='https://spreadsheets.google.com/feeds/cells/1PtMY4QlCFZAXV3usggqwWwvOq16j2nEXjzIwop2h3EU/o5ppxw2/private/full/R1C5'/><link
        rel='edit' type='application/atom+xml' href='https://spreadsheets.google.com/feeds/cells/1PtMY4QlCFZAXV3usggqwWwvOq16j2nEXjzIwop2h3EU/o5ppxw2/private/full/R1C5'/><gs:cell
        row='1' col='5' inputValue='Tweet Review'>Tweet Review</gs:cell></entry><entry
        gd:etag='&quot;YHoPTQhZCSt7Ig..&quot;'><id>https://spreadsheets.google.com/feeds/cells/1PtMY4QlCFZAXV3usggqwWwvOq16j2nEXjzIwop2h3EU/o5ppxw2/R1C6</id><updated>2016-10-01T03:53:15.720Z</updated><app:edited
        xmlns:app='http://www.w3.org/2007/app'>2016-10-01T03:53:15.720Z</app:edited><category
        scheme='http://schemas.google.com/spreadsheets/2006' term='http://schemas.google.com/spreadsheets/2006#cell'/><title>F1</title><content>Reviewer</content><link
        rel='self' type='application/atom+xml' href='https://spreadsheets.google.com/feeds/cells/1PtMY4QlCFZAXV3usggqwWwvOq16j2nEXjzIwop2h3EU/o5ppxw2/private/full/R1C6'/><link
        rel='edit' type='application/atom+xml' href='https://spreadsheets.google.com/feeds/cells/1PtMY4QlCFZAXV3usggqwWwvOq16j2nEXjzIwop2h3EU/o5ppxw2/private/full/R1C6'/><gs:cell
        row='1' col='6' inputValue='Reviewer'>Reviewer</gs:cell></entry><entry gd:etag='&quot;YDsRH1pOCSt7Ig..&quot;'><id>https://spreadsheets.google.com/feeds/cells/1PtMY4QlCFZAXV3usggqwWwvOq16j2nEXjzIwop2h3EU/o5ppxw2/R1C7</id><updated>2016-10-01T03:53:15.720Z</updated><app:edited
        xmlns:app='http://www.w3.org/2007/app'>2016-10-01T03:53:15.720Z</app:edited><category
        scheme='http://schemas.google.com/spreadsheets/2006' term='http://schemas.google.com/spreadsheets/2006#cell'/><title>G1</title><content>Date
        Reviewed</content><link rel='self' type='application/atom+xml' href='https://spreadsheets.google.com/feeds/cells/1PtMY4QlCFZAXV3usggqwWwvOq16j2nEXjzIwop2h3EU/o5ppxw2/private/full/R1C7'/><link
        rel='edit' type='application/atom+xml' href='https://spreadsheets.google.com/feeds/cells/1PtMY4QlCFZAXV3usggqwWwvOq16j2nEXjzIwop2h3EU/o5ppxw2/private/full/R1C7'/><gs:cell
        row='1' col='7' inputValue='Date Reviewed'>Date Reviewed</gs:cell></entry><entry
        gd:etag='&quot;ImA9Hx4HFCt7&quot;'><id>https://spreadsheets.google.com/feeds/cells/1PtMY4QlCFZAXV3usggqwWwvOq16j2nEXjzIwop2h3EU/o5ppxw2/R1C8</id><updated>2016-10-01T03:53:15.720Z</updated><app:edited
        xmlns:app='http://www.w3.org/2007/app'>2016-10-01T03:53:15.720Z</app:edited><category
        scheme='http://schemas.google.com/spreadsheets/2006' term='http://schemas.google.com/spreadsheets/2006#cell'/><title>H1</title><content>Rating
        (0-3)</content><link rel='self' type='application/atom+xml' href='https://spreadsheets.google.com/feeds/cells/1PtMY4QlCFZAXV3usggqwWwvOq16j2nEXjzIwop2h3EU/o5ppxw2/private/full/R1C8'/><link
        rel='edit' type='application/atom+xml' href='https://spreadsheets.google.com/feeds/cells/1PtMY4QlCFZAXV3usggqwWwvOq16j2nEXjzIwop2h3EU/o5ppxw2/private/full/R1C8'/><gs:cell
        row='1' col='8' inputValue='Rating (0-3)'>Rating (0-3)</gs:cell></entry><entry
        gd:etag='&quot;YD5QFRtVCyt7Ig..&quot;'><id>https://spreadsheets.google.com/feeds/cells/1PtMY4QlCFZAXV3usggqwWwvOq16j2nEXjzIwop2h3EU/o5ppxw2/R1C9</id><updated>2016-10-01T03:53:15.720Z</updated><app:edited
        xmlns:app='http://www.w3.org/2007/app'>2016-10-01T03:53:15.720Z</app:edited><category
        scheme='http://schemas.google.com/spreadsheets/2006' term='http://schemas.google.com/spreadsheets/2006#cell'/><title>I1</title><content>AOTM</content><link
        rel='self' type='application/atom+xml' href='https://spreadsheets.google.com/feeds/cells/1PtMY4QlCFZAXV3usggqwWwvOq16j2nEXjzIwop2h3EU/o5ppxw2/private/full/R1C9'/><link
        rel='edit' type='application/atom+xml' href='https://spreadsheets.google.com/feeds/cells/1PtMY4QlCFZAXV3usggqwWwvOq16j2nEXjzIwop2h3EU/o5ppxw2/private/full/R1C9'/><gs:cell
        row='1' col='9' inputValue='AOTM'>AOTM</gs:cell></entry><entry gd:etag='&quot;YD8RQlQVDit7Ig..&quot;'><id>https://spreadsheets.google.com/feeds/cells/1PtMY4QlCFZAXV3usggqwWwvOq16j2nEXjzIwop2h3EU/o5ppxw2/R1C10</id><updated>2016-10-01T03:53:15.720Z</updated><app:edited
        xmlns:app='http://www.w3.org/2007/app'>2016-10-01T03:53:15.720Z</app:edited><category
        scheme='http://schemas.google.com/spreadsheets/2006' term='http://schemas.google.com/spreadsheets/2006#cell'/><title>J1</title><content>Recommended
        to</content><link rel='self' type='application/atom+xml' href='https://spreadsheets.google.com/feeds/cells/1PtMY4QlCFZAXV3usggqwWwvOq16j2nEXjzIwop2h3EU/o5ppxw2/private/full/R1C10'/><link
        rel='edit' type='application/atom+xml' href='https://spreadsheets.google.com/feeds/cells/1PtMY4QlCFZAXV3usggqwWwvOq16j2nEXjzIwop2h3EU/o5ppxw2/private/full/R1C10'/><gs:cell
        row='1' col='10' inputValue='Recommended to'>Recommended to</gs:cell></entry><entry
        gd:etag='&quot;YDoTSVpBCyt7Ig..&quot;'><id>https://spreadsheets.google.com/feeds/cells/1PtMY4QlCFZAXV3usggqwWwvOq16j2nEXjzIwop2h3EU/o5ppxw2/R2C1</id><updated>2016-10-01T03:53:15.720Z</updated><app:edited
        xmlns:app='http://www.w3.org/2007/app'>2016-10-01T03:53:15.720Z</app:edited><category
        scheme='http://schemas.google.com/spreadsheets/2006' term='http://schemas.google.com/spreadsheets/2006#cell'/><title>A2</title><content>WU
        LYF</content><link rel='self' type='application/atom+xml' href='https://spreadsheets.google.com/feeds/cells/1PtMY4QlCFZAXV3usggqwWwvOq16j2nEXjzIwop2h3EU/o5ppxw2/private/full/R2C1'/><link
        rel='edit' type='application/atom+xml' href='https://spreadsheets.google.com/feeds/cells/1PtMY4QlCFZAXV3usggqwWwvOq16j2nEXjzIwop2h3EU/o5ppxw2/private/full/R2C1'/><gs:cell
        row='2' col='1' inputValue='WU LYF'>WU LYF</gs:cell></entry><entry gd:etag='&quot;YGgGTFtDCCt7Ig..&quot;'><id>https://spreadsheets.google.com/feeds/cells/1PtMY4QlCFZAXV3usggqwWwvOq16j2nEXjzIwop2h3EU/o5ppxw2/R2C2</id><updated>2016-10-01T03:53:15.720Z</updated><app:edited
        xmlns:app='http://www.w3.org/2007/app'>2016-10-01T03:53:15.720Z</app:edited><category
        scheme='http://schemas.google.com/spreadsheets/2006' term='http://schemas.google.com/spreadsheets/2006#cell'/><title>B2</title><content>Go
        Tell Fire To The Mountain</content><link rel='self' type='application/atom+xml'
        href='https://spreadsheets.google.com/feeds/cells/1PtMY4QlCFZAXV3usggqwWwvOq16j2nEXjzIwop2h3EU/o5ppxw2/private/full/R2C2'/><link
        rel='edit' type='application/atom+xml' href='https://spreadsheets.google.com/feeds/cells/1PtMY4QlCFZAXV3usggqwWwvOq16j2nEXjzIwop2h3EU/o5ppxw2/private/full/R2C2'/><gs:cell
        row='2' col='2' inputValue='Go Tell Fire To The Mountain'>Go Tell Fire To
        The Mountain</gs:cell></entry><entry gd:etag='&quot;YD4LUVVESSt7Ig..&quot;'><id>https://spreadsheets.google.com/feeds/cells/1PtMY4QlCFZAXV3usggqwWwvOq16j2nEXjzIwop2h3EU/o5ppxw2/R2C3</id><updated>2016-10-01T03:53:15.720Z</updated><app:edited
        xmlns:app='http://www.w3.org/2007/app'>2016-10-01T03:53:15.720Z</app:edited><category
        scheme='http://schemas.google.com/spreadsheets/2006' term='http://schemas.google.com/spreadsheets/2006#cell'/><title>C2</title><content>Heavy
        Pop</content><link rel='self' type='application/atom+xml' href='https://spreadsheets.google.com/feeds/cells/1PtMY4QlCFZAXV3usggqwWwvOq16j2nEXjzIwop2h3EU/o5ppxw2/private/full/R2C3'/><link
        rel='edit' type='application/atom+xml' href='https://spreadsheets.google.com/feeds/cells/1PtMY4QlCFZAXV3usggqwWwvOq16j2nEXjzIwop2h3EU/o5ppxw2/private/full/R2C3'/><gs:cell
        row='2' col='3' inputValue='Heavy Pop'>Heavy Pop</gs:cell></entry><entry gd:etag='&quot;YDgKVwFDSCt7Ig..&quot;'><id>https://spreadsheets.google.com/feeds/cells/1PtMY4QlCFZAXV3usggqwWwvOq16j2nEXjzIwop2h3EU/o5ppxw2/R2C4</id><updated>2016-10-01T03:53:15.720Z</updated><app:edited
        xmlns:app='http://www.w3.org/2007/app'>2016-10-01T03:53:15.720Z</app:edited><category
        scheme='http://schemas.google.com/spreadsheets/2006' term='http://schemas.google.com/spreadsheets/2006#cell'/><title>D2</title><content>Spotify</content><link
        rel='self' type='application/atom+xml' href='https://spreadsheets.google.com/feeds/cells/1PtMY4QlCFZAXV3usggqwWwvOq16j2nEXjzIwop2h3EU/o5ppxw2/private/full/R2C4'/><link
        rel='edit' type='application/atom+xml' href='https://spreadsheets.google.com/feeds/cells/1PtMY4QlCFZAXV3usggqwWwvOq16j2nEXjzIwop2h3EU/o5ppxw2/private/full/R2C4'/><gs:cell
        row='2' col='4' inputValue='=HYPERLINK(&quot;https://play.spotify.com/album/3YUCk9Q1vjWsZsTur93sQP&quot;,&quot;Spotify&quot;)'>Spotify</gs:cell></entry><entry
        gd:etag='&quot;YDlYTRlDSit7Ig..&quot;'><id>https://spreadsheets.google.com/feeds/cells/1PtMY4QlCFZAXV3usggqwWwvOq16j2nEXjzIwop2h3EU/o5ppxw2/R2C5</id><updated>2016-10-01T03:53:15.720Z</updated><app:edited
        xmlns:app='http://www.w3.org/2007/app'>2016-10-01T03:53:15.720Z</app:edited><category
        scheme='http://schemas.google.com/spreadsheets/2006' term='http://schemas.google.com/spreadsheets/2006#cell'/><title>E2</title><content>These
        mysterious Mancunians craft a debut of exhilarating expanse and passion that
        sounds like indie rock and yet feels way bigger. 3+ #JulySoundcheck</content><link
        rel='self' type='application/atom+xml' href='https://spreadsheets.google.com/feeds/cells/1PtMY4QlCFZAXV3usggqwWwvOq16j2nEXjzIwop2h3EU/o5ppxw2/private/full/R2C5'/><link
        rel='edit' type='application/atom+xml' href='https://spreadsheets.google.com/feeds/cells/1PtMY4QlCFZAXV3usggqwWwvOq16j2nEXjzIwop2h3EU/o5ppxw2/private/full/R2C5'/><gs:cell
        row='2' col='5' inputValue='=HYPERLINK(&quot;https://www.twitter.com/JulySoundcheck/status/781681048220536832&quot;,
        &quot;These mysterious Mancunians craft a debut of exhilarating expanse and
        passion that sounds like indie rock and yet feels way bigger. 3+ #JulySoundcheck&quot;)'>These
        mysterious Mancunians craft a debut of exhilarating expanse and passion that
        sounds like indie rock and yet feels way bigger. 3+ #JulySoundcheck</gs:cell></entry><entry
        gd:etag='&quot;YD8GShYYHit7Ig..&quot;'><id>https://spreadsheets.google.com/feeds/cells/1PtMY4QlCFZAXV3usggqwWwvOq16j2nEXjzIwop2h3EU/o5ppxw2/R2C6</id><updated>2016-10-01T03:53:15.720Z</updated><app:edited
        xmlns:app='http://www.w3.org/2007/app'>2016-10-01T03:53:15.720Z</app:edited><category
        scheme='http://schemas.google.com/spreadsheets/2006' term='http://schemas.google.com/spreadsheets/2006#cell'/><title>F2</title><content>Ryan
        Norman 12</content><link rel='self' type='application/atom+xml' href='https://spreadsheets.google.com/feeds/cells/1PtMY4QlCFZAXV3usggqwWwvOq16j2nEXjzIwop2h3EU/o5ppxw2/private/full/R2C6'/><link
        rel='edit' type='application/atom+xml' href='https://spreadsheets.google.com/feeds/cells/1PtMY4QlCFZAXV3usggqwWwvOq16j2nEXjzIwop2h3EU/o5ppxw2/private/full/R2C6'/><gs:cell
        row='2' col='6' inputValue='Ryan Norman 12'>Ryan Norman 12</gs:cell></entry><entry
        gd:etag='&quot;YHoHFAgVHyt7Ig..&quot;'><id>https://spreadsheets.google.com/feeds/cells/1PtMY4QlCFZAXV3usggqwWwvOq16j2nEXjzIwop2h3EU/o5ppxw2/R2C7</id><updated>2016-10-01T03:53:15.720Z</updated><app:edited
        xmlns:app='http://www.w3.org/2007/app'>2016-10-01T03:53:15.720Z</app:edited><category
        scheme='http://schemas.google.com/spreadsheets/2006' term='http://schemas.google.com/spreadsheets/2006#cell'/><title>G2</title><content>9/30/2016</content><link
        rel='self' type='application/atom+xml' href='https://spreadsheets.google.com/feeds/cells/1PtMY4QlCFZAXV3usggqwWwvOq16j2nEXjzIwop2h3EU/o5ppxw2/private/full/R2C7'/><link
        rel='edit' type='application/atom+xml' href='https://spreadsheets.google.com/feeds/cells/1PtMY4QlCFZAXV3usggqwWwvOq16j2nEXjzIwop2h3EU/o5ppxw2/private/full/R2C7'/><gs:cell
        row='2' col='7' inputValue='9/30/2016' numericValue='42643.0'>9/30/2016</gs:cell></entry><entry
        gd:etag='&quot;YDhZUVVJGit7Ig..&quot;'><id>https://spreadsheets.google.com/feeds/cells/1PtMY4QlCFZAXV3usggqwWwvOq16j2nEXjzIwop2h3EU/o5ppxw2/R3C1</id><updated>2016-10-01T03:53:15.720Z</updated><app:edited
        xmlns:app='http://www.w3.org/2007/app'>2016-10-01T03:53:15.720Z</app:edited><category
        scheme='http://schemas.google.com/spreadsheets/2006' term='http://schemas.google.com/spreadsheets/2006#cell'/><title>A3</title><content>Pixies</content><link
        rel='self' type='application/atom+xml' href='https://spreadsheets.google.com/feeds/cells/1PtMY4QlCFZAXV3usggqwWwvOq16j2nEXjzIwop2h3EU/o5ppxw2/private/full/R3C1'/><link
        rel='edit' type='application/atom+xml' href='https://spreadsheets.google.com/feeds/cells/1PtMY4QlCFZAXV3usggqwWwvOq16j2nEXjzIwop2h3EU/o5ppxw2/private/full/R3C1'/><gs:cell
        row='3' col='1' inputValue='Pixies'>Pixies</gs:cell></entry><entry gd:etag='&quot;YDsbFhpFTyt7Ig..&quot;'><id>https://spreadsheets.google.com/feeds/cells/1PtMY4QlCFZAXV3usggqwWwvOq16j2nEXjzIwop2h3EU/o5ppxw2/R3C2</id><updated>2016-10-01T03:53:15.720Z</updated><app:edited
        xmlns:app='http://www.w3.org/2007/app'>2016-10-01T03:53:15.720Z</app:edited><category
        scheme='http://schemas.google.com/spreadsheets/2006' term='http://schemas.google.com/spreadsheets/2006#cell'/><title>B3</title><content>Doolittle</content><link
        rel='self' type='application/atom+xml' href='https://spreadsheets.google.com/feeds/cells/1PtMY4QlCFZAXV3usggqwWwvOq16j2nEXjzIwop2h3EU/o5ppxw2/private/full/R3C2'/><link
        rel='edit' type='application/atom+xml' href='https://spreadsheets.google.com/feeds/cells/1PtMY4QlCFZAXV3usggqwWwvOq16j2nEXjzIwop2h3EU/o5ppxw2/private/full/R3C2'/><gs:cell
        row='3' col='2' inputValue='Doolittle'>Doolittle</gs:cell></entry><entry gd:etag='&quot;YGIbVVsXFSt7Ig..&quot;'><id>https://spreadsheets.google.com/feeds/cells/1PtMY4QlCFZAXV3usggqwWwvOq16j2nEXjzIwop2h3EU/o5ppxw2/R3C3</id><updated>2016-10-01T03:53:15.720Z</updated><app:edited
        xmlns:app='http://www.w3.org/2007/app'>2016-10-01T03:53:15.720Z</app:edited><category
        scheme='http://schemas.google.com/spreadsheets/2006' term='http://schemas.google.com/spreadsheets/2006#cell'/><title>C3</title><content>Alternative</content><link
        rel='self' type='application/atom+xml' href='https://spreadsheets.google.com/feeds/cells/1PtMY4QlCFZAXV3usggqwWwvOq16j2nEXjzIwop2h3EU/o5ppxw2/private/full/R3C3'/><link
        rel='edit' type='application/atom+xml' href='https://spreadsheets.google.com/feeds/cells/1PtMY4QlCFZAXV3usggqwWwvOq16j2nEXjzIwop2h3EU/o5ppxw2/private/full/R3C3'/><gs:cell
        row='3' col='3' inputValue='Alternative'>Alternative</gs:cell></entry><entry
        gd:etag='&quot;ImBqWFQGRyt7&quot;'><id>https://spreadsheets.google.com/feeds/cells/1PtMY4QlCFZAXV3usggqwWwvOq16j2nEXjzIwop2h3EU/o5ppxw2/R3C4</id><updated>2016-10-01T03:53:15.720Z</updated><app:edited
        xmlns:app='http://www.w3.org/2007/app'>2016-10-01T03:53:15.720Z</app:edited><category
        scheme='http://schemas.google.com/spreadsheets/2006' term='http://schemas.google.com/spreadsheets/2006#cell'/><title>D3</title><content>Spotify</content><link
        rel='self' type='application/atom+xml' href='https://spreadsheets.google.com/feeds/cells/1PtMY4QlCFZAXV3usggqwWwvOq16j2nEXjzIwop2h3EU/o5ppxw2/private/full/R3C4'/><link
        rel='edit' type='application/atom+xml' href='https://spreadsheets.google.com/feeds/cells/1PtMY4QlCFZAXV3usggqwWwvOq16j2nEXjzIwop2h3EU/o5ppxw2/private/full/R3C4'/><gs:cell
        row='3' col='4' inputValue='=HYPERLINK(&quot;https://play.spotify.com/album/6ymZBbRSmzAvoSGmwAFoxm&quot;,&quot;Spotify&quot;)'>Spotify</gs:cell></entry><entry
        gd:etag='&quot;YGkZEwUUGyt7Ig..&quot;'><id>https://spreadsheets.google.com/feeds/cells/1PtMY4QlCFZAXV3usggqwWwvOq16j2nEXjzIwop2h3EU/o5ppxw2/R3C5</id><updated>2016-10-01T03:53:15.720Z</updated><app:edited
        xmlns:app='http://www.w3.org/2007/app'>2016-10-01T03:53:15.720Z</app:edited><category
        scheme='http://schemas.google.com/spreadsheets/2006' term='http://schemas.google.com/spreadsheets/2006#cell'/><title>E3</title><content>If
        I had any Euro-trash friends, I’d play ZHU’s “Generationwhy” for them… fortunately
        I don’t know anyone from Europe. #JulySoundcheck</content><link rel='self'
        type='application/atom+xml' href='https://spreadsheets.google.com/feeds/cells/1PtMY4QlCFZAXV3usggqwWwvOq16j2nEXjzIwop2h3EU/o5ppxw2/private/full/R3C5'/><link
        rel='edit' type='application/atom+xml' href='https://spreadsheets.google.com/feeds/cells/1PtMY4QlCFZAXV3usggqwWwvOq16j2nEXjzIwop2h3EU/o5ppxw2/private/full/R3C5'/><gs:cell
        row='3' col='5' inputValue='=HYPERLINK(&quot;https://www.twitter.com/JulySoundcheck/status/987654321&quot;,
        &quot;If I had any Euro-trash friends, I’d play ZHU’s “Generationwhy” for
        them… fortunately I don’t know anyone from Europe. #JulySoundcheck&quot;)'>If
        I had any Euro-trash friends, I’d play ZHU’s “Generationwhy” for them… fortunately
        I don’t know anyone from Europe. #JulySoundcheck</gs:cell></entry><entry gd:etag='&quot;YD8GTQVOBSt7Ig..&quot;'><id>https://spreadsheets.google.com/feeds/cells/1PtMY4QlCFZAXV3usggqwWwvOq16j2nEXjzIwop2h3EU/o5ppxw2/R3C6</id><updated>2016-10-01T03:53:15.720Z</updated><app:edited
        xmlns:app='http://www.w3.org/2007/app'>2016-10-01T03:53:15.720Z</app:edited><category
        scheme='http://schemas.google.com/spreadsheets/2006' term='http://schemas.google.com/spreadsheets/2006#cell'/><title>F3</title><content>Ryan
        Norman 13</content><link rel='self' type='application/atom+xml' href='https://spreadsheets.google.com/feeds/cells/1PtMY4QlCFZAXV3usggqwWwvOq16j2nEXjzIwop2h3EU/o5ppxw2/private/full/R3C6'/><link
        rel='edit' type='application/atom+xml' href='https://spreadsheets.google.com/feeds/cells/1PtMY4QlCFZAXV3usggqwWwvOq16j2nEXjzIwop2h3EU/o5ppxw2/private/full/R3C6'/><gs:cell
        row='3' col='6' inputValue='Ryan Norman 13'>Ryan Norman 13</gs:cell></entry><entry
        gd:etag='&quot;YHoHFRpQDyt7Ig..&quot;'><id>https://spreadsheets.google.com/feeds/cells/1PtMY4QlCFZAXV3usggqwWwvOq16j2nEXjzIwop2h3EU/o5ppxw2/R3C7</id><updated>2016-10-01T03:53:15.720Z</updated><app:edited
        xmlns:app='http://www.w3.org/2007/app'>2016-10-01T03:53:15.720Z</app:edited><category
        scheme='http://schemas.google.com/spreadsheets/2006' term='http://schemas.google.com/spreadsheets/2006#cell'/><title>G3</title><content>9/30/2016</content><link
        rel='self' type='application/atom+xml' href='https://spreadsheets.google.com/feeds/cells/1PtMY4QlCFZAXV3usggqwWwvOq16j2nEXjzIwop2h3EU/o5ppxw2/private/full/R3C7'/><link
        rel='edit' type='application/atom+xml' href='https://spreadsheets.google.com/feeds/cells/1PtMY4QlCFZAXV3usggqwWwvOq16j2nEXjzIwop2h3EU/o5ppxw2/private/full/R3C7'/><gs:cell
        row='3' col='7' inputValue='9/30/2016' numericValue='42643.0'>9/30/2016</gs:cell></entry><entry
        gd:etag='&quot;YD0RXBpVDCt7Ig..&quot;'><id>https://spreadsheets.google.com/feeds/cells/1PtMY4QlCFZAXV3usggqwWwvOq16j2nEXjzIwop2h3EU/o5ppxw2/R3C8</id><updated>2016-10-01T03:53:15.720Z</updated><app:edited
        xmlns:app='http://www.w3.org/2007/app'>2016-10-01T03:53:15.720Z</app:edited><category
        scheme='http://schemas.google.com/spreadsheets/2006' term='http://schemas.google.com/spreadsheets/2006#cell'/><title>H3</title><content>2</content><link
        rel='self' type='application/atom+xml' href='https://spreadsheets.google.com/feeds/cells/1PtMY4QlCFZAXV3usggqwWwvOq16j2nEXjzIwop2h3EU/o5ppxw2/private/full/R3C8'/><link
        rel='edit' type='application/atom+xml' href='https://spreadsheets.google.com/feeds/cells/1PtMY4QlCFZAXV3usggqwWwvOq16j2nEXjzIwop2h3EU/o5ppxw2/private/full/R3C8'/><gs:cell
        row='3' col='8' inputValue='2' numericValue='2.0'>2</gs:cell></entry></feed>"
    http_version: 
  recorded_at: Sat, 01 Oct 2016 03:54:22 GMT
- request:
    method: get
    uri: https://spreadsheets.google.com/feeds/cells/1PtMY4QlCFZAXV3usggqwWwvOq16j2nEXjzIwop2h3EU/o5ppxw2/private/full?max-col=9&max-row=2&min-col=1&min-row=2&return-empty=true
    body:
      encoding: UTF-8
      string: ''
    headers:
      User-Agent:
      - |-
        unknown/0.0.0 google-api-ruby-client/0.9.11 Mac OS X/10.11.6
         (gzip)
      Accept:
      - "*/*"
      Accept-Encoding:
      - gzip,deflate
      Date:
      - Sat, 01 Oct 2016 03:54:22 GMT
      Authorization:
      - Bearer ya29.CjFvAz2XNDWpYlFesXFQSxlxFTwtxfyzuRe5qNiSXkV1rAx_ILpPfL5y3pUynn_4L6LT
      Gdata-Version:
      - '3.0'
  response:
    status:
      code: 200
      message: OK
    headers:
      Content-Type:
      - application/atom+xml; charset=UTF-8; type=feed
      X-Robots-Tag:
      - noindex, nofollow, nosnippet
      Expires:
      - Sat, 01 Oct 2016 03:54:23 GMT
      Date:
      - Sat, 01 Oct 2016 03:54:23 GMT
      Cache-Control:
      - private, max-age=0, must-revalidate, no-transform
      Vary:
      - Accept, X-GData-Authorization, GData-Version
      Gdata-Version:
      - '3.0'
      Etag:
      - W/"CU4NRHk5eCt7ImA9XRFWEkQ."
      Last-Modified:
      - Sat, 01 Oct 2016 03:53:15 GMT
      Content-Encoding:
      - gzip
      P3p:
      - CP="This is not a P3P policy! See https://support.google.com/accounts/answer/151657?hl=en
        for more info."
      - CP="This is not a P3P policy! See https://support.google.com/accounts/answer/151657?hl=en
        for more info."
      X-Content-Type-Options:
      - nosniff
      X-Frame-Options:
      - SAMEORIGIN
      X-Xss-Protection:
      - 1; mode=block
      Server:
      - GSE
      Set-Cookie:
      - NID=87=TOpwftA5TcWUa3x0VKizLTXkpWaNBbaTLK4QErVm6BGBFW7aKUveqy7ONwFy4AhouMybTLvlw-GhcEmCzZ3bEHP9mg5NR5RNVAREHWOEoUJzCgMZjvD4kN2YUFYJ9O-P;Domain=.google.com;Path=/;Expires=Sun,
        02-Apr-2017 03:54:23 GMT;HttpOnly
      - NID=87=YpSOECJdYetRGKzsVA7boOZGb-sHdg4__jENiOig-lisSnG_ou_e8h0a-c5qhqxKuDwuKsBF4RfK9dmtjArRSTjzbh22b7xPOufZ6LuMdQDQHIrSOR4nPwqCMi90bURY;Domain=.google.com;Path=/;Expires=Sun,
        02-Apr-2017 03:54:23 GMT;HttpOnly
      Alt-Svc:
      - quic=":443"; ma=2592000; v="36,35,34,33,32"
      Transfer-Encoding:
      - chunked
    body:
      encoding: UTF-8
      string: "<?xml version='1.0' encoding='UTF-8'?><feed xmlns='http://www.w3.org/2005/Atom'
        xmlns:openSearch='http://a9.com/-/spec/opensearch/1.1/' xmlns:batch='http://schemas.google.com/gdata/batch'
        xmlns:gs='http://schemas.google.com/spreadsheets/2006' xmlns:gd='http://schemas.google.com/g/2005'
        gd:etag='W/&quot;CU4NRHk5eCt7ImA9XRFWEkQ.&quot;'><id>https://spreadsheets.google.com/feeds/cells/1PtMY4QlCFZAXV3usggqwWwvOq16j2nEXjzIwop2h3EU/o5ppxw2/private/full</id><updated>2016-10-01T03:53:15.720Z</updated><category
        scheme='http://schemas.google.com/spreadsheets/2006' term='http://schemas.google.com/spreadsheets/2006#cell'/><title>July
        Soundcheck 4</title><link rel='alternate' type='application/atom+xml' href='https://docs.google.com/spreadsheets/d/1PtMY4QlCFZAXV3usggqwWwvOq16j2nEXjzIwop2h3EU/edit'/><link
        rel='http://schemas.google.com/g/2005#feed' type='application/atom+xml' href='https://spreadsheets.google.com/feeds/cells/1PtMY4QlCFZAXV3usggqwWwvOq16j2nEXjzIwop2h3EU/o5ppxw2/private/full'/><link
        rel='http://schemas.google.com/g/2005#post' type='application/atom+xml' href='https://spreadsheets.google.com/feeds/cells/1PtMY4QlCFZAXV3usggqwWwvOq16j2nEXjzIwop2h3EU/o5ppxw2/private/full'/><link
        rel='http://schemas.google.com/g/2005#batch' type='application/atom+xml' href='https://spreadsheets.google.com/feeds/cells/1PtMY4QlCFZAXV3usggqwWwvOq16j2nEXjzIwop2h3EU/o5ppxw2/private/full/batch'/><link
        rel='self' type='application/atom+xml' href='https://spreadsheets.google.com/feeds/cells/1PtMY4QlCFZAXV3usggqwWwvOq16j2nEXjzIwop2h3EU/o5ppxw2/private/full?return-empty=true&amp;min-row=2&amp;max-col=9&amp;min-col=1&amp;max-row=2'/><author><name>rsnorman15</name><email>rsnorman15@gmail.com</email></author><openSearch:totalResults>9</openSearch:totalResults><openSearch:startIndex>1</openSearch:startIndex><gs:rowCount>1012</gs:rowCount><gs:colCount>26</gs:colCount><entry
        gd:etag='&quot;YDoTSVpBCyt7Ig..&quot;'><id>https://spreadsheets.google.com/feeds/cells/1PtMY4QlCFZAXV3usggqwWwvOq16j2nEXjzIwop2h3EU/o5ppxw2/R2C1</id><updated>2016-10-01T03:53:15.720Z</updated><app:edited
        xmlns:app='http://www.w3.org/2007/app'>2016-10-01T03:53:15.720Z</app:edited><category
        scheme='http://schemas.google.com/spreadsheets/2006' term='http://schemas.google.com/spreadsheets/2006#cell'/><title>A2</title><content>WU
        LYF</content><link rel='self' type='application/atom+xml' href='https://spreadsheets.google.com/feeds/cells/1PtMY4QlCFZAXV3usggqwWwvOq16j2nEXjzIwop2h3EU/o5ppxw2/private/full/R2C1'/><link
        rel='edit' type='application/atom+xml' href='https://spreadsheets.google.com/feeds/cells/1PtMY4QlCFZAXV3usggqwWwvOq16j2nEXjzIwop2h3EU/o5ppxw2/private/full/R2C1'/><gs:cell
        row='2' col='1' inputValue='WU LYF'>WU LYF</gs:cell></entry><entry gd:etag='&quot;YGgGTFtDCCt7Ig..&quot;'><id>https://spreadsheets.google.com/feeds/cells/1PtMY4QlCFZAXV3usggqwWwvOq16j2nEXjzIwop2h3EU/o5ppxw2/R2C2</id><updated>2016-10-01T03:53:15.720Z</updated><app:edited
        xmlns:app='http://www.w3.org/2007/app'>2016-10-01T03:53:15.720Z</app:edited><category
        scheme='http://schemas.google.com/spreadsheets/2006' term='http://schemas.google.com/spreadsheets/2006#cell'/><title>B2</title><content>Go
        Tell Fire To The Mountain</content><link rel='self' type='application/atom+xml'
        href='https://spreadsheets.google.com/feeds/cells/1PtMY4QlCFZAXV3usggqwWwvOq16j2nEXjzIwop2h3EU/o5ppxw2/private/full/R2C2'/><link
        rel='edit' type='application/atom+xml' href='https://spreadsheets.google.com/feeds/cells/1PtMY4QlCFZAXV3usggqwWwvOq16j2nEXjzIwop2h3EU/o5ppxw2/private/full/R2C2'/><gs:cell
        row='2' col='2' inputValue='Go Tell Fire To The Mountain'>Go Tell Fire To
        The Mountain</gs:cell></entry><entry gd:etag='&quot;YD4LUVVESSt7Ig..&quot;'><id>https://spreadsheets.google.com/feeds/cells/1PtMY4QlCFZAXV3usggqwWwvOq16j2nEXjzIwop2h3EU/o5ppxw2/R2C3</id><updated>2016-10-01T03:53:15.720Z</updated><app:edited
        xmlns:app='http://www.w3.org/2007/app'>2016-10-01T03:53:15.720Z</app:edited><category
        scheme='http://schemas.google.com/spreadsheets/2006' term='http://schemas.google.com/spreadsheets/2006#cell'/><title>C2</title><content>Heavy
        Pop</content><link rel='self' type='application/atom+xml' href='https://spreadsheets.google.com/feeds/cells/1PtMY4QlCFZAXV3usggqwWwvOq16j2nEXjzIwop2h3EU/o5ppxw2/private/full/R2C3'/><link
        rel='edit' type='application/atom+xml' href='https://spreadsheets.google.com/feeds/cells/1PtMY4QlCFZAXV3usggqwWwvOq16j2nEXjzIwop2h3EU/o5ppxw2/private/full/R2C3'/><gs:cell
        row='2' col='3' inputValue='Heavy Pop'>Heavy Pop</gs:cell></entry><entry gd:etag='&quot;YDgKVwFDSCt7Ig..&quot;'><id>https://spreadsheets.google.com/feeds/cells/1PtMY4QlCFZAXV3usggqwWwvOq16j2nEXjzIwop2h3EU/o5ppxw2/R2C4</id><updated>2016-10-01T03:53:15.720Z</updated><app:edited
        xmlns:app='http://www.w3.org/2007/app'>2016-10-01T03:53:15.720Z</app:edited><category
        scheme='http://schemas.google.com/spreadsheets/2006' term='http://schemas.google.com/spreadsheets/2006#cell'/><title>D2</title><content>Spotify</content><link
        rel='self' type='application/atom+xml' href='https://spreadsheets.google.com/feeds/cells/1PtMY4QlCFZAXV3usggqwWwvOq16j2nEXjzIwop2h3EU/o5ppxw2/private/full/R2C4'/><link
        rel='edit' type='application/atom+xml' href='https://spreadsheets.google.com/feeds/cells/1PtMY4QlCFZAXV3usggqwWwvOq16j2nEXjzIwop2h3EU/o5ppxw2/private/full/R2C4'/><gs:cell
        row='2' col='4' inputValue='=HYPERLINK(&quot;https://play.spotify.com/album/3YUCk9Q1vjWsZsTur93sQP&quot;,&quot;Spotify&quot;)'>Spotify</gs:cell></entry><entry
        gd:etag='&quot;YDlYTRlDSit7Ig..&quot;'><id>https://spreadsheets.google.com/feeds/cells/1PtMY4QlCFZAXV3usggqwWwvOq16j2nEXjzIwop2h3EU/o5ppxw2/R2C5</id><updated>2016-10-01T03:53:15.720Z</updated><app:edited
        xmlns:app='http://www.w3.org/2007/app'>2016-10-01T03:53:15.720Z</app:edited><category
        scheme='http://schemas.google.com/spreadsheets/2006' term='http://schemas.google.com/spreadsheets/2006#cell'/><title>E2</title><content>These
        mysterious Mancunians craft a debut of exhilarating expanse and passion that
        sounds like indie rock and yet feels way bigger. 3+ #JulySoundcheck</content><link
        rel='self' type='application/atom+xml' href='https://spreadsheets.google.com/feeds/cells/1PtMY4QlCFZAXV3usggqwWwvOq16j2nEXjzIwop2h3EU/o5ppxw2/private/full/R2C5'/><link
        rel='edit' type='application/atom+xml' href='https://spreadsheets.google.com/feeds/cells/1PtMY4QlCFZAXV3usggqwWwvOq16j2nEXjzIwop2h3EU/o5ppxw2/private/full/R2C5'/><gs:cell
        row='2' col='5' inputValue='=HYPERLINK(&quot;https://www.twitter.com/JulySoundcheck/status/781681048220536832&quot;,
        &quot;These mysterious Mancunians craft a debut of exhilarating expanse and
        passion that sounds like indie rock and yet feels way bigger. 3+ #JulySoundcheck&quot;)'>These
        mysterious Mancunians craft a debut of exhilarating expanse and passion that
        sounds like indie rock and yet feels way bigger. 3+ #JulySoundcheck</gs:cell></entry><entry
        gd:etag='&quot;YD8GShYYHit7Ig..&quot;'><id>https://spreadsheets.google.com/feeds/cells/1PtMY4QlCFZAXV3usggqwWwvOq16j2nEXjzIwop2h3EU/o5ppxw2/R2C6</id><updated>2016-10-01T03:53:15.720Z</updated><app:edited
        xmlns:app='http://www.w3.org/2007/app'>2016-10-01T03:53:15.720Z</app:edited><category
        scheme='http://schemas.google.com/spreadsheets/2006' term='http://schemas.google.com/spreadsheets/2006#cell'/><title>F2</title><content>Ryan
        Norman 12</content><link rel='self' type='application/atom+xml' href='https://spreadsheets.google.com/feeds/cells/1PtMY4QlCFZAXV3usggqwWwvOq16j2nEXjzIwop2h3EU/o5ppxw2/private/full/R2C6'/><link
        rel='edit' type='application/atom+xml' href='https://spreadsheets.google.com/feeds/cells/1PtMY4QlCFZAXV3usggqwWwvOq16j2nEXjzIwop2h3EU/o5ppxw2/private/full/R2C6'/><gs:cell
        row='2' col='6' inputValue='Ryan Norman 12'>Ryan Norman 12</gs:cell></entry><entry
        gd:etag='&quot;YHoHFAgVHyt7Ig..&quot;'><id>https://spreadsheets.google.com/feeds/cells/1PtMY4QlCFZAXV3usggqwWwvOq16j2nEXjzIwop2h3EU/o5ppxw2/R2C7</id><updated>2016-10-01T03:53:15.720Z</updated><app:edited
        xmlns:app='http://www.w3.org/2007/app'>2016-10-01T03:53:15.720Z</app:edited><category
        scheme='http://schemas.google.com/spreadsheets/2006' term='http://schemas.google.com/spreadsheets/2006#cell'/><title>G2</title><content>9/30/2016</content><link
        rel='self' type='application/atom+xml' href='https://spreadsheets.google.com/feeds/cells/1PtMY4QlCFZAXV3usggqwWwvOq16j2nEXjzIwop2h3EU/o5ppxw2/private/full/R2C7'/><link
        rel='edit' type='application/atom+xml' href='https://spreadsheets.google.com/feeds/cells/1PtMY4QlCFZAXV3usggqwWwvOq16j2nEXjzIwop2h3EU/o5ppxw2/private/full/R2C7'/><gs:cell
        row='2' col='7' inputValue='9/30/2016' numericValue='42643.0'>9/30/2016</gs:cell></entry><entry
        gd:etag='&quot;YD0RXwgYCit7Ig..&quot;'><id>https://spreadsheets.google.com/feeds/cells/1PtMY4QlCFZAXV3usggqwWwvOq16j2nEXjzIwop2h3EU/o5ppxw2/R2C8</id><updated>2016-10-01T03:53:15.720Z</updated><app:edited
        xmlns:app='http://www.w3.org/2007/app'>2016-10-01T03:53:15.720Z</app:edited><category
        scheme='http://schemas.google.com/spreadsheets/2006' term='http://schemas.google.com/spreadsheets/2006#cell'/><title>H2</title><content></content><link
        rel='self' type='application/atom+xml' href='https://spreadsheets.google.com/feeds/cells/1PtMY4QlCFZAXV3usggqwWwvOq16j2nEXjzIwop2h3EU/o5ppxw2/private/full/R2C8'/><link
        rel='edit' type='application/atom+xml' href='https://spreadsheets.google.com/feeds/cells/1PtMY4QlCFZAXV3usggqwWwvOq16j2nEXjzIwop2h3EU/o5ppxw2/private/full/R2C8'/><gs:cell
        row='2' col='8' inputValue=''></gs:cell></entry><entry gd:etag='&quot;YD5eX1ZNEit7Ig..&quot;'><id>https://spreadsheets.google.com/feeds/cells/1PtMY4QlCFZAXV3usggqwWwvOq16j2nEXjzIwop2h3EU/o5ppxw2/R2C9</id><updated>2016-10-01T03:53:15.720Z</updated><app:edited
        xmlns:app='http://www.w3.org/2007/app'>2016-10-01T03:53:15.720Z</app:edited><category
        scheme='http://schemas.google.com/spreadsheets/2006' term='http://schemas.google.com/spreadsheets/2006#cell'/><title>I2</title><content></content><link
        rel='self' type='application/atom+xml' href='https://spreadsheets.google.com/feeds/cells/1PtMY4QlCFZAXV3usggqwWwvOq16j2nEXjzIwop2h3EU/o5ppxw2/private/full/R2C9'/><link
        rel='edit' type='application/atom+xml' href='https://spreadsheets.google.com/feeds/cells/1PtMY4QlCFZAXV3usggqwWwvOq16j2nEXjzIwop2h3EU/o5ppxw2/private/full/R2C9'/><gs:cell
        row='2' col='9' inputValue=''></gs:cell></entry></feed>"
    http_version: 
  recorded_at: Sat, 01 Oct 2016 03:54:23 GMT
- request:
    method: post
    uri: https://spreadsheets.google.com/feeds/cells/1PtMY4QlCFZAXV3usggqwWwvOq16j2nEXjzIwop2h3EU/o5ppxw2/private/full/batch
    body:
      encoding: UTF-8
      string: |2
                      <feed xmlns="http://www.w3.org/2005/Atom"
                            xmlns:batch="http://schemas.google.com/gdata/batch"
                            xmlns:gs="http://schemas.google.com/spreadsheets/2006">
                        <id>https://spreadsheets.google.com/feeds/cells/1PtMY4QlCFZAXV3usggqwWwvOq16j2nEXjzIwop2h3EU/o5ppxw2/private/full</id>
                        <entry>
                          <batch:id>2,1</batch:id>
                          <batch:operation type="update"/>
                          <id>https://spreadsheets.google.com/feeds/cells/1PtMY4QlCFZAXV3usggqwWwvOq16j2nEXjzIwop2h3EU/o5ppxw2/R2C1</id>
                          <link rel="edit" type="application/atom+xml"
                            href="https://spreadsheets.google.com/feeds/cells/1PtMY4QlCFZAXV3usggqwWwvOq16j2nEXjzIwop2h3EU/o5ppxw2/private/full/R2C1"/>
                          <gs:cell row="2" col="1" inputValue="WU LYF"/>
                        </entry>
                        <entry>
                          <batch:id>2,2</batch:id>
                          <batch:operation type="update"/>
                          <id>https://spreadsheets.google.com/feeds/cells/1PtMY4QlCFZAXV3usggqwWwvOq16j2nEXjzIwop2h3EU/o5ppxw2/R2C2</id>
                          <link rel="edit" type="application/atom+xml"
                            href="https://spreadsheets.google.com/feeds/cells/1PtMY4QlCFZAXV3usggqwWwvOq16j2nEXjzIwop2h3EU/o5ppxw2/private/full/R2C2"/>
                          <gs:cell row="2" col="2" inputValue="Go Tell Fire To The Mountain"/>
                        </entry>
                        <entry>
                          <batch:id>2,4</batch:id>
                          <batch:operation type="update"/>
                          <id>https://spreadsheets.google.com/feeds/cells/1PtMY4QlCFZAXV3usggqwWwvOq16j2nEXjzIwop2h3EU/o5ppxw2/R2C4</id>
                          <link rel="edit" type="application/atom+xml"
                            href="https://spreadsheets.google.com/feeds/cells/1PtMY4QlCFZAXV3usggqwWwvOq16j2nEXjzIwop2h3EU/o5ppxw2/private/full/R2C4"/>
                          <gs:cell row="2" col="4" inputValue="=HYPERLINK(&quot;https://play.spotify.com/album/3YUCk9Q1vjWsZsTur93sQP&quot;,&quot;Spotify&quot;)"/>
                        </entry>
                        <entry>
                          <batch:id>2,5</batch:id>
                          <batch:operation type="update"/>
                          <id>https://spreadsheets.google.com/feeds/cells/1PtMY4QlCFZAXV3usggqwWwvOq16j2nEXjzIwop2h3EU/o5ppxw2/R2C5</id>
                          <link rel="edit" type="application/atom+xml"
                            href="https://spreadsheets.google.com/feeds/cells/1PtMY4QlCFZAXV3usggqwWwvOq16j2nEXjzIwop2h3EU/o5ppxw2/private/full/R2C5"/>
                          <gs:cell row="2" col="5" inputValue="=HYPERLINK(&quot;https://www.twitter.com/JulySoundcheck/status/781681048220536832&quot;, &quot;These mysterious Mancunians craft a debut of exhilarating expanse and passion that sounds like indie rock and yet feels way bigger. 3+ #JulySoundcheck&quot;)"/>
                        </entry>
                        <entry>
                          <batch:id>2,6</batch:id>
                          <batch:operation type="update"/>
                          <id>https://spreadsheets.google.com/feeds/cells/1PtMY4QlCFZAXV3usggqwWwvOq16j2nEXjzIwop2h3EU/o5ppxw2/R2C6</id>
                          <link rel="edit" type="application/atom+xml"
                            href="https://spreadsheets.google.com/feeds/cells/1PtMY4QlCFZAXV3usggqwWwvOq16j2nEXjzIwop2h3EU/o5ppxw2/private/full/R2C6"/>
                          <gs:cell row="2" col="6" inputValue="Ryan Norman 12"/>
                        </entry>
                        <entry>
                          <batch:id>2,7</batch:id>
                          <batch:operation type="update"/>
                          <id>https://spreadsheets.google.com/feeds/cells/1PtMY4QlCFZAXV3usggqwWwvOq16j2nEXjzIwop2h3EU/o5ppxw2/R2C7</id>
                          <link rel="edit" type="application/atom+xml"
                            href="https://spreadsheets.google.com/feeds/cells/1PtMY4QlCFZAXV3usggqwWwvOq16j2nEXjzIwop2h3EU/o5ppxw2/private/full/R2C7"/>
                          <gs:cell row="2" col="7" inputValue="Sep/30/2016"/>
                        </entry>
                        <entry>
                          <batch:id>2,8</batch:id>
                          <batch:operation type="update"/>
                          <id>https://spreadsheets.google.com/feeds/cells/1PtMY4QlCFZAXV3usggqwWwvOq16j2nEXjzIwop2h3EU/o5ppxw2/R2C8</id>
                          <link rel="edit" type="application/atom+xml"
                            href="https://spreadsheets.google.com/feeds/cells/1PtMY4QlCFZAXV3usggqwWwvOq16j2nEXjzIwop2h3EU/o5ppxw2/private/full/R2C8"/>
                          <gs:cell row="2" col="8" inputValue=""/>
                        </entry>
                        <entry>
                          <batch:id>2,3</batch:id>
                          <batch:operation type="update"/>
                          <id>https://spreadsheets.google.com/feeds/cells/1PtMY4QlCFZAXV3usggqwWwvOq16j2nEXjzIwop2h3EU/o5ppxw2/R2C3</id>
                          <link rel="edit" type="application/atom+xml"
                            href="https://spreadsheets.google.com/feeds/cells/1PtMY4QlCFZAXV3usggqwWwvOq16j2nEXjzIwop2h3EU/o5ppxw2/private/full/R2C3"/>
                          <gs:cell row="2" col="3" inputValue="Heavy Pop"/>
                        </entry>
                        <entry>
                          <batch:id>2,9</batch:id>
                          <batch:operation type="update"/>
                          <id>https://spreadsheets.google.com/feeds/cells/1PtMY4QlCFZAXV3usggqwWwvOq16j2nEXjzIwop2h3EU/o5ppxw2/R2C9</id>
                          <link rel="edit" type="application/atom+xml"
                            href="https://spreadsheets.google.com/feeds/cells/1PtMY4QlCFZAXV3usggqwWwvOq16j2nEXjzIwop2h3EU/o5ppxw2/private/full/R2C9"/>
                          <gs:cell row="2" col="9" inputValue=""/>
                        </entry>
                  </feed>
    headers:
      User-Agent:
      - |-
        unknown/0.0.0 google-api-ruby-client/0.9.11 Mac OS X/10.11.6
         (gzip)
      Accept:
      - "*/*"
      Accept-Encoding:
      - gzip,deflate
      Date:
      - Sat, 01 Oct 2016 03:54:23 GMT
      Authorization:
      - Bearer ya29.CjFvAz2XNDWpYlFesXFQSxlxFTwtxfyzuRe5qNiSXkV1rAx_ILpPfL5y3pUynn_4L6LT
      Gdata-Version:
      - '3.0'
      Content-Type:
      - application/atom+xml;charset=utf-8
      If-Match:
      - "*"
      Content-Length:
      - '5616'
  response:
    status:
      code: 200
      message: OK
    headers:
      Content-Type:
      - application/atom+xml; charset=UTF-8; type=feed
      X-Robots-Tag:
      - noindex, nofollow, nosnippet
      Gdata-Version:
      - '3.0'
      Content-Encoding:
      - gzip
      P3p:
      - CP="This is not a P3P policy! See https://support.google.com/accounts/answer/151657?hl=en
        for more info."
      - CP="This is not a P3P policy! See https://support.google.com/accounts/answer/151657?hl=en
        for more info."
      Date:
      - Sat, 01 Oct 2016 03:54:23 GMT
      Expires:
      - Sat, 01 Oct 2016 03:54:23 GMT
      Cache-Control:
      - private, max-age=0
      X-Content-Type-Options:
      - nosniff
      X-Frame-Options:
      - SAMEORIGIN
      X-Xss-Protection:
      - 1; mode=block
      Server:
      - GSE
      Set-Cookie:
      - NID=87=IF2z4lMuulAkat5K48-_Zis9Kg7cdxkuHy2cgc-RL7qgqgM-z9sEygJB8iVxzFoAo8-WZHGXE7_SoHxmAWgQ6-2eGCleLSepDJj7DjF29pyOCsu5ZdFnwIbxXU6XgnQg;Domain=.google.com;Path=/;Expires=Sun,
        02-Apr-2017 03:54:23 GMT;HttpOnly
      - NID=87=whtRN3_XaIrRNg357q8BMJJF6iQdCu0y5fRG4cjkYphcO2XYKa3zTj1irokD1dulg3ogkxWGc8L04kPY8nqLNi-mldy7JiK3oGPTJHzQuBzUeydVNkxjjPkMbeeJIoRi;Domain=.google.com;Path=/;Expires=Sun,
        02-Apr-2017 03:54:23 GMT;HttpOnly
      Alt-Svc:
      - quic=":443"; ma=2592000; v="36,35,34,33,32"
      Transfer-Encoding:
      - chunked
    body:
      encoding: UTF-8
      string: "<?xml version='1.0' encoding='UTF-8'?><feed xmlns='http://www.w3.org/2005/Atom'
        xmlns:openSearch='http://a9.com/-/spec/opensearch/1.1/' xmlns:batch='http://schemas.google.com/gdata/batch'
        xmlns:gs='http://schemas.google.com/spreadsheets/2006'><id>https://spreadsheets.google.com/feeds/cells/1PtMY4QlCFZAXV3usggqwWwvOq16j2nEXjzIwop2h3EU/o5ppxw2/batch/1475294063550</id><updated>2016-10-01T03:54:23.572Z</updated><category
        scheme='http://schemas.google.com/spreadsheets/2006' term='http://schemas.google.com/spreadsheets/2006#cell'/><title>Batch
        Feed</title><entry xmlns:gd='http://schemas.google.com/g/2005' gd:etag='&quot;YDoTSVpBCyt7Ig..&quot;'><id>https://spreadsheets.google.com/feeds/cells/1PtMY4QlCFZAXV3usggqwWwvOq16j2nEXjzIwop2h3EU/o5ppxw2/R2C1</id><updated>2016-10-01T03:53:15.720Z</updated><app:edited
        xmlns:app='http://www.w3.org/2007/app'>2016-10-01T03:53:15.720Z</app:edited><category
        scheme='http://schemas.google.com/spreadsheets/2006' term='http://schemas.google.com/spreadsheets/2006#cell'/><title>A2</title><content>WU
        LYF</content><link rel='self' type='application/atom+xml' href='https://spreadsheets.google.com/feeds/cells/1PtMY4QlCFZAXV3usggqwWwvOq16j2nEXjzIwop2h3EU/o5ppxw2/private/full/R2C1'/><link
        rel='edit' type='application/atom+xml' href='https://spreadsheets.google.com/feeds/cells/1PtMY4QlCFZAXV3usggqwWwvOq16j2nEXjzIwop2h3EU/o5ppxw2/private/full/R2C1'/><gs:cell
        row='2' col='1' inputValue='WU LYF'>WU LYF</gs:cell><batch:id>2,1</batch:id><batch:status
        code='200' reason='Success'/><batch:operation type='update'/></entry><entry
        xmlns:gd='http://schemas.google.com/g/2005' gd:etag='&quot;YGgGTFtDCCt7Ig..&quot;'><id>https://spreadsheets.google.com/feeds/cells/1PtMY4QlCFZAXV3usggqwWwvOq16j2nEXjzIwop2h3EU/o5ppxw2/R2C2</id><updated>2016-10-01T03:53:15.720Z</updated><app:edited
        xmlns:app='http://www.w3.org/2007/app'>2016-10-01T03:53:15.720Z</app:edited><category
        scheme='http://schemas.google.com/spreadsheets/2006' term='http://schemas.google.com/spreadsheets/2006#cell'/><title>B2</title><content>Go
        Tell Fire To The Mountain</content><link rel='self' type='application/atom+xml'
        href='https://spreadsheets.google.com/feeds/cells/1PtMY4QlCFZAXV3usggqwWwvOq16j2nEXjzIwop2h3EU/o5ppxw2/private/full/R2C2'/><link
        rel='edit' type='application/atom+xml' href='https://spreadsheets.google.com/feeds/cells/1PtMY4QlCFZAXV3usggqwWwvOq16j2nEXjzIwop2h3EU/o5ppxw2/private/full/R2C2'/><gs:cell
        row='2' col='2' inputValue='Go Tell Fire To The Mountain'>Go Tell Fire To
        The Mountain</gs:cell><batch:id>2,2</batch:id><batch:status code='200' reason='Success'/><batch:operation
        type='update'/></entry><entry xmlns:gd='http://schemas.google.com/g/2005'
        gd:etag='&quot;YDgKVwFDSCt7Ig..&quot;'><id>https://spreadsheets.google.com/feeds/cells/1PtMY4QlCFZAXV3usggqwWwvOq16j2nEXjzIwop2h3EU/o5ppxw2/R2C4</id><updated>2016-10-01T03:53:15.720Z</updated><app:edited
        xmlns:app='http://www.w3.org/2007/app'>2016-10-01T03:53:15.720Z</app:edited><category
        scheme='http://schemas.google.com/spreadsheets/2006' term='http://schemas.google.com/spreadsheets/2006#cell'/><title>D2</title><content>Spotify</content><link
        rel='self' type='application/atom+xml' href='https://spreadsheets.google.com/feeds/cells/1PtMY4QlCFZAXV3usggqwWwvOq16j2nEXjzIwop2h3EU/o5ppxw2/private/full/R2C4'/><link
        rel='edit' type='application/atom+xml' href='https://spreadsheets.google.com/feeds/cells/1PtMY4QlCFZAXV3usggqwWwvOq16j2nEXjzIwop2h3EU/o5ppxw2/private/full/R2C4'/><gs:cell
        row='2' col='4' inputValue='=HYPERLINK(&quot;https://play.spotify.com/album/3YUCk9Q1vjWsZsTur93sQP&quot;,&quot;Spotify&quot;)'>Spotify</gs:cell><batch:id>2,4</batch:id><batch:status
        code='200' reason='Success'/><batch:operation type='update'/></entry><entry
        xmlns:gd='http://schemas.google.com/g/2005' gd:etag='&quot;YDlYTRlDSit7Ig..&quot;'><id>https://spreadsheets.google.com/feeds/cells/1PtMY4QlCFZAXV3usggqwWwvOq16j2nEXjzIwop2h3EU/o5ppxw2/R2C5</id><updated>2016-10-01T03:53:15.720Z</updated><app:edited
        xmlns:app='http://www.w3.org/2007/app'>2016-10-01T03:53:15.720Z</app:edited><category
        scheme='http://schemas.google.com/spreadsheets/2006' term='http://schemas.google.com/spreadsheets/2006#cell'/><title>E2</title><content>These
        mysterious Mancunians craft a debut of exhilarating expanse and passion that
        sounds like indie rock and yet feels way bigger. 3+ #JulySoundcheck</content><link
        rel='self' type='application/atom+xml' href='https://spreadsheets.google.com/feeds/cells/1PtMY4QlCFZAXV3usggqwWwvOq16j2nEXjzIwop2h3EU/o5ppxw2/private/full/R2C5'/><link
        rel='edit' type='application/atom+xml' href='https://spreadsheets.google.com/feeds/cells/1PtMY4QlCFZAXV3usggqwWwvOq16j2nEXjzIwop2h3EU/o5ppxw2/private/full/R2C5'/><gs:cell
        row='2' col='5' inputValue='=HYPERLINK(&quot;https://www.twitter.com/JulySoundcheck/status/781681048220536832&quot;,
        &quot;These mysterious Mancunians craft a debut of exhilarating expanse and
        passion that sounds like indie rock and yet feels way bigger. 3+ #JulySoundcheck&quot;)'>These
        mysterious Mancunians craft a debut of exhilarating expanse and passion that
        sounds like indie rock and yet feels way bigger. 3+ #JulySoundcheck</gs:cell><batch:id>2,5</batch:id><batch:status
        code='200' reason='Success'/><batch:operation type='update'/></entry><entry
        xmlns:gd='http://schemas.google.com/g/2005' gd:etag='&quot;YD8GShYYHit7Ig..&quot;'><id>https://spreadsheets.google.com/feeds/cells/1PtMY4QlCFZAXV3usggqwWwvOq16j2nEXjzIwop2h3EU/o5ppxw2/R2C6</id><updated>2016-10-01T03:53:15.720Z</updated><app:edited
        xmlns:app='http://www.w3.org/2007/app'>2016-10-01T03:53:15.720Z</app:edited><category
        scheme='http://schemas.google.com/spreadsheets/2006' term='http://schemas.google.com/spreadsheets/2006#cell'/><title>F2</title><content>Ryan
        Norman 12</content><link rel='self' type='application/atom+xml' href='https://spreadsheets.google.com/feeds/cells/1PtMY4QlCFZAXV3usggqwWwvOq16j2nEXjzIwop2h3EU/o5ppxw2/private/full/R2C6'/><link
        rel='edit' type='application/atom+xml' href='https://spreadsheets.google.com/feeds/cells/1PtMY4QlCFZAXV3usggqwWwvOq16j2nEXjzIwop2h3EU/o5ppxw2/private/full/R2C6'/><gs:cell
        row='2' col='6' inputValue='Ryan Norman 12'>Ryan Norman 12</gs:cell><batch:id>2,6</batch:id><batch:status
        code='200' reason='Success'/><batch:operation type='update'/></entry><entry
        xmlns:gd='http://schemas.google.com/g/2005' gd:etag='&quot;YHoHFAgVHyt7Ig..&quot;'><id>https://spreadsheets.google.com/feeds/cells/1PtMY4QlCFZAXV3usggqwWwvOq16j2nEXjzIwop2h3EU/o5ppxw2/R2C7</id><updated>2016-10-01T03:53:15.720Z</updated><app:edited
        xmlns:app='http://www.w3.org/2007/app'>2016-10-01T03:53:15.720Z</app:edited><category
        scheme='http://schemas.google.com/spreadsheets/2006' term='http://schemas.google.com/spreadsheets/2006#cell'/><title>G2</title><content>9/30/2016</content><link
        rel='self' type='application/atom+xml' href='https://spreadsheets.google.com/feeds/cells/1PtMY4QlCFZAXV3usggqwWwvOq16j2nEXjzIwop2h3EU/o5ppxw2/private/full/R2C7'/><link
        rel='edit' type='application/atom+xml' href='https://spreadsheets.google.com/feeds/cells/1PtMY4QlCFZAXV3usggqwWwvOq16j2nEXjzIwop2h3EU/o5ppxw2/private/full/R2C7'/><gs:cell
        row='2' col='7' inputValue='9/30/2016' numericValue='42643.0'>9/30/2016</gs:cell><batch:id>2,7</batch:id><batch:status
        code='200' reason='Success'/><batch:operation type='update'/></entry><entry
        xmlns:gd='http://schemas.google.com/g/2005' gd:etag='&quot;YD0RXwgYCit7Ig..&quot;'><id>https://spreadsheets.google.com/feeds/cells/1PtMY4QlCFZAXV3usggqwWwvOq16j2nEXjzIwop2h3EU/o5ppxw2/R2C8</id><updated>2016-10-01T03:53:15.720Z</updated><app:edited
        xmlns:app='http://www.w3.org/2007/app'>2016-10-01T03:53:15.720Z</app:edited><category
        scheme='http://schemas.google.com/spreadsheets/2006' term='http://schemas.google.com/spreadsheets/2006#cell'/><title>H2</title><content></content><link
        rel='self' type='application/atom+xml' href='https://spreadsheets.google.com/feeds/cells/1PtMY4QlCFZAXV3usggqwWwvOq16j2nEXjzIwop2h3EU/o5ppxw2/private/full/R2C8'/><link
        rel='edit' type='application/atom+xml' href='https://spreadsheets.google.com/feeds/cells/1PtMY4QlCFZAXV3usggqwWwvOq16j2nEXjzIwop2h3EU/o5ppxw2/private/full/R2C8'/><gs:cell
        row='2' col='8' inputValue=''></gs:cell><batch:id>2,8</batch:id><batch:status
        code='200' reason='Success'/><batch:operation type='update'/></entry><entry
        xmlns:gd='http://schemas.google.com/g/2005' gd:etag='&quot;YD4LUVVESSt7Ig..&quot;'><id>https://spreadsheets.google.com/feeds/cells/1PtMY4QlCFZAXV3usggqwWwvOq16j2nEXjzIwop2h3EU/o5ppxw2/R2C3</id><updated>2016-10-01T03:53:15.720Z</updated><app:edited
        xmlns:app='http://www.w3.org/2007/app'>2016-10-01T03:53:15.720Z</app:edited><category
        scheme='http://schemas.google.com/spreadsheets/2006' term='http://schemas.google.com/spreadsheets/2006#cell'/><title>C2</title><content>Heavy
        Pop</content><link rel='self' type='application/atom+xml' href='https://spreadsheets.google.com/feeds/cells/1PtMY4QlCFZAXV3usggqwWwvOq16j2nEXjzIwop2h3EU/o5ppxw2/private/full/R2C3'/><link
        rel='edit' type='application/atom+xml' href='https://spreadsheets.google.com/feeds/cells/1PtMY4QlCFZAXV3usggqwWwvOq16j2nEXjzIwop2h3EU/o5ppxw2/private/full/R2C3'/><gs:cell
        row='2' col='3' inputValue='Heavy Pop'>Heavy Pop</gs:cell><batch:id>2,3</batch:id><batch:status
        code='200' reason='Success'/><batch:operation type='update'/></entry><entry
        xmlns:gd='http://schemas.google.com/g/2005' gd:etag='&quot;YD5eX1ZNEit7Ig..&quot;'><id>https://spreadsheets.google.com/feeds/cells/1PtMY4QlCFZAXV3usggqwWwvOq16j2nEXjzIwop2h3EU/o5ppxw2/R2C9</id><updated>2016-10-01T03:53:15.720Z</updated><app:edited
        xmlns:app='http://www.w3.org/2007/app'>2016-10-01T03:53:15.720Z</app:edited><category
        scheme='http://schemas.google.com/spreadsheets/2006' term='http://schemas.google.com/spreadsheets/2006#cell'/><title>I2</title><content></content><link
        rel='self' type='application/atom+xml' href='https://spreadsheets.google.com/feeds/cells/1PtMY4QlCFZAXV3usggqwWwvOq16j2nEXjzIwop2h3EU/o5ppxw2/private/full/R2C9'/><link
        rel='edit' type='application/atom+xml' href='https://spreadsheets.google.com/feeds/cells/1PtMY4QlCFZAXV3usggqwWwvOq16j2nEXjzIwop2h3EU/o5ppxw2/private/full/R2C9'/><gs:cell
        row='2' col='9' inputValue=''></gs:cell><batch:id>2,9</batch:id><batch:status
        code='200' reason='Success'/><batch:operation type='update'/></entry></feed>"
    http_version: 
  recorded_at: Sat, 01 Oct 2016 03:54:23 GMT
- request:
    method: post
    uri: https://www.googleapis.com/oauth2/v3/token
    body:
      encoding: ASCII-8BIT
      string: grant_type=refresh_token&refresh_token=1%2FJQSYPa3PakyomP0CLrEkqAk7pfDc05TnamplHFcKOAo&client_id=990762037477-a6g4se6ioqnnd2fh45lq9p50sf7ovb65.apps.googleusercontent.com&client_secret=c_P30bQNTIRfdPvF7fNpDTqN
    headers:
      User-Agent:
      - Faraday v0.9.2
      Content-Type:
      - application/x-www-form-urlencoded
      Accept-Encoding:
      - gzip;q=1.0,deflate;q=0.6,identity;q=0.3
      Accept:
      - "*/*"
  response:
    status:
      code: 200
      message: OK
    headers:
      Cache-Control:
      - no-cache, no-store, max-age=0, must-revalidate
      Pragma:
      - no-cache
      Expires:
      - Mon, 01 Jan 1990 00:00:00 GMT
      Date:
      - Sat, 01 Oct 2016 03:54:23 GMT
      Vary:
      - Origin
      - X-Origin
      Content-Type:
      - application/json; charset=UTF-8
      X-Content-Type-Options:
      - nosniff
      X-Frame-Options:
      - SAMEORIGIN
      X-Xss-Protection:
      - 1; mode=block
      Server:
      - GSE
      Alt-Svc:
      - quic=":443"; ma=2592000; v="36,35,34,33,32"
      Transfer-Encoding:
      - chunked
    body:
      encoding: ASCII-8BIT
      string: |
        {
         "access_token": "ya29.CjFvA-cN_8UEZfPEZCWvFqlNHDTYx-lCkRzEjuwasZy2gTBSztbJGFm4iq_XTmuRRjvT",
         "token_type": "Bearer",
         "expires_in": 3600
        }
    http_version: 
  recorded_at: Sat, 01 Oct 2016 03:54:23 GMT
- request:
    method: get
    uri: https://www.googleapis.com/drive/v3/files/1PtMY4QlCFZAXV3usggqwWwvOq16j2nEXjzIwop2h3EU?fields=*
    body:
      encoding: UTF-8
      string: ''
    headers:
      User-Agent:
      - |-
        unknown/0.0.0 google-api-ruby-client/0.9.11 Mac OS X/10.11.6
         (gzip)
      Accept:
      - "*/*"
      Accept-Encoding:
      - gzip,deflate
      Date:
      - Sat, 01 Oct 2016 03:54:23 GMT
      Authorization:
      - Bearer ya29.CjFvA-cN_8UEZfPEZCWvFqlNHDTYx-lCkRzEjuwasZy2gTBSztbJGFm4iq_XTmuRRjvT
  response:
    status:
      code: 200
      message: OK
    headers:
      Expires:
      - Sat, 01 Oct 2016 03:54:24 GMT
      Date:
      - Sat, 01 Oct 2016 03:54:24 GMT
      Cache-Control:
      - private, max-age=0, must-revalidate, no-transform
      Vary:
      - Origin
      - X-Origin
      Content-Type:
      - application/json; charset=UTF-8
      Content-Encoding:
      - gzip
      X-Content-Type-Options:
      - nosniff
      X-Frame-Options:
      - SAMEORIGIN
      X-Xss-Protection:
      - 1; mode=block
      Server:
      - GSE
      Alt-Svc:
      - quic=":443"; ma=2592000; v="36,35,34,33,32"
      Transfer-Encoding:
      - chunked
    body:
      encoding: UTF-8
      string: |
        {
         "kind": "drive#file",
         "id": "1PtMY4QlCFZAXV3usggqwWwvOq16j2nEXjzIwop2h3EU",
         "name": "July Soundcheck Test",
         "mimeType": "application/vnd.google-apps.spreadsheet",
         "starred": false,
         "trashed": false,
         "explicitlyTrashed": false,
         "parents": [
          "0ABI6p3deR2aPUk9PVA"
         ],
         "spaces": [
          "drive"
         ],
         "version": "24056",
         "webViewLink": "https://docs.google.com/spreadsheets/d/1PtMY4QlCFZAXV3usggqwWwvOq16j2nEXjzIwop2h3EU/edit?usp=drivesdk",
         "iconLink": "https://ssl.gstatic.com/docs/doclist/images/icon_11_spreadsheet_list.png",
         "thumbnailLink": "https://docs.google.com/feeds/vt?gd=true&id=1PtMY4QlCFZAXV3usggqwWwvOq16j2nEXjzIwop2h3EU&v=9&s=AMedNnoAAAAAV-9PkBKI-p_bZkTukvCAHmxSO7-ffnVm&sz=s220",
         "viewedByMe": true,
         "viewedByMeTime": "2016-10-01T03:51:38.679Z",
         "createdTime": "2016-10-01T02:52:53.557Z",
         "modifiedTime": "2016-10-01T03:51:38.679Z",
         "modifiedByMeTime": "2016-10-01T03:51:38.679Z",
         "owners": [
          {
           "kind": "drive#user",
           "displayName": "Ryan Norman",
           "photoLink": "https://lh4.googleusercontent.com/-unGv3RGnZcM/AAAAAAAAAAI/AAAAAAAACWk/PhBam5U_6jw/s64/photo.jpg",
           "me": true,
           "permissionId": "08937123784405563819",
           "emailAddress": "rsnorman15@gmail.com"
          }
         ],
         "lastModifyingUser": {
          "kind": "drive#user",
          "displayName": "Ryan Norman",
          "photoLink": "https://lh4.googleusercontent.com/-unGv3RGnZcM/AAAAAAAAAAI/AAAAAAAACWk/PhBam5U_6jw/s64/photo.jpg",
          "me": true,
          "permissionId": "08937123784405563819",
          "emailAddress": "rsnorman15@gmail.com"
         },
         "shared": false,
         "ownedByMe": true,
         "capabilities": {
          "canEdit": true,
          "canComment": true,
          "canShare": true,
          "canCopy": true,
          "canReadRevisions": true
         },
         "viewersCanCopyContent": true,
         "writersCanShare": true,
         "permissions": [
          {
           "kind": "drive#permission",
           "id": "08937123784405563819",
           "type": "user",
           "emailAddress": "rsnorman15@gmail.com",
           "role": "owner",
           "displayName": "Ryan Norman",
           "photoLink": "https://lh4.googleusercontent.com/-unGv3RGnZcM/AAAAAAAAAAI/AAAAAAAACWk/PhBam5U_6jw/s64/photo.jpg"
          }
         ],
         "quotaBytesUsed": "0",
         "isAppAuthorized": false
        }
    http_version: 
  recorded_at: Sat, 01 Oct 2016 03:54:24 GMT
- request:
    method: get
    uri: https://spreadsheets.google.com/feeds/worksheets/1PtMY4QlCFZAXV3usggqwWwvOq16j2nEXjzIwop2h3EU/private/full
    body:
      encoding: UTF-8
      string: ''
    headers:
      User-Agent:
      - |-
        unknown/0.0.0 google-api-ruby-client/0.9.11 Mac OS X/10.11.6
         (gzip)
      Accept:
      - "*/*"
      Accept-Encoding:
      - gzip,deflate
      Date:
      - Sat, 01 Oct 2016 03:54:24 GMT
      Authorization:
      - Bearer ya29.CjFvA-cN_8UEZfPEZCWvFqlNHDTYx-lCkRzEjuwasZy2gTBSztbJGFm4iq_XTmuRRjvT
      Gdata-Version:
      - '3.0'
  response:
    status:
      code: 200
      message: OK
    headers:
      Content-Type:
      - application/atom+xml; charset=UTF-8; type=feed
      X-Robots-Tag:
      - noindex, nofollow, nosnippet
      Expires:
      - Sat, 01 Oct 2016 03:54:24 GMT
      Date:
      - Sat, 01 Oct 2016 03:54:24 GMT
      Cache-Control:
      - private, max-age=0, must-revalidate, no-transform
      Vary:
      - Accept, X-GData-Authorization, GData-Version
      Gdata-Version:
      - '3.0'
      Etag:
      - W/"DkcCQns9fCt7ImA9XRFWEkQ."
      Last-Modified:
      - Sat, 01 Oct 2016 03:54:23 GMT
      Content-Encoding:
      - gzip
      P3p:
      - CP="This is not a P3P policy! See https://support.google.com/accounts/answer/151657?hl=en
        for more info."
      - CP="This is not a P3P policy! See https://support.google.com/accounts/answer/151657?hl=en
        for more info."
      X-Content-Type-Options:
      - nosniff
      X-Frame-Options:
      - SAMEORIGIN
      X-Xss-Protection:
      - 1; mode=block
      Server:
      - GSE
      Set-Cookie:
      - NID=87=JB1MI9CTaYfH7uo9ZsoocpBCI_KWqWk1c2eavza5kbNrIb-Y29fXuBWu6HGIaIbulq1wnH8oIzjysdaX3ku-B40zYrx3K2TOem4qyOvC8bLPfB-Ohr5QmjLjt6xGFXiH;Domain=.google.com;Path=/;Expires=Sun,
        02-Apr-2017 03:54:24 GMT;HttpOnly
      - NID=87=YfOBHEAySnuETvd0W_Lyec1FkcMXQXC0EAPOsRB3UNXoxk4_JF0f3Mel3Rm1tG6lLux4IV4is6Ci0WArZY-clVKR-MWLfHZRtoqAt0f7kCw__R8cLfx0VtBKyLL_wbs8;Domain=.google.com;Path=/;Expires=Sun,
        02-Apr-2017 03:54:24 GMT;HttpOnly
      Alt-Svc:
      - quic=":443"; ma=2592000; v="36,35,34,33,32"
      Transfer-Encoding:
      - chunked
    body:
      encoding: UTF-8
      string: "<?xml version='1.0' encoding='UTF-8'?><feed xmlns='http://www.w3.org/2005/Atom'
        xmlns:openSearch='http://a9.com/-/spec/opensearch/1.1/' xmlns:gs='http://schemas.google.com/spreadsheets/2006'
        xmlns:gd='http://schemas.google.com/g/2005' gd:etag='W/&quot;DkcCQns9fCt7ImA9XRFWEkQ.&quot;'><id>https://spreadsheets.google.com/feeds/worksheets/1PtMY4QlCFZAXV3usggqwWwvOq16j2nEXjzIwop2h3EU/private/full</id><updated>2016-10-01T03:54:23.564Z</updated><category
        scheme='http://schemas.google.com/spreadsheets/2006' term='http://schemas.google.com/spreadsheets/2006#worksheet'/><title>July
        Soundcheck Test</title><link rel='alternate' type='application/atom+xml' href='https://docs.google.com/spreadsheets/d/1PtMY4QlCFZAXV3usggqwWwvOq16j2nEXjzIwop2h3EU/edit'/><link
        rel='http://schemas.google.com/g/2005#feed' type='application/atom+xml' href='https://spreadsheets.google.com/feeds/worksheets/1PtMY4QlCFZAXV3usggqwWwvOq16j2nEXjzIwop2h3EU/private/full'/><link
        rel='http://schemas.google.com/g/2005#post' type='application/atom+xml' href='https://spreadsheets.google.com/feeds/worksheets/1PtMY4QlCFZAXV3usggqwWwvOq16j2nEXjzIwop2h3EU/private/full'/><link
        rel='self' type='application/atom+xml' href='https://spreadsheets.google.com/feeds/worksheets/1PtMY4QlCFZAXV3usggqwWwvOq16j2nEXjzIwop2h3EU/private/full'/><author><name>rsnorman15</name><email>rsnorman15@gmail.com</email></author><openSearch:totalResults>4</openSearch:totalResults><openSearch:startIndex>1</openSearch:startIndex><entry
        gd:etag='&quot;YD8OSghCRCt7Ig..&quot;'><id>https://spreadsheets.google.com/feeds/worksheets/1PtMY4QlCFZAXV3usggqwWwvOq16j2nEXjzIwop2h3EU/o5ppxw2</id><updated>2016-10-01T03:54:23.564Z</updated><app:edited
        xmlns:app='http://www.w3.org/2007/app'>2016-10-01T03:54:23.564Z</app:edited><category
        scheme='http://schemas.google.com/spreadsheets/2006' term='http://schemas.google.com/spreadsheets/2006#worksheet'/><title>July
        Soundcheck 4</title><content type='application/atom+xml;type=feed' src='https://spreadsheets.google.com/feeds/list/1PtMY4QlCFZAXV3usggqwWwvOq16j2nEXjzIwop2h3EU/o5ppxw2/private/full'/><link
        rel='http://schemas.google.com/spreadsheets/2006#cellsfeed' type='application/atom+xml'
        href='https://spreadsheets.google.com/feeds/cells/1PtMY4QlCFZAXV3usggqwWwvOq16j2nEXjzIwop2h3EU/o5ppxw2/private/full'/><link
        rel='http://schemas.google.com/visualization/2008#visualizationApi' type='application/atom+xml'
        href='https://docs.google.com/spreadsheets/d/1PtMY4QlCFZAXV3usggqwWwvOq16j2nEXjzIwop2h3EU/gviz/tq?gid=345531656'/><link
        rel='http://schemas.google.com/spreadsheets/2006#exportcsv' type='text/csv'
        href='https://docs.google.com/spreadsheets/d/1PtMY4QlCFZAXV3usggqwWwvOq16j2nEXjzIwop2h3EU/export?gid=345531656&amp;format=csv'/><link
        rel='self' type='application/atom+xml' href='https://spreadsheets.google.com/feeds/worksheets/1PtMY4QlCFZAXV3usggqwWwvOq16j2nEXjzIwop2h3EU/private/full/o5ppxw2'/><link
        rel='edit' type='application/atom+xml' href='https://spreadsheets.google.com/feeds/worksheets/1PtMY4QlCFZAXV3usggqwWwvOq16j2nEXjzIwop2h3EU/private/full/o5ppxw2'/><gs:colCount>26</gs:colCount><gs:rowCount>1012</gs:rowCount></entry><entry
        gd:etag='&quot;YD8OSghCRSt7Ig..&quot;'><id>https://spreadsheets.google.com/feeds/worksheets/1PtMY4QlCFZAXV3usggqwWwvOq16j2nEXjzIwop2h3EU/oteb6w9</id><updated>2016-10-01T03:54:23.564Z</updated><app:edited
        xmlns:app='http://www.w3.org/2007/app'>2016-10-01T03:54:23.564Z</app:edited><category
        scheme='http://schemas.google.com/spreadsheets/2006' term='http://schemas.google.com/spreadsheets/2006#worksheet'/><title>July
        Soundcheck 3</title><content type='application/atom+xml;type=feed' src='https://spreadsheets.google.com/feeds/list/1PtMY4QlCFZAXV3usggqwWwvOq16j2nEXjzIwop2h3EU/oteb6w9/private/full'/><link
        rel='http://schemas.google.com/spreadsheets/2006#cellsfeed' type='application/atom+xml'
        href='https://spreadsheets.google.com/feeds/cells/1PtMY4QlCFZAXV3usggqwWwvOq16j2nEXjzIwop2h3EU/oteb6w9/private/full'/><link
        rel='http://schemas.google.com/visualization/2008#visualizationApi' type='application/atom+xml'
        href='https://docs.google.com/spreadsheets/d/1PtMY4QlCFZAXV3usggqwWwvOq16j2nEXjzIwop2h3EU/gviz/tq?gid=1777555571'/><link
        rel='http://schemas.google.com/spreadsheets/2006#exportcsv' type='text/csv'
        href='https://docs.google.com/spreadsheets/d/1PtMY4QlCFZAXV3usggqwWwvOq16j2nEXjzIwop2h3EU/export?gid=1777555571&amp;format=csv'/><link
        rel='self' type='application/atom+xml' href='https://spreadsheets.google.com/feeds/worksheets/1PtMY4QlCFZAXV3usggqwWwvOq16j2nEXjzIwop2h3EU/private/full/oteb6w9'/><link
        rel='edit' type='application/atom+xml' href='https://spreadsheets.google.com/feeds/worksheets/1PtMY4QlCFZAXV3usggqwWwvOq16j2nEXjzIwop2h3EU/private/full/oteb6w9'/><gs:colCount>26</gs:colCount><gs:rowCount>1012</gs:rowCount></entry><entry
        gd:etag='&quot;YD8OSghBDCt7Ig..&quot;'><id>https://spreadsheets.google.com/feeds/worksheets/1PtMY4QlCFZAXV3usggqwWwvOq16j2nEXjzIwop2h3EU/od6</id><updated>2016-10-01T03:54:23.564Z</updated><app:edited
        xmlns:app='http://www.w3.org/2007/app'>2016-10-01T03:54:23.564Z</app:edited><category
        scheme='http://schemas.google.com/spreadsheets/2006' term='http://schemas.google.com/spreadsheets/2006#worksheet'/><title>July
        Soundcheck 2</title><content type='application/atom+xml;type=feed' src='https://spreadsheets.google.com/feeds/list/1PtMY4QlCFZAXV3usggqwWwvOq16j2nEXjzIwop2h3EU/od6/private/full'/><link
        rel='http://schemas.google.com/spreadsheets/2006#cellsfeed' type='application/atom+xml'
        href='https://spreadsheets.google.com/feeds/cells/1PtMY4QlCFZAXV3usggqwWwvOq16j2nEXjzIwop2h3EU/od6/private/full'/><link
        rel='http://schemas.google.com/visualization/2008#visualizationApi' type='application/atom+xml'
        href='https://docs.google.com/spreadsheets/d/1PtMY4QlCFZAXV3usggqwWwvOq16j2nEXjzIwop2h3EU/gviz/tq?gid=0'/><link
        rel='http://schemas.google.com/spreadsheets/2006#exportcsv' type='text/csv'
        href='https://docs.google.com/spreadsheets/d/1PtMY4QlCFZAXV3usggqwWwvOq16j2nEXjzIwop2h3EU/export?gid=0&amp;format=csv'/><link
        rel='self' type='application/atom+xml' href='https://spreadsheets.google.com/feeds/worksheets/1PtMY4QlCFZAXV3usggqwWwvOq16j2nEXjzIwop2h3EU/private/full/od6'/><link
        rel='edit' type='application/atom+xml' href='https://spreadsheets.google.com/feeds/worksheets/1PtMY4QlCFZAXV3usggqwWwvOq16j2nEXjzIwop2h3EU/private/full/od6'/><gs:colCount>26</gs:colCount><gs:rowCount>998</gs:rowCount></entry><entry
        gd:etag='&quot;YHsAXldDGit7Ig..&quot;'><id>https://spreadsheets.google.com/feeds/worksheets/1PtMY4QlCFZAXV3usggqwWwvOq16j2nEXjzIwop2h3EU/onblj7c</id><updated>2016-10-01T03:54:23.564Z</updated><app:edited
        xmlns:app='http://www.w3.org/2007/app'>2016-10-01T03:54:23.564Z</app:edited><category
        scheme='http://schemas.google.com/spreadsheets/2006' term='http://schemas.google.com/spreadsheets/2006#worksheet'/><title>July
        Soundcheck</title><content type='application/atom+xml;type=feed' src='https://spreadsheets.google.com/feeds/list/1PtMY4QlCFZAXV3usggqwWwvOq16j2nEXjzIwop2h3EU/onblj7c/private/full'/><link
        rel='http://schemas.google.com/spreadsheets/2006#cellsfeed' type='application/atom+xml'
        href='https://spreadsheets.google.com/feeds/cells/1PtMY4QlCFZAXV3usggqwWwvOq16j2nEXjzIwop2h3EU/onblj7c/private/full'/><link
        rel='http://schemas.google.com/visualization/2008#visualizationApi' type='application/atom+xml'
        href='https://docs.google.com/spreadsheets/d/1PtMY4QlCFZAXV3usggqwWwvOq16j2nEXjzIwop2h3EU/gviz/tq?gid=1410202274'/><link
        rel='http://schemas.google.com/spreadsheets/2006#exportcsv' type='text/csv'
        href='https://docs.google.com/spreadsheets/d/1PtMY4QlCFZAXV3usggqwWwvOq16j2nEXjzIwop2h3EU/export?gid=1410202274&amp;format=csv'/><link
        rel='self' type='application/atom+xml' href='https://spreadsheets.google.com/feeds/worksheets/1PtMY4QlCFZAXV3usggqwWwvOq16j2nEXjzIwop2h3EU/private/full/onblj7c'/><link
        rel='edit' type='application/atom+xml' href='https://spreadsheets.google.com/feeds/worksheets/1PtMY4QlCFZAXV3usggqwWwvOq16j2nEXjzIwop2h3EU/private/full/onblj7c'/><gs:colCount>26</gs:colCount><gs:rowCount>999</gs:rowCount></entry></feed>"
    http_version: 
  recorded_at: Sat, 01 Oct 2016 03:54:24 GMT
- request:
    method: get
    uri: https://spreadsheets.google.com/feeds/cells/1PtMY4QlCFZAXV3usggqwWwvOq16j2nEXjzIwop2h3EU/o5ppxw2/private/full
    body:
      encoding: UTF-8
      string: ''
    headers:
      User-Agent:
      - |-
        unknown/0.0.0 google-api-ruby-client/0.9.11 Mac OS X/10.11.6
         (gzip)
      Accept:
      - "*/*"
      Accept-Encoding:
      - gzip,deflate
      Date:
      - Sat, 01 Oct 2016 03:54:24 GMT
      Authorization:
      - Bearer ya29.CjFvA-cN_8UEZfPEZCWvFqlNHDTYx-lCkRzEjuwasZy2gTBSztbJGFm4iq_XTmuRRjvT
      Gdata-Version:
      - '3.0'
  response:
    status:
      code: 200
      message: OK
    headers:
      Content-Type:
      - application/atom+xml; charset=UTF-8; type=feed
      X-Robots-Tag:
      - noindex, nofollow, nosnippet
      Expires:
      - Sat, 01 Oct 2016 03:54:24 GMT
      Date:
      - Sat, 01 Oct 2016 03:54:24 GMT
      Cache-Control:
      - private, max-age=0, must-revalidate, no-transform
      Vary:
      - Accept, X-GData-Authorization, GData-Version
      Gdata-Version:
      - '3.0'
      Etag:
      - W/"DkcCQns9fCt7ImA9XRFWEkQ."
      Last-Modified:
      - Sat, 01 Oct 2016 03:54:23 GMT
      Content-Encoding:
      - gzip
      P3p:
      - CP="This is not a P3P policy! See https://support.google.com/accounts/answer/151657?hl=en
        for more info."
      - CP="This is not a P3P policy! See https://support.google.com/accounts/answer/151657?hl=en
        for more info."
      X-Content-Type-Options:
      - nosniff
      X-Frame-Options:
      - SAMEORIGIN
      X-Xss-Protection:
      - 1; mode=block
      Server:
      - GSE
      Set-Cookie:
      - NID=87=UZh7PGwBXhVQLUvrKpevBU9gOOSnVyO2U95DFb5B88F8UetwZRHVy3SAu8Q6Uc54wmCh9KQEne2kR6jwZQ14mc0v0zyatuqWuSPx2chDLgI2jEUihszneLHmMBpHcgEh;Domain=.google.com;Path=/;Expires=Sun,
        02-Apr-2017 03:54:24 GMT;HttpOnly
      - NID=87=WSlphmyEHW3C-8Qmt3zR0rGpxvOWey2KJqju7k05IURtlpr_Y64uulXvFWuKtjSAWit2laMVbbbVZ2wQzAmyM4vql9k3gt3BZCODlLwuYnQ-WqsHf6DHEnh6sRbD1uQa;Domain=.google.com;Path=/;Expires=Sun,
        02-Apr-2017 03:54:24 GMT;HttpOnly
      Alt-Svc:
      - quic=":443"; ma=2592000; v="36,35,34,33,32"
      Transfer-Encoding:
      - chunked
    body:
      encoding: UTF-8
      string: "<?xml version='1.0' encoding='UTF-8'?><feed xmlns='http://www.w3.org/2005/Atom'
        xmlns:openSearch='http://a9.com/-/spec/opensearch/1.1/' xmlns:batch='http://schemas.google.com/gdata/batch'
        xmlns:gs='http://schemas.google.com/spreadsheets/2006' xmlns:gd='http://schemas.google.com/g/2005'
        gd:etag='W/&quot;DkcCQns9fCt7ImA9XRFWEkQ.&quot;'><id>https://spreadsheets.google.com/feeds/cells/1PtMY4QlCFZAXV3usggqwWwvOq16j2nEXjzIwop2h3EU/o5ppxw2/private/full</id><updated>2016-10-01T03:54:23.564Z</updated><category
        scheme='http://schemas.google.com/spreadsheets/2006' term='http://schemas.google.com/spreadsheets/2006#cell'/><title>July
        Soundcheck 4</title><link rel='alternate' type='application/atom+xml' href='https://docs.google.com/spreadsheets/d/1PtMY4QlCFZAXV3usggqwWwvOq16j2nEXjzIwop2h3EU/edit'/><link
        rel='http://schemas.google.com/g/2005#feed' type='application/atom+xml' href='https://spreadsheets.google.com/feeds/cells/1PtMY4QlCFZAXV3usggqwWwvOq16j2nEXjzIwop2h3EU/o5ppxw2/private/full'/><link
        rel='http://schemas.google.com/g/2005#post' type='application/atom+xml' href='https://spreadsheets.google.com/feeds/cells/1PtMY4QlCFZAXV3usggqwWwvOq16j2nEXjzIwop2h3EU/o5ppxw2/private/full'/><link
        rel='http://schemas.google.com/g/2005#batch' type='application/atom+xml' href='https://spreadsheets.google.com/feeds/cells/1PtMY4QlCFZAXV3usggqwWwvOq16j2nEXjzIwop2h3EU/o5ppxw2/private/full/batch'/><link
        rel='self' type='application/atom+xml' href='https://spreadsheets.google.com/feeds/cells/1PtMY4QlCFZAXV3usggqwWwvOq16j2nEXjzIwop2h3EU/o5ppxw2/private/full'/><author><name>rsnorman15</name><email>rsnorman15@gmail.com</email></author><openSearch:totalResults>25</openSearch:totalResults><openSearch:startIndex>1</openSearch:startIndex><gs:rowCount>1012</gs:rowCount><gs:colCount>26</gs:colCount><entry
        gd:etag='&quot;YHsCVwJHSit7Ig..&quot;'><id>https://spreadsheets.google.com/feeds/cells/1PtMY4QlCFZAXV3usggqwWwvOq16j2nEXjzIwop2h3EU/o5ppxw2/R1C1</id><updated>2016-10-01T03:54:23.564Z</updated><app:edited
        xmlns:app='http://www.w3.org/2007/app'>2016-10-01T03:54:23.564Z</app:edited><category
        scheme='http://schemas.google.com/spreadsheets/2006' term='http://schemas.google.com/spreadsheets/2006#cell'/><title>A1</title><content>Artist</content><link
        rel='self' type='application/atom+xml' href='https://spreadsheets.google.com/feeds/cells/1PtMY4QlCFZAXV3usggqwWwvOq16j2nEXjzIwop2h3EU/o5ppxw2/private/full/R1C1'/><link
        rel='edit' type='application/atom+xml' href='https://spreadsheets.google.com/feeds/cells/1PtMY4QlCFZAXV3usggqwWwvOq16j2nEXjzIwop2h3EU/o5ppxw2/private/full/R1C1'/><gs:cell
        row='1' col='1' inputValue='Artist'>Artist</gs:cell></entry><entry gd:etag='&quot;ImB-GBUBSit7&quot;'><id>https://spreadsheets.google.com/feeds/cells/1PtMY4QlCFZAXV3usggqwWwvOq16j2nEXjzIwop2h3EU/o5ppxw2/R1C2</id><updated>2016-10-01T03:54:23.564Z</updated><app:edited
        xmlns:app='http://www.w3.org/2007/app'>2016-10-01T03:54:23.564Z</app:edited><category
        scheme='http://schemas.google.com/spreadsheets/2006' term='http://schemas.google.com/spreadsheets/2006#cell'/><title>B1</title><content>Album</content><link
        rel='self' type='application/atom+xml' href='https://spreadsheets.google.com/feeds/cells/1PtMY4QlCFZAXV3usggqwWwvOq16j2nEXjzIwop2h3EU/o5ppxw2/private/full/R1C2'/><link
        rel='edit' type='application/atom+xml' href='https://spreadsheets.google.com/feeds/cells/1PtMY4QlCFZAXV3usggqwWwvOq16j2nEXjzIwop2h3EU/o5ppxw2/private/full/R1C2'/><gs:cell
        row='1' col='2' inputValue='Album'>Album</gs:cell></entry><entry gd:etag='&quot;YD0GUAZYCyt7Ig..&quot;'><id>https://spreadsheets.google.com/feeds/cells/1PtMY4QlCFZAXV3usggqwWwvOq16j2nEXjzIwop2h3EU/o5ppxw2/R1C3</id><updated>2016-10-01T03:54:23.564Z</updated><app:edited
        xmlns:app='http://www.w3.org/2007/app'>2016-10-01T03:54:23.564Z</app:edited><category
        scheme='http://schemas.google.com/spreadsheets/2006' term='http://schemas.google.com/spreadsheets/2006#cell'/><title>C1</title><content>Genre</content><link
        rel='self' type='application/atom+xml' href='https://spreadsheets.google.com/feeds/cells/1PtMY4QlCFZAXV3usggqwWwvOq16j2nEXjzIwop2h3EU/o5ppxw2/private/full/R1C3'/><link
        rel='edit' type='application/atom+xml' href='https://spreadsheets.google.com/feeds/cells/1PtMY4QlCFZAXV3usggqwWwvOq16j2nEXjzIwop2h3EU/o5ppxw2/private/full/R1C3'/><gs:cell
        row='1' col='3' inputValue='Genre'>Genre</gs:cell></entry><entry gd:etag='&quot;YDgZQ1BXHyt7Ig..&quot;'><id>https://spreadsheets.google.com/feeds/cells/1PtMY4QlCFZAXV3usggqwWwvOq16j2nEXjzIwop2h3EU/o5ppxw2/R1C4</id><updated>2016-10-01T03:54:23.564Z</updated><app:edited
        xmlns:app='http://www.w3.org/2007/app'>2016-10-01T03:54:23.564Z</app:edited><category
        scheme='http://schemas.google.com/spreadsheets/2006' term='http://schemas.google.com/spreadsheets/2006#cell'/><title>D1</title><content>Source</content><link
        rel='self' type='application/atom+xml' href='https://spreadsheets.google.com/feeds/cells/1PtMY4QlCFZAXV3usggqwWwvOq16j2nEXjzIwop2h3EU/o5ppxw2/private/full/R1C4'/><link
        rel='edit' type='application/atom+xml' href='https://spreadsheets.google.com/feeds/cells/1PtMY4QlCFZAXV3usggqwWwvOq16j2nEXjzIwop2h3EU/o5ppxw2/private/full/R1C4'/><gs:cell
        row='1' col='4' inputValue='Source'>Source</gs:cell></entry><entry gd:etag='&quot;YGMZUAAUEyt7Ig..&quot;'><id>https://spreadsheets.google.com/feeds/cells/1PtMY4QlCFZAXV3usggqwWwvOq16j2nEXjzIwop2h3EU/o5ppxw2/R1C5</id><updated>2016-10-01T03:54:23.564Z</updated><app:edited
        xmlns:app='http://www.w3.org/2007/app'>2016-10-01T03:54:23.564Z</app:edited><category
        scheme='http://schemas.google.com/spreadsheets/2006' term='http://schemas.google.com/spreadsheets/2006#cell'/><title>E1</title><content>Tweet
        Review</content><link rel='self' type='application/atom+xml' href='https://spreadsheets.google.com/feeds/cells/1PtMY4QlCFZAXV3usggqwWwvOq16j2nEXjzIwop2h3EU/o5ppxw2/private/full/R1C5'/><link
        rel='edit' type='application/atom+xml' href='https://spreadsheets.google.com/feeds/cells/1PtMY4QlCFZAXV3usggqwWwvOq16j2nEXjzIwop2h3EU/o5ppxw2/private/full/R1C5'/><gs:cell
        row='1' col='5' inputValue='Tweet Review'>Tweet Review</gs:cell></entry><entry
        gd:etag='&quot;YHoPTQhZCSt7Ig..&quot;'><id>https://spreadsheets.google.com/feeds/cells/1PtMY4QlCFZAXV3usggqwWwvOq16j2nEXjzIwop2h3EU/o5ppxw2/R1C6</id><updated>2016-10-01T03:54:23.564Z</updated><app:edited
        xmlns:app='http://www.w3.org/2007/app'>2016-10-01T03:54:23.564Z</app:edited><category
        scheme='http://schemas.google.com/spreadsheets/2006' term='http://schemas.google.com/spreadsheets/2006#cell'/><title>F1</title><content>Reviewer</content><link
        rel='self' type='application/atom+xml' href='https://spreadsheets.google.com/feeds/cells/1PtMY4QlCFZAXV3usggqwWwvOq16j2nEXjzIwop2h3EU/o5ppxw2/private/full/R1C6'/><link
        rel='edit' type='application/atom+xml' href='https://spreadsheets.google.com/feeds/cells/1PtMY4QlCFZAXV3usggqwWwvOq16j2nEXjzIwop2h3EU/o5ppxw2/private/full/R1C6'/><gs:cell
        row='1' col='6' inputValue='Reviewer'>Reviewer</gs:cell></entry><entry gd:etag='&quot;YDsRH1pOCSt7Ig..&quot;'><id>https://spreadsheets.google.com/feeds/cells/1PtMY4QlCFZAXV3usggqwWwvOq16j2nEXjzIwop2h3EU/o5ppxw2/R1C7</id><updated>2016-10-01T03:54:23.564Z</updated><app:edited
        xmlns:app='http://www.w3.org/2007/app'>2016-10-01T03:54:23.564Z</app:edited><category
        scheme='http://schemas.google.com/spreadsheets/2006' term='http://schemas.google.com/spreadsheets/2006#cell'/><title>G1</title><content>Date
        Reviewed</content><link rel='self' type='application/atom+xml' href='https://spreadsheets.google.com/feeds/cells/1PtMY4QlCFZAXV3usggqwWwvOq16j2nEXjzIwop2h3EU/o5ppxw2/private/full/R1C7'/><link
        rel='edit' type='application/atom+xml' href='https://spreadsheets.google.com/feeds/cells/1PtMY4QlCFZAXV3usggqwWwvOq16j2nEXjzIwop2h3EU/o5ppxw2/private/full/R1C7'/><gs:cell
        row='1' col='7' inputValue='Date Reviewed'>Date Reviewed</gs:cell></entry><entry
        gd:etag='&quot;ImA9Hx4HFCt7&quot;'><id>https://spreadsheets.google.com/feeds/cells/1PtMY4QlCFZAXV3usggqwWwvOq16j2nEXjzIwop2h3EU/o5ppxw2/R1C8</id><updated>2016-10-01T03:54:23.564Z</updated><app:edited
        xmlns:app='http://www.w3.org/2007/app'>2016-10-01T03:54:23.564Z</app:edited><category
        scheme='http://schemas.google.com/spreadsheets/2006' term='http://schemas.google.com/spreadsheets/2006#cell'/><title>H1</title><content>Rating
        (0-3)</content><link rel='self' type='application/atom+xml' href='https://spreadsheets.google.com/feeds/cells/1PtMY4QlCFZAXV3usggqwWwvOq16j2nEXjzIwop2h3EU/o5ppxw2/private/full/R1C8'/><link
        rel='edit' type='application/atom+xml' href='https://spreadsheets.google.com/feeds/cells/1PtMY4QlCFZAXV3usggqwWwvOq16j2nEXjzIwop2h3EU/o5ppxw2/private/full/R1C8'/><gs:cell
        row='1' col='8' inputValue='Rating (0-3)'>Rating (0-3)</gs:cell></entry><entry
        gd:etag='&quot;YD5QFRtVCyt7Ig..&quot;'><id>https://spreadsheets.google.com/feeds/cells/1PtMY4QlCFZAXV3usggqwWwvOq16j2nEXjzIwop2h3EU/o5ppxw2/R1C9</id><updated>2016-10-01T03:54:23.564Z</updated><app:edited
        xmlns:app='http://www.w3.org/2007/app'>2016-10-01T03:54:23.564Z</app:edited><category
        scheme='http://schemas.google.com/spreadsheets/2006' term='http://schemas.google.com/spreadsheets/2006#cell'/><title>I1</title><content>AOTM</content><link
        rel='self' type='application/atom+xml' href='https://spreadsheets.google.com/feeds/cells/1PtMY4QlCFZAXV3usggqwWwvOq16j2nEXjzIwop2h3EU/o5ppxw2/private/full/R1C9'/><link
        rel='edit' type='application/atom+xml' href='https://spreadsheets.google.com/feeds/cells/1PtMY4QlCFZAXV3usggqwWwvOq16j2nEXjzIwop2h3EU/o5ppxw2/private/full/R1C9'/><gs:cell
        row='1' col='9' inputValue='AOTM'>AOTM</gs:cell></entry><entry gd:etag='&quot;YD8RQlQVDit7Ig..&quot;'><id>https://spreadsheets.google.com/feeds/cells/1PtMY4QlCFZAXV3usggqwWwvOq16j2nEXjzIwop2h3EU/o5ppxw2/R1C10</id><updated>2016-10-01T03:54:23.564Z</updated><app:edited
        xmlns:app='http://www.w3.org/2007/app'>2016-10-01T03:54:23.564Z</app:edited><category
        scheme='http://schemas.google.com/spreadsheets/2006' term='http://schemas.google.com/spreadsheets/2006#cell'/><title>J1</title><content>Recommended
        to</content><link rel='self' type='application/atom+xml' href='https://spreadsheets.google.com/feeds/cells/1PtMY4QlCFZAXV3usggqwWwvOq16j2nEXjzIwop2h3EU/o5ppxw2/private/full/R1C10'/><link
        rel='edit' type='application/atom+xml' href='https://spreadsheets.google.com/feeds/cells/1PtMY4QlCFZAXV3usggqwWwvOq16j2nEXjzIwop2h3EU/o5ppxw2/private/full/R1C10'/><gs:cell
        row='1' col='10' inputValue='Recommended to'>Recommended to</gs:cell></entry><entry
        gd:etag='&quot;YDoTSVpBCyt7Ig..&quot;'><id>https://spreadsheets.google.com/feeds/cells/1PtMY4QlCFZAXV3usggqwWwvOq16j2nEXjzIwop2h3EU/o5ppxw2/R2C1</id><updated>2016-10-01T03:54:23.564Z</updated><app:edited
        xmlns:app='http://www.w3.org/2007/app'>2016-10-01T03:54:23.564Z</app:edited><category
        scheme='http://schemas.google.com/spreadsheets/2006' term='http://schemas.google.com/spreadsheets/2006#cell'/><title>A2</title><content>WU
        LYF</content><link rel='self' type='application/atom+xml' href='https://spreadsheets.google.com/feeds/cells/1PtMY4QlCFZAXV3usggqwWwvOq16j2nEXjzIwop2h3EU/o5ppxw2/private/full/R2C1'/><link
        rel='edit' type='application/atom+xml' href='https://spreadsheets.google.com/feeds/cells/1PtMY4QlCFZAXV3usggqwWwvOq16j2nEXjzIwop2h3EU/o5ppxw2/private/full/R2C1'/><gs:cell
        row='2' col='1' inputValue='WU LYF'>WU LYF</gs:cell></entry><entry gd:etag='&quot;YGgGTFtDCCt7Ig..&quot;'><id>https://spreadsheets.google.com/feeds/cells/1PtMY4QlCFZAXV3usggqwWwvOq16j2nEXjzIwop2h3EU/o5ppxw2/R2C2</id><updated>2016-10-01T03:54:23.564Z</updated><app:edited
        xmlns:app='http://www.w3.org/2007/app'>2016-10-01T03:54:23.564Z</app:edited><category
        scheme='http://schemas.google.com/spreadsheets/2006' term='http://schemas.google.com/spreadsheets/2006#cell'/><title>B2</title><content>Go
        Tell Fire To The Mountain</content><link rel='self' type='application/atom+xml'
        href='https://spreadsheets.google.com/feeds/cells/1PtMY4QlCFZAXV3usggqwWwvOq16j2nEXjzIwop2h3EU/o5ppxw2/private/full/R2C2'/><link
        rel='edit' type='application/atom+xml' href='https://spreadsheets.google.com/feeds/cells/1PtMY4QlCFZAXV3usggqwWwvOq16j2nEXjzIwop2h3EU/o5ppxw2/private/full/R2C2'/><gs:cell
        row='2' col='2' inputValue='Go Tell Fire To The Mountain'>Go Tell Fire To
        The Mountain</gs:cell></entry><entry gd:etag='&quot;YD4LUVVESSt7Ig..&quot;'><id>https://spreadsheets.google.com/feeds/cells/1PtMY4QlCFZAXV3usggqwWwvOq16j2nEXjzIwop2h3EU/o5ppxw2/R2C3</id><updated>2016-10-01T03:54:23.564Z</updated><app:edited
        xmlns:app='http://www.w3.org/2007/app'>2016-10-01T03:54:23.564Z</app:edited><category
        scheme='http://schemas.google.com/spreadsheets/2006' term='http://schemas.google.com/spreadsheets/2006#cell'/><title>C2</title><content>Heavy
        Pop</content><link rel='self' type='application/atom+xml' href='https://spreadsheets.google.com/feeds/cells/1PtMY4QlCFZAXV3usggqwWwvOq16j2nEXjzIwop2h3EU/o5ppxw2/private/full/R2C3'/><link
        rel='edit' type='application/atom+xml' href='https://spreadsheets.google.com/feeds/cells/1PtMY4QlCFZAXV3usggqwWwvOq16j2nEXjzIwop2h3EU/o5ppxw2/private/full/R2C3'/><gs:cell
        row='2' col='3' inputValue='Heavy Pop'>Heavy Pop</gs:cell></entry><entry gd:etag='&quot;YDgKVwFDSCt7Ig..&quot;'><id>https://spreadsheets.google.com/feeds/cells/1PtMY4QlCFZAXV3usggqwWwvOq16j2nEXjzIwop2h3EU/o5ppxw2/R2C4</id><updated>2016-10-01T03:54:23.564Z</updated><app:edited
        xmlns:app='http://www.w3.org/2007/app'>2016-10-01T03:54:23.564Z</app:edited><category
        scheme='http://schemas.google.com/spreadsheets/2006' term='http://schemas.google.com/spreadsheets/2006#cell'/><title>D2</title><content>Spotify</content><link
        rel='self' type='application/atom+xml' href='https://spreadsheets.google.com/feeds/cells/1PtMY4QlCFZAXV3usggqwWwvOq16j2nEXjzIwop2h3EU/o5ppxw2/private/full/R2C4'/><link
        rel='edit' type='application/atom+xml' href='https://spreadsheets.google.com/feeds/cells/1PtMY4QlCFZAXV3usggqwWwvOq16j2nEXjzIwop2h3EU/o5ppxw2/private/full/R2C4'/><gs:cell
        row='2' col='4' inputValue='=HYPERLINK(&quot;https://play.spotify.com/album/3YUCk9Q1vjWsZsTur93sQP&quot;,&quot;Spotify&quot;)'>Spotify</gs:cell></entry><entry
        gd:etag='&quot;YDlYTRlDSit7Ig..&quot;'><id>https://spreadsheets.google.com/feeds/cells/1PtMY4QlCFZAXV3usggqwWwvOq16j2nEXjzIwop2h3EU/o5ppxw2/R2C5</id><updated>2016-10-01T03:54:23.564Z</updated><app:edited
        xmlns:app='http://www.w3.org/2007/app'>2016-10-01T03:54:23.564Z</app:edited><category
        scheme='http://schemas.google.com/spreadsheets/2006' term='http://schemas.google.com/spreadsheets/2006#cell'/><title>E2</title><content>These
        mysterious Mancunians craft a debut of exhilarating expanse and passion that
        sounds like indie rock and yet feels way bigger. 3+ #JulySoundcheck</content><link
        rel='self' type='application/atom+xml' href='https://spreadsheets.google.com/feeds/cells/1PtMY4QlCFZAXV3usggqwWwvOq16j2nEXjzIwop2h3EU/o5ppxw2/private/full/R2C5'/><link
        rel='edit' type='application/atom+xml' href='https://spreadsheets.google.com/feeds/cells/1PtMY4QlCFZAXV3usggqwWwvOq16j2nEXjzIwop2h3EU/o5ppxw2/private/full/R2C5'/><gs:cell
        row='2' col='5' inputValue='=HYPERLINK(&quot;https://www.twitter.com/JulySoundcheck/status/781681048220536832&quot;,
        &quot;These mysterious Mancunians craft a debut of exhilarating expanse and
        passion that sounds like indie rock and yet feels way bigger. 3+ #JulySoundcheck&quot;)'>These
        mysterious Mancunians craft a debut of exhilarating expanse and passion that
        sounds like indie rock and yet feels way bigger. 3+ #JulySoundcheck</gs:cell></entry><entry
        gd:etag='&quot;YD8GShYYHit7Ig..&quot;'><id>https://spreadsheets.google.com/feeds/cells/1PtMY4QlCFZAXV3usggqwWwvOq16j2nEXjzIwop2h3EU/o5ppxw2/R2C6</id><updated>2016-10-01T03:54:23.564Z</updated><app:edited
        xmlns:app='http://www.w3.org/2007/app'>2016-10-01T03:54:23.564Z</app:edited><category
        scheme='http://schemas.google.com/spreadsheets/2006' term='http://schemas.google.com/spreadsheets/2006#cell'/><title>F2</title><content>Ryan
        Norman 12</content><link rel='self' type='application/atom+xml' href='https://spreadsheets.google.com/feeds/cells/1PtMY4QlCFZAXV3usggqwWwvOq16j2nEXjzIwop2h3EU/o5ppxw2/private/full/R2C6'/><link
        rel='edit' type='application/atom+xml' href='https://spreadsheets.google.com/feeds/cells/1PtMY4QlCFZAXV3usggqwWwvOq16j2nEXjzIwop2h3EU/o5ppxw2/private/full/R2C6'/><gs:cell
        row='2' col='6' inputValue='Ryan Norman 12'>Ryan Norman 12</gs:cell></entry><entry
        gd:etag='&quot;YHoHFAgVHyt7Ig..&quot;'><id>https://spreadsheets.google.com/feeds/cells/1PtMY4QlCFZAXV3usggqwWwvOq16j2nEXjzIwop2h3EU/o5ppxw2/R2C7</id><updated>2016-10-01T03:54:23.564Z</updated><app:edited
        xmlns:app='http://www.w3.org/2007/app'>2016-10-01T03:54:23.564Z</app:edited><category
        scheme='http://schemas.google.com/spreadsheets/2006' term='http://schemas.google.com/spreadsheets/2006#cell'/><title>G2</title><content>9/30/2016</content><link
        rel='self' type='application/atom+xml' href='https://spreadsheets.google.com/feeds/cells/1PtMY4QlCFZAXV3usggqwWwvOq16j2nEXjzIwop2h3EU/o5ppxw2/private/full/R2C7'/><link
        rel='edit' type='application/atom+xml' href='https://spreadsheets.google.com/feeds/cells/1PtMY4QlCFZAXV3usggqwWwvOq16j2nEXjzIwop2h3EU/o5ppxw2/private/full/R2C7'/><gs:cell
        row='2' col='7' inputValue='9/30/2016' numericValue='42643.0'>9/30/2016</gs:cell></entry><entry
        gd:etag='&quot;YDhZUVVJGit7Ig..&quot;'><id>https://spreadsheets.google.com/feeds/cells/1PtMY4QlCFZAXV3usggqwWwvOq16j2nEXjzIwop2h3EU/o5ppxw2/R3C1</id><updated>2016-10-01T03:54:23.564Z</updated><app:edited
        xmlns:app='http://www.w3.org/2007/app'>2016-10-01T03:54:23.564Z</app:edited><category
        scheme='http://schemas.google.com/spreadsheets/2006' term='http://schemas.google.com/spreadsheets/2006#cell'/><title>A3</title><content>Pixies</content><link
        rel='self' type='application/atom+xml' href='https://spreadsheets.google.com/feeds/cells/1PtMY4QlCFZAXV3usggqwWwvOq16j2nEXjzIwop2h3EU/o5ppxw2/private/full/R3C1'/><link
        rel='edit' type='application/atom+xml' href='https://spreadsheets.google.com/feeds/cells/1PtMY4QlCFZAXV3usggqwWwvOq16j2nEXjzIwop2h3EU/o5ppxw2/private/full/R3C1'/><gs:cell
        row='3' col='1' inputValue='Pixies'>Pixies</gs:cell></entry><entry gd:etag='&quot;YDsbFhpFTyt7Ig..&quot;'><id>https://spreadsheets.google.com/feeds/cells/1PtMY4QlCFZAXV3usggqwWwvOq16j2nEXjzIwop2h3EU/o5ppxw2/R3C2</id><updated>2016-10-01T03:54:23.564Z</updated><app:edited
        xmlns:app='http://www.w3.org/2007/app'>2016-10-01T03:54:23.564Z</app:edited><category
        scheme='http://schemas.google.com/spreadsheets/2006' term='http://schemas.google.com/spreadsheets/2006#cell'/><title>B3</title><content>Doolittle</content><link
        rel='self' type='application/atom+xml' href='https://spreadsheets.google.com/feeds/cells/1PtMY4QlCFZAXV3usggqwWwvOq16j2nEXjzIwop2h3EU/o5ppxw2/private/full/R3C2'/><link
        rel='edit' type='application/atom+xml' href='https://spreadsheets.google.com/feeds/cells/1PtMY4QlCFZAXV3usggqwWwvOq16j2nEXjzIwop2h3EU/o5ppxw2/private/full/R3C2'/><gs:cell
        row='3' col='2' inputValue='Doolittle'>Doolittle</gs:cell></entry><entry gd:etag='&quot;YGIbVVsXFSt7Ig..&quot;'><id>https://spreadsheets.google.com/feeds/cells/1PtMY4QlCFZAXV3usggqwWwvOq16j2nEXjzIwop2h3EU/o5ppxw2/R3C3</id><updated>2016-10-01T03:54:23.564Z</updated><app:edited
        xmlns:app='http://www.w3.org/2007/app'>2016-10-01T03:54:23.564Z</app:edited><category
        scheme='http://schemas.google.com/spreadsheets/2006' term='http://schemas.google.com/spreadsheets/2006#cell'/><title>C3</title><content>Alternative</content><link
        rel='self' type='application/atom+xml' href='https://spreadsheets.google.com/feeds/cells/1PtMY4QlCFZAXV3usggqwWwvOq16j2nEXjzIwop2h3EU/o5ppxw2/private/full/R3C3'/><link
        rel='edit' type='application/atom+xml' href='https://spreadsheets.google.com/feeds/cells/1PtMY4QlCFZAXV3usggqwWwvOq16j2nEXjzIwop2h3EU/o5ppxw2/private/full/R3C3'/><gs:cell
        row='3' col='3' inputValue='Alternative'>Alternative</gs:cell></entry><entry
        gd:etag='&quot;ImBqWFQGRyt7&quot;'><id>https://spreadsheets.google.com/feeds/cells/1PtMY4QlCFZAXV3usggqwWwvOq16j2nEXjzIwop2h3EU/o5ppxw2/R3C4</id><updated>2016-10-01T03:54:23.564Z</updated><app:edited
        xmlns:app='http://www.w3.org/2007/app'>2016-10-01T03:54:23.564Z</app:edited><category
        scheme='http://schemas.google.com/spreadsheets/2006' term='http://schemas.google.com/spreadsheets/2006#cell'/><title>D3</title><content>Spotify</content><link
        rel='self' type='application/atom+xml' href='https://spreadsheets.google.com/feeds/cells/1PtMY4QlCFZAXV3usggqwWwvOq16j2nEXjzIwop2h3EU/o5ppxw2/private/full/R3C4'/><link
        rel='edit' type='application/atom+xml' href='https://spreadsheets.google.com/feeds/cells/1PtMY4QlCFZAXV3usggqwWwvOq16j2nEXjzIwop2h3EU/o5ppxw2/private/full/R3C4'/><gs:cell
        row='3' col='4' inputValue='=HYPERLINK(&quot;https://play.spotify.com/album/6ymZBbRSmzAvoSGmwAFoxm&quot;,&quot;Spotify&quot;)'>Spotify</gs:cell></entry><entry
        gd:etag='&quot;YGkZEwUUGyt7Ig..&quot;'><id>https://spreadsheets.google.com/feeds/cells/1PtMY4QlCFZAXV3usggqwWwvOq16j2nEXjzIwop2h3EU/o5ppxw2/R3C5</id><updated>2016-10-01T03:54:23.564Z</updated><app:edited
        xmlns:app='http://www.w3.org/2007/app'>2016-10-01T03:54:23.564Z</app:edited><category
        scheme='http://schemas.google.com/spreadsheets/2006' term='http://schemas.google.com/spreadsheets/2006#cell'/><title>E3</title><content>If
        I had any Euro-trash friends, I’d play ZHU’s “Generationwhy” for them… fortunately
        I don’t know anyone from Europe. #JulySoundcheck</content><link rel='self'
        type='application/atom+xml' href='https://spreadsheets.google.com/feeds/cells/1PtMY4QlCFZAXV3usggqwWwvOq16j2nEXjzIwop2h3EU/o5ppxw2/private/full/R3C5'/><link
        rel='edit' type='application/atom+xml' href='https://spreadsheets.google.com/feeds/cells/1PtMY4QlCFZAXV3usggqwWwvOq16j2nEXjzIwop2h3EU/o5ppxw2/private/full/R3C5'/><gs:cell
        row='3' col='5' inputValue='=HYPERLINK(&quot;https://www.twitter.com/JulySoundcheck/status/987654321&quot;,
        &quot;If I had any Euro-trash friends, I’d play ZHU’s “Generationwhy” for
        them… fortunately I don’t know anyone from Europe. #JulySoundcheck&quot;)'>If
        I had any Euro-trash friends, I’d play ZHU’s “Generationwhy” for them… fortunately
        I don’t know anyone from Europe. #JulySoundcheck</gs:cell></entry><entry gd:etag='&quot;YD8GTQVOBSt7Ig..&quot;'><id>https://spreadsheets.google.com/feeds/cells/1PtMY4QlCFZAXV3usggqwWwvOq16j2nEXjzIwop2h3EU/o5ppxw2/R3C6</id><updated>2016-10-01T03:54:23.564Z</updated><app:edited
        xmlns:app='http://www.w3.org/2007/app'>2016-10-01T03:54:23.564Z</app:edited><category
        scheme='http://schemas.google.com/spreadsheets/2006' term='http://schemas.google.com/spreadsheets/2006#cell'/><title>F3</title><content>Ryan
        Norman 13</content><link rel='self' type='application/atom+xml' href='https://spreadsheets.google.com/feeds/cells/1PtMY4QlCFZAXV3usggqwWwvOq16j2nEXjzIwop2h3EU/o5ppxw2/private/full/R3C6'/><link
        rel='edit' type='application/atom+xml' href='https://spreadsheets.google.com/feeds/cells/1PtMY4QlCFZAXV3usggqwWwvOq16j2nEXjzIwop2h3EU/o5ppxw2/private/full/R3C6'/><gs:cell
        row='3' col='6' inputValue='Ryan Norman 13'>Ryan Norman 13</gs:cell></entry><entry
        gd:etag='&quot;YHoHFRpQDyt7Ig..&quot;'><id>https://spreadsheets.google.com/feeds/cells/1PtMY4QlCFZAXV3usggqwWwvOq16j2nEXjzIwop2h3EU/o5ppxw2/R3C7</id><updated>2016-10-01T03:54:23.564Z</updated><app:edited
        xmlns:app='http://www.w3.org/2007/app'>2016-10-01T03:54:23.564Z</app:edited><category
        scheme='http://schemas.google.com/spreadsheets/2006' term='http://schemas.google.com/spreadsheets/2006#cell'/><title>G3</title><content>9/30/2016</content><link
        rel='self' type='application/atom+xml' href='https://spreadsheets.google.com/feeds/cells/1PtMY4QlCFZAXV3usggqwWwvOq16j2nEXjzIwop2h3EU/o5ppxw2/private/full/R3C7'/><link
        rel='edit' type='application/atom+xml' href='https://spreadsheets.google.com/feeds/cells/1PtMY4QlCFZAXV3usggqwWwvOq16j2nEXjzIwop2h3EU/o5ppxw2/private/full/R3C7'/><gs:cell
        row='3' col='7' inputValue='9/30/2016' numericValue='42643.0'>9/30/2016</gs:cell></entry><entry
        gd:etag='&quot;YD0RXBpVDCt7Ig..&quot;'><id>https://spreadsheets.google.com/feeds/cells/1PtMY4QlCFZAXV3usggqwWwvOq16j2nEXjzIwop2h3EU/o5ppxw2/R3C8</id><updated>2016-10-01T03:54:23.564Z</updated><app:edited
        xmlns:app='http://www.w3.org/2007/app'>2016-10-01T03:54:23.564Z</app:edited><category
        scheme='http://schemas.google.com/spreadsheets/2006' term='http://schemas.google.com/spreadsheets/2006#cell'/><title>H3</title><content>2</content><link
        rel='self' type='application/atom+xml' href='https://spreadsheets.google.com/feeds/cells/1PtMY4QlCFZAXV3usggqwWwvOq16j2nEXjzIwop2h3EU/o5ppxw2/private/full/R3C8'/><link
        rel='edit' type='application/atom+xml' href='https://spreadsheets.google.com/feeds/cells/1PtMY4QlCFZAXV3usggqwWwvOq16j2nEXjzIwop2h3EU/o5ppxw2/private/full/R3C8'/><gs:cell
        row='3' col='8' inputValue='2' numericValue='2.0'>2</gs:cell></entry></feed>"
    http_version: 
  recorded_at: Sat, 01 Oct 2016 03:54:24 GMT
recorded_with: VCR 3.0.3
